Archive member included to satisfy reference by file (symbol)

d:/gcc-arm-none-eabi-10.3-2021.10-win32/gcc-arm-none-eabi-10.3-2021.10/bin/../lib/gcc/arm-none-eabi/10.3.1/thumb/v7e-m+fp/hard\libgcc.a(_aeabi_uldivmod.o)
                              CMakeFiles/RC2025.elf.dir/Drivers/STM32F4xx_HAL_Driver/Src/stm32f4xx_hal_rcc.c.obj (__aeabi_uldivmod)
d:/gcc-arm-none-eabi-10.3-2021.10-win32/gcc-arm-none-eabi-10.3-2021.10/bin/../lib/gcc/arm-none-eabi/10.3.1/thumb/v7e-m+fp/hard\libgcc.a(_udivmoddi4.o)
                              d:/gcc-arm-none-eabi-10.3-2021.10-win32/gcc-arm-none-eabi-10.3-2021.10/bin/../lib/gcc/arm-none-eabi/10.3.1/thumb/v7e-m+fp/hard\libgcc.a(_aeabi_uldivmod.o) (__udivmoddi4)
d:/gcc-arm-none-eabi-10.3-2021.10-win32/gcc-arm-none-eabi-10.3-2021.10/bin/../lib/gcc/arm-none-eabi/10.3.1/thumb/v7e-m+fp/hard\libgcc.a(_dvmd_tls.o)
                              d:/gcc-arm-none-eabi-10.3-2021.10-win32/gcc-arm-none-eabi-10.3-2021.10/bin/../lib/gcc/arm-none-eabi/10.3.1/thumb/v7e-m+fp/hard\libgcc.a(_aeabi_uldivmod.o) (__aeabi_ldiv0)
d:/gcc-arm-none-eabi-10.3-2021.10-win32/gcc-arm-none-eabi-10.3-2021.10/bin/../lib/gcc/arm-none-eabi/10.3.1/../../../../arm-none-eabi/lib/thumb/v7e-m+fp/hard\libg.a(lib_a-errno.o)
                              CMakeFiles/RC2025.elf.dir/Core/Src/syscalls.c.obj (__errno)
d:/gcc-arm-none-eabi-10.3-2021.10-win32/gcc-arm-none-eabi-10.3-2021.10/bin/../lib/gcc/arm-none-eabi/10.3.1/../../../../arm-none-eabi/lib/thumb/v7e-m+fp/hard\libg.a(lib_a-exit.o)
                              d:/gcc-arm-none-eabi-10.3-2021.10-win32/gcc-arm-none-eabi-10.3-2021.10/bin/../lib/gcc/arm-none-eabi/10.3.1/../../../../arm-none-eabi/lib/thumb/v7e-m+fp/hard/crt0.o (exit)
d:/gcc-arm-none-eabi-10.3-2021.10-win32/gcc-arm-none-eabi-10.3-2021.10/bin/../lib/gcc/arm-none-eabi/10.3.1/../../../../arm-none-eabi/lib/thumb/v7e-m+fp/hard\libg.a(lib_a-impure.o)
                              d:/gcc-arm-none-eabi-10.3-2021.10-win32/gcc-arm-none-eabi-10.3-2021.10/bin/../lib/gcc/arm-none-eabi/10.3.1/../../../../arm-none-eabi/lib/thumb/v7e-m+fp/hard\libg.a(lib_a-exit.o) (_global_impure_ptr)
d:/gcc-arm-none-eabi-10.3-2021.10-win32/gcc-arm-none-eabi-10.3-2021.10/bin/../lib/gcc/arm-none-eabi/10.3.1/../../../../arm-none-eabi/lib/thumb/v7e-m+fp/hard\libg.a(lib_a-init.o)
                              d:/gcc-arm-none-eabi-10.3-2021.10-win32/gcc-arm-none-eabi-10.3-2021.10/bin/../lib/gcc/arm-none-eabi/10.3.1/../../../../arm-none-eabi/lib/thumb/v7e-m+fp/hard/crt0.o (__libc_init_array)
d:/gcc-arm-none-eabi-10.3-2021.10-win32/gcc-arm-none-eabi-10.3-2021.10/bin/../lib/gcc/arm-none-eabi/10.3.1/../../../../arm-none-eabi/lib/thumb/v7e-m+fp/hard\libg.a(lib_a-memcpy.o)
                              CMakeFiles/RC2025.elf.dir/Middlewares/Third_Party/FreeRTOS/Source/CMSIS_RTOS_V2/cmsis_os2.c.obj (memcpy)
d:/gcc-arm-none-eabi-10.3-2021.10-win32/gcc-arm-none-eabi-10.3-2021.10/bin/../lib/gcc/arm-none-eabi/10.3.1/../../../../arm-none-eabi/lib/thumb/v7e-m+fp/hard\libg.a(lib_a-memset.o)
                              d:/gcc-arm-none-eabi-10.3-2021.10-win32/gcc-arm-none-eabi-10.3-2021.10/bin/../lib/gcc/arm-none-eabi/10.3.1/../../../../arm-none-eabi/lib/thumb/v7e-m+fp/hard/crt0.o (memset)
d:/gcc-arm-none-eabi-10.3-2021.10-win32/gcc-arm-none-eabi-10.3-2021.10/bin/../lib/gcc/arm-none-eabi/10.3.1/../../../../arm-none-eabi/lib/thumb/v7e-m+fp/hard\libg.a(lib_a-strtod.o)
                              CMakeFiles/RC2025.elf.dir/User/debug.c.obj (strtof)
d:/gcc-arm-none-eabi-10.3-2021.10-win32/gcc-arm-none-eabi-10.3-2021.10/bin/../lib/gcc/arm-none-eabi/10.3.1/../../../../arm-none-eabi/lib/thumb/v7e-m+fp/hard\libg.a(lib_a-vsnprintf.o)
                              CMakeFiles/RC2025.elf.dir/User/debug.c.obj (vsnprintf)
d:/gcc-arm-none-eabi-10.3-2021.10-win32/gcc-arm-none-eabi-10.3-2021.10/bin/../lib/gcc/arm-none-eabi/10.3.1/../../../../arm-none-eabi/lib/thumb/v7e-m+fp/hard\libg.a(lib_a-__call_atexit.o)
                              d:/gcc-arm-none-eabi-10.3-2021.10-win32/gcc-arm-none-eabi-10.3-2021.10/bin/../lib/gcc/arm-none-eabi/10.3.1/../../../../arm-none-eabi/lib/thumb/v7e-m+fp/hard\libg.a(lib_a-exit.o) (__call_exitprocs)
d:/gcc-arm-none-eabi-10.3-2021.10-win32/gcc-arm-none-eabi-10.3-2021.10/bin/../lib/gcc/arm-none-eabi/10.3.1/../../../../arm-none-eabi/lib/thumb/v7e-m+fp/hard\libg.a(lib_a-atexit.o)
                              d:/gcc-arm-none-eabi-10.3-2021.10-win32/gcc-arm-none-eabi-10.3-2021.10/bin/../lib/gcc/arm-none-eabi/10.3.1/../../../../arm-none-eabi/lib/thumb/v7e-m+fp/hard\libg.a(lib_a-__call_atexit.o) (atexit)
d:/gcc-arm-none-eabi-10.3-2021.10-win32/gcc-arm-none-eabi-10.3-2021.10/bin/../lib/gcc/arm-none-eabi/10.3.1/../../../../arm-none-eabi/lib/thumb/v7e-m+fp/hard\libg.a(lib_a-fini.o)
                              d:/gcc-arm-none-eabi-10.3-2021.10-win32/gcc-arm-none-eabi-10.3-2021.10/bin/../lib/gcc/arm-none-eabi/10.3.1/../../../../arm-none-eabi/lib/thumb/v7e-m+fp/hard\libg.a(lib_a-__call_atexit.o) (__libc_fini_array)
[...]
Memory Configuration

Name             Origin             Length             Attributes
CCMRAM           0x10000000         0x00010000         xrw
RAM              0x20000000         0x00020000         xrw
FLASH            0x08000000         0x00100000         xr
*default*        0x00000000         0xffffffff

Linker script and memory map

LOAD d:/gcc-arm-none-eabi-10.3-2021.10-win32/gcc-arm-none-eabi-10.3-2021.10/bin/../lib/gcc/arm-none-eabi/10.3.1/thumb/v7e-m+fp/hard/crti.o
LOAD d:/gcc-arm-none-eabi-10.3-2021.10-win32/gcc-arm-none-eabi-10.3-2021.10/bin/../lib/gcc/arm-none-eabi/10.3.1/thumb/v7e-m+fp/hard/crtbegin.o
LOAD d:/gcc-arm-none-eabi-10.3-2021.10-win32/gcc-arm-none-eabi-10.3-2021.10/bin/../lib/gcc/arm-none-eabi/10.3.1/../../../../arm-none-eabi/lib/thumb/v7e-m+fp/hard/crt0.o
LOAD CMakeFiles/RC2025.elf.dir/Application/pid_task.c.obj
LOAD CMakeFiles/RC2025.elf.dir/BSP/drv_can.c.obj
LOAD CMakeFiles/RC2025.elf.dir/Controller/pid.c.obj
LOAD CMakeFiles/RC2025.elf.dir/Core/Src/can.c.obj
LOAD CMakeFiles/RC2025.elf.dir/Core/Src/dma.c.obj
LOAD CMakeFiles/RC2025.elf.dir/Core/Src/freertos.c.obj
LOAD CMakeFiles/RC2025.elf.dir/Core/Src/gpio.c.obj
LOAD CMakeFiles/RC2025.elf.dir/Core/Src/main.c.obj
LOAD CMakeFiles/RC2025.elf.dir/Core/Src/stm32f4xx_hal_msp.c.obj
LOAD CMakeFiles/RC2025.elf.dir/Core/Src/stm32f4xx_hal_timebase_tim.c.obj
LOAD CMakeFiles/RC2025.elf.dir/Core/Src/stm32f4xx_it.c.obj
LOAD CMakeFiles/RC2025.elf.dir/Core/Src/syscalls.c.obj
LOAD CMakeFiles/RC2025.elf.dir/Core/Src/sysmem.c.obj
LOAD CMakeFiles/RC2025.elf.dir/Core/Src/system_stm32f4xx.c.obj
LOAD CMakeFiles/RC2025.elf.dir/Core/Src/usart.c.obj
LOAD CMakeFiles/RC2025.elf.dir/Core/Startup/startup_stm32f405rgtx.s.obj
LOAD CMakeFiles/RC2025.elf.dir/Drivers/STM32F4xx_HAL_Driver/Src/stm32f4xx_hal.c.obj
LOAD CMakeFiles/RC2025.elf.dir/Drivers/STM32F4xx_HAL_Driver/Src/stm32f4xx_hal_can.c.obj
LOAD CMakeFiles/RC2025.elf.dir/Drivers/STM32F4xx_HAL_Driver/Src/stm32f4xx_hal_cortex.c.obj
LOAD CMakeFiles/RC2025.elf.dir/Drivers/STM32F4xx_HAL_Driver/Src/stm32f4xx_hal_dma.c.obj
LOAD CMakeFiles/RC2025.elf.dir/Drivers/STM32F4xx_HAL_Driver/Src/stm32f4xx_hal_dma_ex.c.obj
LOAD CMakeFiles/RC2025.elf.dir/Drivers/STM32F4xx_HAL_Driver/Src/stm32f4xx_hal_exti.c.obj
LOAD CMakeFiles/RC2025.elf.dir/Drivers/STM32F4xx_HAL_Driver/Src/stm32f4xx_hal_flash.c.obj
LOAD CMakeFiles/RC2025.elf.dir/Drivers/STM32F4xx_HAL_Driver/Src/stm32f4xx_hal_flash_ex.c.obj
LOAD CMakeFiles/RC2025.elf.dir/Drivers/STM32F4xx_HAL_Driver/Src/stm32f4xx_hal_flash_ramfunc.c.obj
LOAD CMakeFiles/RC2025.elf.dir/Drivers/STM32F4xx_HAL_Driver/Src/stm32f4xx_hal_gpio.c.obj
LOAD CMakeFiles/RC2025.elf.dir/Drivers/STM32F4xx_HAL_Driver/Src/stm32f4xx_hal_pwr.c.obj
LOAD CMakeFiles/RC2025.elf.dir/Drivers/STM32F4xx_HAL_Driver/Src/stm32f4xx_hal_pwr_ex.c.obj
LOAD CMakeFiles/RC2025.elf.dir/Drivers/STM32F4xx_HAL_Driver/Src/stm32f4xx_hal_rcc.c.obj
LOAD CMakeFiles/RC2025.elf.dir/Drivers/STM32F4xx_HAL_Driver/Src/stm32f4xx_hal_rcc_ex.c.obj
LOAD CMakeFiles/RC2025.elf.dir/Drivers/STM32F4xx_HAL_Driver/Src/stm32f4xx_hal_tim.c.obj
LOAD CMakeFiles/RC2025.elf.dir/Drivers/STM32F4xx_HAL_Driver/Src/stm32f4xx_hal_tim_ex.c.obj
LOAD CMakeFiles/RC2025.elf.dir/Drivers/STM32F4xx_HAL_Driver/Src/stm32f4xx_hal_uart.c.obj
LOAD CMakeFiles/RC2025.elf.dir/Middlewares/Third_Party/FreeRTOS/Source/CMSIS_RTOS_V2/cmsis_os2.c.obj
LOAD CMakeFiles/RC2025.elf.dir/Middlewares/Third_Party/FreeRTOS/Source/croutine.c.obj
LOAD CMakeFiles/RC2025.elf.dir/Middlewares/Third_Party/FreeRTOS/Source/event_groups.c.obj
LOAD CMakeFiles/RC2025.elf.dir/Middlewares/Third_Party/FreeRTOS/Source/list.c.obj
LOAD CMakeFiles/RC2025.elf.dir/Middlewares/Third_Party/FreeRTOS/Source/portable/GCC/ARM_CM4F/port.c.obj
LOAD CMakeFiles/RC2025.elf.dir/Middlewares/Third_Party/FreeRTOS/Source/portable/MemMang/heap_4.c.obj
LOAD CMakeFiles/RC2025.elf.dir/Middlewares/Third_Party/FreeRTOS/Source/queue.c.obj
LOAD CMakeFiles/RC2025.elf.dir/Middlewares/Third_Party/FreeRTOS/Source/stream_buffer.c.obj
LOAD CMakeFiles/RC2025.elf.dir/Middlewares/Third_Party/FreeRTOS/Source/tasks.c.obj
LOAD CMakeFiles/RC2025.elf.dir/Middlewares/Third_Party/FreeRTOS/Source/timers.c.obj
LOAD CMakeFiles/RC2025.elf.dir/User/debug.c.obj
LOAD CMakeFiles/RC2025.elf.dir/User/init.c.obj
START GROUP
LOAD d:/gcc-arm-none-eabi-10.3-2021.10-win32/gcc-arm-none-eabi-10.3-2021.10/bin/../lib/gcc/arm-none-eabi/10.3.1/thumb/v7e-m+fp/hard\libgcc.a
LOAD d:/gcc-arm-none-eabi-10.3-2021.10-win32/gcc-arm-none-eabi-10.3-2021.10/bin/../lib/gcc/arm-none-eabi/10.3.1/../../../../arm-none-eabi/lib/thumb/v7e-m+fp/hard\libg.a
LOAD d:/gcc-arm-none-eabi-10.3-2021.10-win32/gcc-arm-none-eabi-10.3-2021.10/bin/../lib/gcc/arm-none-eabi/10.3.1/../../../../arm-none-eabi/lib/thumb/v7e-m+fp/hard\libc.a
END GROUP
LOAD d:/gcc-arm-none-eabi-10.3-2021.10-win32/gcc-arm-none-eabi-10.3-2021.10/bin/../lib/gcc/arm-none-eabi/10.3.1/thumb/v7e-m+fp/hard/crtend.o
LOAD d:/gcc-arm-none-eabi-10.3-2021.10-win32/gcc-arm-none-eabi-10.3-2021.10/bin/../lib/gcc/arm-none-eabi/10.3.1/thumb/v7e-m+fp/hard/crtn.o
                0x20020000                _estack = (ORIGIN (RAM) + LENGTH (RAM))
                0x00000200                _Min_Heap_Size = 0x200
                0x00000400                _Min_Stack_Size = 0x400

.isr_vector     0x08000000      0x188
                0x08000000                . = ALIGN (0x4)
 *(.isr_vector)
 .isr_vector    0x08000000      0x188 CMakeFiles/RC2025.elf.dir/Core/Startup/startup_stm32f405rgtx.s.obj
                0x08000000                g_pfnVectors
                0x08000188                . = ALIGN (0x4)

.text           0x080001c0     0xdcd8
                0x080001c0                . = ALIGN (0x4)
 *(.text)
 .text          0x080001c0       0x30 d:/gcc-arm-none-eabi-10.3-2021.10-win32/gcc-arm-none-eabi-10.3-2021.10/bin/../lib/gcc/arm-none-eabi/10.3.1/thumb/v7e-m+fp/hard\libgcc.a(_aeabi_uldivmod.o)
                0x080001c0                __aeabi_uldivmod
 .text          0x080001f0      0x2d0 d:/gcc-arm-none-eabi-10.3-2021.10-win32/gcc-arm-none-eabi-10.3-2021.10/bin/../lib/gcc/arm-none-eabi/10.3.1/thumb/v7e-m+fp/hard\libgcc.a(_udivmoddi4.o)
                0x080001f0                __udivmoddi4
 .text          0x080004c0        0x4 d:/gcc-arm-none-eabi-10.3-2021.10-win32/gcc-arm-none-eabi-10.3-2021.10/bin/../lib/gcc/arm-none-eabi/10.3.1/thumb/v7e-m+fp/hard\libgcc.a(_dvmd_tls.o)
                0x080004c0                __aeabi_idiv0
                0x080004c0                __aeabi_ldiv0
 .text          0x080004c4      0x134 d:/gcc-arm-none-eabi-10.3-2021.10-win32/gcc-arm-none-eabi-10.3-2021.10/bin/../lib/gcc/arm-none-eabi/10.3.1/../../../../arm-none-eabi/lib/thumb/v7e-m+fp/hard\libg.a(lib_a-memcpy.o)
                0x080004c4                memcpy
 *fill*         0x080005f8        0x8 
 .text          0x08000600       0xdc d:/gcc-arm-none-eabi-10.3-2021.10-win32/gcc-arm-none-eabi-10.3-2021.10/bin/../lib/gcc/arm-none-eabi/10.3.1/../../../../arm-none-eabi/lib/thumb/v7e-m+fp/hard\libg.a(lib_a-strlen.o)
                0x08000600                strlen
 *fill*         0x080006dc        0x4 
 .text          0x080006e0       0xa0 d:/gcc-arm-none-eabi-10.3-2021.10-win32/gcc-arm-none-eabi-10.3-2021.10/bin/../lib/gcc/arm-none-eabi/10.3.1/../../../../arm-none-eabi/lib/thumb/v7e-m+fp/hard\libg.a(lib_a-memchr.o)
                0x080006e0                memchr
 .text          0x08000780      0x378 d:/gcc-arm-none-eabi-10.3-2021.10-win32/gcc-arm-none-eabi-10.3-2021.10/bin/../lib/gcc/arm-none-eabi/10.3.1/thumb/v7e-m+fp/hard\libgcc.a(_arm_addsubdf3.o)
                0x08000780                __aeabi_drsub
                0x08000788                __aeabi_dsub
                0x08000788                __subdf3
                0x0800078c                __aeabi_dadd
                0x0800078c                __adddf3
                0x08000a04                __floatunsidf
                0x08000a04                __aeabi_ui2d
                0x08000a24                __floatsidf
                0x08000a24                __aeabi_i2d
                0x08000a48                __aeabi_f2d
                0x08000a48                __extendsfdf2
                0x08000a8c                __floatundidf
                0x08000a8c                __aeabi_ul2d
                0x08000a9c                __floatdidf
                0x08000a9c                __aeabi_l2d
 .text          0x08000af8      0x424 d:/gcc-arm-none-eabi-10.3-2021.10-win32/gcc-arm-none-eabi-10.3-2021.10/bin/../lib/gcc/arm-none-eabi/10.3.1/thumb/v7e-m+fp/hard\libgcc.a(_arm_muldivdf3.o)
                0x08000af8                __aeabi_dmul
                0x08000af8                __muldf3
                0x08000d4c                __divdf3
                0x08000d4c                __aeabi_ddiv
 .text          0x08000f1c      0x110 d:/gcc-arm-none-eabi-10.3-2021.10-win32/gcc-arm-none-eabi-10.3-2021.10/bin/../lib/gcc/arm-none-eabi/10.3.1/thumb/v7e-m+fp/hard\libgcc.a(_arm_cmpdf2.o)
                0x08000f1c                __gtdf2
                0x08000f1c                __gedf2
                0x08000f24                __ltdf2
                0x08000f24                __ledf2
                0x08000f2c                __nedf2
                0x08000f2c                __eqdf2
                0x08000f2c                __cmpdf2
                0x08000fa8                __aeabi_cdrcmple
                0x08000fb8                __aeabi_cdcmpeq
                0x08000fb8                __aeabi_cdcmple
                0x08000fc8                __aeabi_dcmpeq
                0x08000fdc                __aeabi_dcmplt
                0x08000ff0                __aeabi_dcmple
                0x08001004                __aeabi_dcmpge
                0x08001018                __aeabi_dcmpgt
 .text          0x0800102c       0x2c d:/gcc-arm-none-eabi-10.3-2021.10-win32/gcc-arm-none-eabi-10.3-2021.10/bin/../lib/gcc/arm-none-eabi/10.3.1/thumb/v7e-m+fp/hard\libgcc.a(_arm_unorddf2.o)
                0x0800102c                __unorddf2
                0x0800102c                __aeabi_dcmpun
 .text          0x08001058       0x50 d:/gcc-arm-none-eabi-10.3-2021.10-win32/gcc-arm-none-eabi-10.3-2021.10/bin/../lib/gcc/arm-none-eabi/10.3.1/thumb/v7e-m+fp/hard\libgcc.a(_arm_fixdfsi.o)
                0x08001058                __aeabi_d2iz
                0x08001058                __fixdfsi
 .text          0x080010a8       0x40 d:/gcc-arm-none-eabi-10.3-2021.10-win32/gcc-arm-none-eabi-10.3-2021.10/bin/../lib/gcc/arm-none-eabi/10.3.1/thumb/v7e-m+fp/hard\libgcc.a(_arm_fixunsdfsi.o)
                0x080010a8                __aeabi_d2uiz
                0x080010a8                __fixunsdfsi
 .text          0x080010e8       0xa0 d:/gcc-arm-none-eabi-10.3-2021.10-win32/gcc-arm-none-eabi-10.3-2021.10/bin/../lib/gcc/arm-none-eabi/10.3.1/thumb/v7e-m+fp/hard\libgcc.a(_arm_truncdfsf2.o)
                0x080010e8                __truncdfsf2
                0x080010e8                __aeabi_d2f
 .text          0x08001188       0x30 d:/gcc-arm-none-eabi-10.3-2021.10-win32/gcc-arm-none-eabi-10.3-2021.10/bin/../lib/gcc/arm-none-eabi/10.3.1/thumb/v7e-m+fp/hard\libgcc.a(_fixdfdi.o)
                0x08001188                __fixdfdi
                0x08001188                __aeabi_d2lz
 .text          0x080011b8       0x3c d:/gcc-arm-none-eabi-10.3-2021.10-win32/gcc-arm-none-eabi-10.3-2021.10/bin/../lib/gcc/arm-none-eabi/10.3.1/thumb/v7e-m+fp/hard\libgcc.a(_fixunsdfdi.o)
                0x080011b8                __fixunsdfdi
                0x080011b8                __aeabi_d2ulz
 *(.text*)
 .text.pid_task0
                0x080011f4      0x11c CMakeFiles/RC2025.elf.dir/Application/pid_task.c.obj
                0x080011f4                pid_task0
 .text.CAN_Filter_Init
                0x08001310       0x58 CMakeFiles/RC2025.elf.dir/BSP/drv_can.c.obj
                0x08001310                CAN_Filter_Init
 .text.CAN_All_Init
                0x08001368       0x4c CMakeFiles/RC2025.elf.dir/BSP/drv_can.c.obj
                0x08001368                CAN_All_Init
 .text.CAN_TxMessage
                0x080013b4       0x3e CMakeFiles/RC2025.elf.dir/BSP/drv_can.c.obj
                0x080013b4                CAN_TxMessage
 *fill*         0x080013f2        0x2 
 .text.Angle_Consecutive
                0x080013f4       0x68 CMakeFiles/RC2025.elf.dir/BSP/drv_can.c.obj
                0x080013f4                Angle_Consecutive
 .text.CAN_SendCurrent
                0x0800145c       0x50 CMakeFiles/RC2025.elf.dir/BSP/drv_can.c.obj
                0x0800145c                CAN_SendCurrent
 .text.CAN_SINGLECHIP_SendMessage
                0x080014ac       0x48 CMakeFiles/RC2025.elf.dir/BSP/drv_can.c.obj
                0x080014ac                CAN_SINGLECHIP_SendMessage
 .text.HAL_CAN_RxFifo0MsgPendingCallback
                0x080014f4      0x1ac CMakeFiles/RC2025.elf.dir/BSP/drv_can.c.obj
                0x080014f4                HAL_CAN_RxFifo0MsgPendingCallback
 .text.CAN_GetMotorVelocity
                0x080016a0       0x44 CMakeFiles/RC2025.elf.dir/BSP/drv_can.c.obj
                0x080016a0                CAN_GetMotorVelocity
 .text.CAN_GetMotorAngel
                0x080016e4       0x3c CMakeFiles/RC2025.elf.dir/BSP/drv_can.c.obj
                0x080016e4                CAN_GetMotorAngel
 .text.limit_float
                0x08001720       0x32 CMakeFiles/RC2025.elf.dir/Controller/pid.c.obj
                0x08001720                limit_float
 *fill*         0x08001752        0x2 
 .text.PidInit  0x08001754       0x44 CMakeFiles/RC2025.elf.dir/Controller/pid.c.obj
                0x08001754                PidInit
 .text.setPidTarget
                0x08001798        0x6 CMakeFiles/RC2025.elf.dir/Controller/pid.c.obj
                0x08001798                setPidTarget
 .text.setPidTargetwithRamp
                0x0800179e       0x1a CMakeFiles/RC2025.elf.dir/Controller/pid.c.obj
                0x0800179e                setPidTargetwithRamp
 .text.Pid_Update_Gamp
                0x080017b8       0xaa CMakeFiles/RC2025.elf.dir/Controller/pid.c.obj
                0x080017b8                Pid_Update_Gamp
 .text.PidGet   0x08001862       0xe8 CMakeFiles/RC2025.elf.dir/Controller/pid.c.obj
                0x08001862                PidGet
 *fill*         0x0800194a        0x2 
 .text.MX_CAN1_Init
                0x0800194c       0x44 CMakeFiles/RC2025.elf.dir/Core/Src/can.c.obj
                0x0800194c                MX_CAN1_Init
 .text.MX_CAN2_Init
                0x08001990       0x44 CMakeFiles/RC2025.elf.dir/Core/Src/can.c.obj
                0x08001990                MX_CAN2_Init
 .text.HAL_CAN_MspInit
                0x080019d4      0x128 CMakeFiles/RC2025.elf.dir/Core/Src/can.c.obj
                0x080019d4                HAL_CAN_MspInit
 .text.MX_DMA_Init
                0x08001afc       0x44 CMakeFiles/RC2025.elf.dir/Core/Src/dma.c.obj
                0x08001afc                MX_DMA_Init
 .text.StartDefaultTask
                0x08001b40        0xa CMakeFiles/RC2025.elf.dir/Core/Src/freertos.c.obj
                0x08001b40                StartDefaultTask
 .text.pid_task
                0x08001b4a       0x18 CMakeFiles/RC2025.elf.dir/Core/Src/freertos.c.obj
                0x08001b4a                pid_task
 *fill*         0x08001b62        0x2 
 .text.MX_FREERTOS_Init
                0x08001b64       0x38 CMakeFiles/RC2025.elf.dir/Core/Src/freertos.c.obj
                0x08001b64                MX_FREERTOS_Init
 .text.MX_GPIO_Init
                0x08001b9c       0x4c CMakeFiles/RC2025.elf.dir/Core/Src/gpio.c.obj
                0x08001b9c                MX_GPIO_Init
 .text.HAL_TIM_PeriodElapsedCallback
                0x08001be8       0x12 CMakeFiles/RC2025.elf.dir/Core/Src/main.c.obj
                0x08001be8                HAL_TIM_PeriodElapsedCallback
 .text.Error_Handler
                0x08001bfa        0x4 CMakeFiles/RC2025.elf.dir/Core/Src/main.c.obj
                0x08001bfa                Error_Handler
 *fill*         0x08001bfe        0x2 
 .text.SystemClock_Config
                0x08001c00       0xac CMakeFiles/RC2025.elf.dir/Core/Src/main.c.obj
                0x08001c00                SystemClock_Config
 .text.main     0x08001cac       0x3e CMakeFiles/RC2025.elf.dir/Core/Src/main.c.obj
                0x08001cac                main
 *fill*         0x08001cea        0x2 
 .text.HAL_MspInit
                0x08001cec       0x44 CMakeFiles/RC2025.elf.dir/Core/Src/stm32f4xx_hal_msp.c.obj
                0x08001cec                HAL_MspInit
 .text.HAL_InitTick
                0x08001d30       0xa4 CMakeFiles/RC2025.elf.dir/Core/Src/stm32f4xx_hal_timebase_tim.c.obj
                0x08001d30                HAL_InitTick
 .text.NMI_Handler
                0x08001dd4        0x2 CMakeFiles/RC2025.elf.dir/Core/Src/stm32f4xx_it.c.obj
                0x08001dd4                NMI_Handler
 .text.HardFault_Handler
                0x08001dd6        0x2 CMakeFiles/RC2025.elf.dir/Core/Src/stm32f4xx_it.c.obj
                0x08001dd6                HardFault_Handler
 .text.MemManage_Handler
                0x08001dd8        0x2 CMakeFiles/RC2025.elf.dir/Core/Src/stm32f4xx_it.c.obj
                0x08001dd8                MemManage_Handler
 .text.BusFault_Handler
                0x08001dda        0x2 CMakeFiles/RC2025.elf.dir/Core/Src/stm32f4xx_it.c.obj
                0x08001dda                BusFault_Handler
 .text.UsageFault_Handler
                0x08001ddc        0x2 CMakeFiles/RC2025.elf.dir/Core/Src/stm32f4xx_it.c.obj
                0x08001ddc                UsageFault_Handler
 .text.DebugMon_Handler
                0x08001dde        0x2 CMakeFiles/RC2025.elf.dir/Core/Src/stm32f4xx_it.c.obj
                0x08001dde                DebugMon_Handler
 .text.CAN1_RX0_IRQHandler
                0x08001de0       0x10 CMakeFiles/RC2025.elf.dir/Core/Src/stm32f4xx_it.c.obj
                0x08001de0                CAN1_RX0_IRQHandler
 .text.TIM2_IRQHandler
                0x08001df0       0x10 CMakeFiles/RC2025.elf.dir/Core/Src/stm32f4xx_it.c.obj
                0x08001df0                TIM2_IRQHandler
 .text.USART1_IRQHandler
                0x08001e00       0x18 CMakeFiles/RC2025.elf.dir/Core/Src/stm32f4xx_it.c.obj
                0x08001e00                USART1_IRQHandler
 .text.DMA2_Stream2_IRQHandler
                0x08001e18       0x10 CMakeFiles/RC2025.elf.dir/Core/Src/stm32f4xx_it.c.obj
                0x08001e18                DMA2_Stream2_IRQHandler
 .text.CAN2_RX0_IRQHandler
                0x08001e28       0x10 CMakeFiles/RC2025.elf.dir/Core/Src/stm32f4xx_it.c.obj
                0x08001e28                CAN2_RX0_IRQHandler
 .text.DMA2_Stream7_IRQHandler
                0x08001e38       0x10 CMakeFiles/RC2025.elf.dir/Core/Src/stm32f4xx_it.c.obj
                0x08001e38                DMA2_Stream7_IRQHandler
 .text._getpid  0x08001e48        0x4 CMakeFiles/RC2025.elf.dir/Core/Src/syscalls.c.obj
                0x08001e48                _getpid
 .text._kill    0x08001e4c       0x10 CMakeFiles/RC2025.elf.dir/Core/Src/syscalls.c.obj
                0x08001e4c                _kill
 .text._exit    0x08001e5c        0xc CMakeFiles/RC2025.elf.dir/Core/Src/syscalls.c.obj
                0x08001e5c                _exit
 .text._read    0x08001e68       0x20 CMakeFiles/RC2025.elf.dir/Core/Src/syscalls.c.obj
                0x08001e68                _read
 .text._write   0x08001e88       0x1c CMakeFiles/RC2025.elf.dir/Core/Src/syscalls.c.obj
                0x08001e88                _write
 .text._close   0x08001ea4        0x6 CMakeFiles/RC2025.elf.dir/Core/Src/syscalls.c.obj
                0x08001ea4                _close
 .text._fstat   0x08001eaa        0xa CMakeFiles/RC2025.elf.dir/Core/Src/syscalls.c.obj
                0x08001eaa                _fstat
 .text._isatty  0x08001eb4        0x4 CMakeFiles/RC2025.elf.dir/Core/Src/syscalls.c.obj
                0x08001eb4                _isatty
 .text._lseek   0x08001eb8        0x4 CMakeFiles/RC2025.elf.dir/Core/Src/syscalls.c.obj
                0x08001eb8                _lseek
 .text._sbrk    0x08001ebc       0x48 CMakeFiles/RC2025.elf.dir/Core/Src/sysmem.c.obj
                0x08001ebc                _sbrk
 .text.SystemInit
                0x08001f04       0x14 CMakeFiles/RC2025.elf.dir/Core/Src/system_stm32f4xx.c.obj
                0x08001f04                SystemInit
 .text.MX_USART1_UART_Init
                0x08001f18       0x34 CMakeFiles/RC2025.elf.dir/Core/Src/usart.c.obj
                0x08001f18                MX_USART1_UART_Init
 .text.HAL_UART_MspInit
                0x08001f4c      0x100 CMakeFiles/RC2025.elf.dir/Core/Src/usart.c.obj
                0x08001f4c                HAL_UART_MspInit
 .text.Reset_Handler
                0x0800204c       0x50 CMakeFiles/RC2025.elf.dir/Core/Startup/startup_stm32f405rgtx.s.obj
                0x0800204c                Reset_Handler
 .text.Default_Handler
                0x0800209c        0x2 CMakeFiles/RC2025.elf.dir/Core/Startup/startup_stm32f405rgtx.s.obj
                0x0800209c                RTC_Alarm_IRQHandler
                0x0800209c                HASH_RNG_IRQHandler
                0x0800209c                EXTI2_IRQHandler
                0x0800209c                TIM8_CC_IRQHandler
                0x0800209c                TIM1_CC_IRQHandler
                0x0800209c                DMA2_Stream5_IRQHandler
                0x0800209c                DMA1_Stream5_IRQHandler
                0x0800209c                PVD_IRQHandler
                0x0800209c                SDIO_IRQHandler
                0x0800209c                TAMP_STAMP_IRQHandler
                0x0800209c                CAN2_RX1_IRQHandler
                0x0800209c                EXTI3_IRQHandler
                0x0800209c                TIM8_TRG_COM_TIM14_IRQHandler
                0x0800209c                TIM1_UP_TIM10_IRQHandler
                0x0800209c                TIM8_UP_TIM13_IRQHandler
                0x0800209c                I2C3_ER_IRQHandler
                0x0800209c                EXTI0_IRQHandler
                0x0800209c                I2C2_EV_IRQHandler
                0x0800209c                DMA1_Stream2_IRQHandler
                0x0800209c                FPU_IRQHandler
                0x0800209c                OTG_HS_WKUP_IRQHandler
                0x0800209c                CAN2_SCE_IRQHandler
                0x0800209c                SPI1_IRQHandler
                0x0800209c                TIM6_DAC_IRQHandler
                0x0800209c                TIM1_BRK_TIM9_IRQHandler
                0x0800209c                DMA2_Stream3_IRQHandler
                0x0800209c                USART6_IRQHandler
                0x0800209c                USART3_IRQHandler
                0x0800209c                CAN1_RX1_IRQHandler
                0x0800209c                UART5_IRQHandler
                0x0800209c                DMA2_Stream0_IRQHandler
                0x0800209c                TIM4_IRQHandler
                0x0800209c                I2C1_EV_IRQHandler
                0x0800209c                DMA1_Stream6_IRQHandler
                0x0800209c                DMA1_Stream1_IRQHandler
                0x0800209c                UART4_IRQHandler
                0x0800209c                TIM3_IRQHandler
                0x0800209c                RCC_IRQHandler
                0x0800209c                TIM8_BRK_TIM12_IRQHandler
                0x0800209c                Default_Handler
                0x0800209c                EXTI15_10_IRQHandler
                0x0800209c                ADC_IRQHandler
                0x0800209c                DMA1_Stream7_IRQHandler
                0x0800209c                TIM7_IRQHandler
                0x0800209c                CAN2_TX_IRQHandler
                0x0800209c                TIM5_IRQHandler
                0x0800209c                I2C3_EV_IRQHandler
                0x0800209c                EXTI9_5_IRQHandler
                0x0800209c                RTC_WKUP_IRQHandler
                0x0800209c                SPI2_IRQHandler
                0x0800209c                OTG_HS_EP1_IN_IRQHandler
                0x0800209c                DMA1_Stream0_IRQHandler
                0x0800209c                CAN1_TX_IRQHandler
                0x0800209c                EXTI4_IRQHandler
                0x0800209c                FSMC_IRQHandler
                0x0800209c                OTG_HS_EP1_OUT_IRQHandler
                0x0800209c                WWDG_IRQHandler
                0x0800209c                OTG_FS_WKUP_IRQHandler
                0x0800209c                TIM1_TRG_COM_TIM11_IRQHandler
                0x0800209c                OTG_HS_IRQHandler
                0x0800209c                EXTI1_IRQHandler
                0x0800209c                USART2_IRQHandler
                0x0800209c                I2C2_ER_IRQHandler
                0x0800209c                DMA2_Stream1_IRQHandler
                0x0800209c                CAN1_SCE_IRQHandler
                0x0800209c                FLASH_IRQHandler
                0x0800209c                DMA2_Stream4_IRQHandler
                0x0800209c                OTG_FS_IRQHandler
                0x0800209c                SPI3_IRQHandler
                0x0800209c                DMA1_Stream4_IRQHandler
                0x0800209c                I2C1_ER_IRQHandler
                0x0800209c                DMA2_Stream6_IRQHandler
                0x0800209c                DMA1_Stream3_IRQHandler
 *fill*         0x0800209e        0x2 
 .text.HAL_Init
                0x080020a0       0x34 CMakeFiles/RC2025.elf.dir/Drivers/STM32F4xx_HAL_Driver/Src/stm32f4xx_hal.c.obj
                0x080020a0                HAL_Init
 .text.HAL_IncTick
                0x080020d4       0x18 CMakeFiles/RC2025.elf.dir/Drivers/STM32F4xx_HAL_Driver/Src/stm32f4xx_hal.c.obj
                0x080020d4                HAL_IncTick
 .text.HAL_GetTick
                0x080020ec        0xc CMakeFiles/RC2025.elf.dir/Drivers/STM32F4xx_HAL_Driver/Src/stm32f4xx_hal.c.obj
                0x080020ec                HAL_GetTick
 .text.HAL_Delay
                0x080020f8       0x28 CMakeFiles/RC2025.elf.dir/Drivers/STM32F4xx_HAL_Driver/Src/stm32f4xx_hal.c.obj
                0x080020f8                HAL_Delay
 .text.HAL_CAN_Init
                0x08002120      0x14c CMakeFiles/RC2025.elf.dir/Drivers/STM32F4xx_HAL_Driver/Src/stm32f4xx_hal_can.c.obj
                0x08002120                HAL_CAN_Init
 .text.HAL_CAN_ConfigFilter
                0x0800226c      0x138 CMakeFiles/RC2025.elf.dir/Drivers/STM32F4xx_HAL_Driver/Src/stm32f4xx_hal_can.c.obj
                0x0800226c                HAL_CAN_ConfigFilter
 .text.HAL_CAN_Start
                0x080023a4       0x5c CMakeFiles/RC2025.elf.dir/Drivers/STM32F4xx_HAL_Driver/Src/stm32f4xx_hal_can.c.obj
                0x080023a4                HAL_CAN_Start
 .text.HAL_CAN_AddTxMessage
                0x08002400       0xea CMakeFiles/RC2025.elf.dir/Drivers/STM32F4xx_HAL_Driver/Src/stm32f4xx_hal_can.c.obj
                0x08002400                HAL_CAN_AddTxMessage
 .text.HAL_CAN_GetRxMessage
                0x080024ea      0x16a CMakeFiles/RC2025.elf.dir/Drivers/STM32F4xx_HAL_Driver/Src/stm32f4xx_hal_can.c.obj
                0x080024ea                HAL_CAN_GetRxMessage
 .text.HAL_CAN_ActivateNotification
                0x08002654       0x24 CMakeFiles/RC2025.elf.dir/Drivers/STM32F4xx_HAL_Driver/Src/stm32f4xx_hal_can.c.obj
                0x08002654                HAL_CAN_ActivateNotification
 .text.HAL_CAN_TxMailbox0CompleteCallback
                0x08002678        0x2 CMakeFiles/RC2025.elf.dir/Drivers/STM32F4xx_HAL_Driver/Src/stm32f4xx_hal_can.c.obj
                0x08002678                HAL_CAN_TxMailbox0CompleteCallback
 .text.HAL_CAN_TxMailbox1CompleteCallback
                0x0800267a        0x2 CMakeFiles/RC2025.elf.dir/Drivers/STM32F4xx_HAL_Driver/Src/stm32f4xx_hal_can.c.obj
                0x0800267a                HAL_CAN_TxMailbox1CompleteCallback
 .text.HAL_CAN_TxMailbox2CompleteCallback
                0x0800267c        0x2 CMakeFiles/RC2025.elf.dir/Drivers/STM32F4xx_HAL_Driver/Src/stm32f4xx_hal_can.c.obj
                0x0800267c                HAL_CAN_TxMailbox2CompleteCallback
 .text.HAL_CAN_TxMailbox0AbortCallback
                0x0800267e        0x2 CMakeFiles/RC2025.elf.dir/Drivers/STM32F4xx_HAL_Driver/Src/stm32f4xx_hal_can.c.obj
                0x0800267e                HAL_CAN_TxMailbox0AbortCallback
 .text.HAL_CAN_TxMailbox1AbortCallback
                0x08002680        0x2 CMakeFiles/RC2025.elf.dir/Drivers/STM32F4xx_HAL_Driver/Src/stm32f4xx_hal_can.c.obj
                0x08002680                HAL_CAN_TxMailbox1AbortCallback
 .text.HAL_CAN_TxMailbox2AbortCallback
                0x08002682        0x2 CMakeFiles/RC2025.elf.dir/Drivers/STM32F4xx_HAL_Driver/Src/stm32f4xx_hal_can.c.obj
                0x08002682                HAL_CAN_TxMailbox2AbortCallback
 .text.HAL_CAN_RxFifo0FullCallback
                0x08002684        0x2 CMakeFiles/RC2025.elf.dir/Drivers/STM32F4xx_HAL_Driver/Src/stm32f4xx_hal_can.c.obj
                0x08002684                HAL_CAN_RxFifo0FullCallback
 .text.HAL_CAN_RxFifo1MsgPendingCallback
                0x08002686        0x2 CMakeFiles/RC2025.elf.dir/Drivers/STM32F4xx_HAL_Driver/Src/stm32f4xx_hal_can.c.obj
                0x08002686                HAL_CAN_RxFifo1MsgPendingCallback
 .text.HAL_CAN_RxFifo1FullCallback
                0x08002688        0x2 CMakeFiles/RC2025.elf.dir/Drivers/STM32F4xx_HAL_Driver/Src/stm32f4xx_hal_can.c.obj
                0x08002688                HAL_CAN_RxFifo1FullCallback
 .text.HAL_CAN_SleepCallback
                0x0800268a        0x2 CMakeFiles/RC2025.elf.dir/Drivers/STM32F4xx_HAL_Driver/Src/stm32f4xx_hal_can.c.obj
                0x0800268a                HAL_CAN_SleepCallback
 .text.HAL_CAN_WakeUpFromRxMsgCallback
                0x0800268c        0x2 CMakeFiles/RC2025.elf.dir/Drivers/STM32F4xx_HAL_Driver/Src/stm32f4xx_hal_can.c.obj
                0x0800268c                HAL_CAN_WakeUpFromRxMsgCallback
 .text.HAL_CAN_ErrorCallback
                0x0800268e        0x2 CMakeFiles/RC2025.elf.dir/Drivers/STM32F4xx_HAL_Driver/Src/stm32f4xx_hal_can.c.obj
                0x0800268e                HAL_CAN_ErrorCallback
 .text.HAL_CAN_IRQHandler
                0x08002690      0x24a CMakeFiles/RC2025.elf.dir/Drivers/STM32F4xx_HAL_Driver/Src/stm32f4xx_hal_can.c.obj
                0x08002690                HAL_CAN_IRQHandler
 *fill*         0x080028da        0x2 
 .text.HAL_NVIC_SetPriorityGrouping
                0x080028dc       0x24 CMakeFiles/RC2025.elf.dir/Drivers/STM32F4xx_HAL_Driver/Src/stm32f4xx_hal_cortex.c.obj
                0x080028dc                HAL_NVIC_SetPriorityGrouping
 .text.HAL_NVIC_SetPriority
                0x08002900       0x70 CMakeFiles/RC2025.elf.dir/Drivers/STM32F4xx_HAL_Driver/Src/stm32f4xx_hal_cortex.c.obj
                0x08002900                HAL_NVIC_SetPriority
 .text.HAL_NVIC_EnableIRQ
                0x08002970       0x1c CMakeFiles/RC2025.elf.dir/Drivers/STM32F4xx_HAL_Driver/Src/stm32f4xx_hal_cortex.c.obj
                0x08002970                HAL_NVIC_EnableIRQ
 .text.DMA_SetConfig
                0x0800298c       0x2c CMakeFiles/RC2025.elf.dir/Drivers/STM32F4xx_HAL_Driver/Src/stm32f4xx_hal_dma.c.obj
 .text.DMA_CalcBaseAndBitshift
                0x080029b8       0x44 CMakeFiles/RC2025.elf.dir/Drivers/STM32F4xx_HAL_Driver/Src/stm32f4xx_hal_dma.c.obj
 .text.DMA_CheckFifoParam
                0x080029fc       0x8e CMakeFiles/RC2025.elf.dir/Drivers/STM32F4xx_HAL_Driver/Src/stm32f4xx_hal_dma.c.obj
 *fill*         0x08002a8a        0x2 
 .text.HAL_DMA_Init
                0x08002a8c       0xcc CMakeFiles/RC2025.elf.dir/Drivers/STM32F4xx_HAL_Driver/Src/stm32f4xx_hal_dma.c.obj
                0x08002a8c                HAL_DMA_Init
 .text.HAL_DMA_Start_IT
                0x08002b58       0x6a CMakeFiles/RC2025.elf.dir/Drivers/STM32F4xx_HAL_Driver/Src/stm32f4xx_hal_dma.c.obj
                0x08002b58                HAL_DMA_Start_IT
 .text.HAL_DMA_Abort
                0x08002bc2       0x94 CMakeFiles/RC2025.elf.dir/Drivers/STM32F4xx_HAL_Driver/Src/stm32f4xx_hal_dma.c.obj
                0x08002bc2                HAL_DMA_Abort
 .text.HAL_DMA_Abort_IT
                0x08002c56       0x26 CMakeFiles/RC2025.elf.dir/Drivers/STM32F4xx_HAL_Driver/Src/stm32f4xx_hal_dma.c.obj
                0x08002c56                HAL_DMA_Abort_IT
 .text.HAL_DMA_IRQHandler
                0x08002c7c      0x1dc CMakeFiles/RC2025.elf.dir/Drivers/STM32F4xx_HAL_Driver/Src/stm32f4xx_hal_dma.c.obj
                0x08002c7c                HAL_DMA_IRQHandler
 .text.HAL_GPIO_Init
                0x08002e58      0x1e4 CMakeFiles/RC2025.elf.dir/Drivers/STM32F4xx_HAL_Driver/Src/stm32f4xx_hal_gpio.c.obj
                0x08002e58                HAL_GPIO_Init
 .text.HAL_RCC_OscConfig
                0x0800303c      0x3f8 CMakeFiles/RC2025.elf.dir/Drivers/STM32F4xx_HAL_Driver/Src/stm32f4xx_hal_rcc.c.obj
                0x0800303c                HAL_RCC_OscConfig
 .text.HAL_RCC_GetSysClockFreq
                0x08003434       0xd4 CMakeFiles/RC2025.elf.dir/Drivers/STM32F4xx_HAL_Driver/Src/stm32f4xx_hal_rcc.c.obj
                0x08003434                HAL_RCC_GetSysClockFreq
 .text.HAL_RCC_ClockConfig
                0x08003508      0x160 CMakeFiles/RC2025.elf.dir/Drivers/STM32F4xx_HAL_Driver/Src/stm32f4xx_hal_rcc.c.obj
                0x08003508                HAL_RCC_ClockConfig
 .text.HAL_RCC_GetHCLKFreq
                0x08003668        0xc CMakeFiles/RC2025.elf.dir/Drivers/STM32F4xx_HAL_Driver/Src/stm32f4xx_hal_rcc.c.obj
                0x08003668                HAL_RCC_GetHCLKFreq
 .text.HAL_RCC_GetPCLK1Freq
                0x08003674       0x20 CMakeFiles/RC2025.elf.dir/Drivers/STM32F4xx_HAL_Driver/Src/stm32f4xx_hal_rcc.c.obj
                0x08003674                HAL_RCC_GetPCLK1Freq
 .text.HAL_RCC_GetPCLK2Freq
                0x08003694       0x20 CMakeFiles/RC2025.elf.dir/Drivers/STM32F4xx_HAL_Driver/Src/stm32f4xx_hal_rcc.c.obj
                0x08003694                HAL_RCC_GetPCLK2Freq
 .text.HAL_RCC_GetClockConfig
                0x080036b4       0x3c CMakeFiles/RC2025.elf.dir/Drivers/STM32F4xx_HAL_Driver/Src/stm32f4xx_hal_rcc.c.obj
                0x080036b4                HAL_RCC_GetClockConfig
 .text.HAL_TIM_Base_MspInit
                0x080036f0        0x2 CMakeFiles/RC2025.elf.dir/Drivers/STM32F4xx_HAL_Driver/Src/stm32f4xx_hal_tim.c.obj
                0x080036f0                HAL_TIM_Base_MspInit
 *fill*         0x080036f2        0x2 
 .text.HAL_TIM_Base_Start_IT
                0x080036f4       0x88 CMakeFiles/RC2025.elf.dir/Drivers/STM32F4xx_HAL_Driver/Src/stm32f4xx_hal_tim.c.obj
                0x080036f4                HAL_TIM_Base_Start_IT
 .text.HAL_TIM_OC_DelayElapsedCallback
                0x0800377c        0x2 CMakeFiles/RC2025.elf.dir/Drivers/STM32F4xx_HAL_Driver/Src/stm32f4xx_hal_tim.c.obj
                0x0800377c                HAL_TIM_OC_DelayElapsedCallback
 .text.HAL_TIM_IC_CaptureCallback
                0x0800377e        0x2 CMakeFiles/RC2025.elf.dir/Drivers/STM32F4xx_HAL_Driver/Src/stm32f4xx_hal_tim.c.obj
                0x0800377e                HAL_TIM_IC_CaptureCallback
 .text.HAL_TIM_PWM_PulseFinishedCallback
                0x08003780        0x2 CMakeFiles/RC2025.elf.dir/Drivers/STM32F4xx_HAL_Driver/Src/stm32f4xx_hal_tim.c.obj
                0x08003780                HAL_TIM_PWM_PulseFinishedCallback
 .text.HAL_TIM_TriggerCallback
                0x08003782        0x2 CMakeFiles/RC2025.elf.dir/Drivers/STM32F4xx_HAL_Driver/Src/stm32f4xx_hal_tim.c.obj
                0x08003782                HAL_TIM_TriggerCallback
 .text.HAL_TIM_IRQHandler
                0x08003784      0x15e CMakeFiles/RC2025.elf.dir/Drivers/STM32F4xx_HAL_Driver/Src/stm32f4xx_hal_tim.c.obj
                0x08003784                HAL_TIM_IRQHandler
 *fill*         0x080038e2        0x2 
 .text.TIM_Base_SetConfig
                0x080038e4       0xd8 CMakeFiles/RC2025.elf.dir/Drivers/STM32F4xx_HAL_Driver/Src/stm32f4xx_hal_tim.c.obj
                0x080038e4                TIM_Base_SetConfig
 .text.HAL_TIM_Base_Init
                0x080039bc       0x58 CMakeFiles/RC2025.elf.dir/Drivers/STM32F4xx_HAL_Driver/Src/stm32f4xx_hal_tim.c.obj
                0x080039bc                HAL_TIM_Base_Init
 .text.HAL_TIMEx_CommutCallback
                0x08003a14        0x2 CMakeFiles/RC2025.elf.dir/Drivers/STM32F4xx_HAL_Driver/Src/stm32f4xx_hal_tim_ex.c.obj
                0x08003a14                HAL_TIMEx_CommutCallback
 .text.HAL_TIMEx_BreakCallback
                0x08003a16        0x2 CMakeFiles/RC2025.elf.dir/Drivers/STM32F4xx_HAL_Driver/Src/stm32f4xx_hal_tim_ex.c.obj
                0x08003a16                HAL_TIMEx_BreakCallback
 .text.UART_EndTxTransfer
                0x08003a18       0x20 CMakeFiles/RC2025.elf.dir/Drivers/STM32F4xx_HAL_Driver/Src/stm32f4xx_hal_uart.c.obj
 .text.UART_EndRxTransfer
                0x08003a38       0x5c CMakeFiles/RC2025.elf.dir/Drivers/STM32F4xx_HAL_Driver/Src/stm32f4xx_hal_uart.c.obj
 .text.UART_Transmit_IT
                0x08003a94       0x60 CMakeFiles/RC2025.elf.dir/Drivers/STM32F4xx_HAL_Driver/Src/stm32f4xx_hal_uart.c.obj
 .text.UART_SetConfig
                0x08003af4      0x110 CMakeFiles/RC2025.elf.dir/Drivers/STM32F4xx_HAL_Driver/Src/stm32f4xx_hal_uart.c.obj
 .text.HAL_UART_Init
                0x08003c04       0x60 CMakeFiles/RC2025.elf.dir/Drivers/STM32F4xx_HAL_Driver/Src/stm32f4xx_hal_uart.c.obj
                0x08003c04                HAL_UART_Init
 .text.HAL_UART_Transmit_DMA
                0x08003c64       0x84 CMakeFiles/RC2025.elf.dir/Drivers/STM32F4xx_HAL_Driver/Src/stm32f4xx_hal_uart.c.obj
                0x08003c64                HAL_UART_Transmit_DMA
 .text.HAL_UART_DMAStop
                0x08003ce8       0x84 CMakeFiles/RC2025.elf.dir/Drivers/STM32F4xx_HAL_Driver/Src/stm32f4xx_hal_uart.c.obj
                0x08003ce8                HAL_UART_DMAStop
 .text.HAL_UART_TxCpltCallback
                0x08003d6c        0x2 CMakeFiles/RC2025.elf.dir/Drivers/STM32F4xx_HAL_Driver/Src/stm32f4xx_hal_uart.c.obj
                0x08003d6c                HAL_UART_TxCpltCallback
 .text.UART_DMATransmitCplt
                0x08003d6e       0x4c CMakeFiles/RC2025.elf.dir/Drivers/STM32F4xx_HAL_Driver/Src/stm32f4xx_hal_uart.c.obj
 .text.UART_EndTransmit_IT
                0x08003dba       0x1a CMakeFiles/RC2025.elf.dir/Drivers/STM32F4xx_HAL_Driver/Src/stm32f4xx_hal_uart.c.obj
 .text.HAL_UART_TxHalfCpltCallback
                0x08003dd4        0x2 CMakeFiles/RC2025.elf.dir/Drivers/STM32F4xx_HAL_Driver/Src/stm32f4xx_hal_uart.c.obj
                0x08003dd4                HAL_UART_TxHalfCpltCallback
 .text.UART_DMATxHalfCplt
                0x08003dd6        0xa CMakeFiles/RC2025.elf.dir/Drivers/STM32F4xx_HAL_Driver/Src/stm32f4xx_hal_uart.c.obj
 .text.HAL_UART_RxCpltCallback
                0x08003de0        0x2 CMakeFiles/RC2025.elf.dir/Drivers/STM32F4xx_HAL_Driver/Src/stm32f4xx_hal_uart.c.obj
                0x08003de0                HAL_UART_RxCpltCallback
 .text.HAL_UART_RxHalfCpltCallback
                0x08003de2        0x2 CMakeFiles/RC2025.elf.dir/Drivers/STM32F4xx_HAL_Driver/Src/stm32f4xx_hal_uart.c.obj
                0x08003de2                HAL_UART_RxHalfCpltCallback
 .text.HAL_UART_ErrorCallback
                0x08003de4        0x2 CMakeFiles/RC2025.elf.dir/Drivers/STM32F4xx_HAL_Driver/Src/stm32f4xx_hal_uart.c.obj
                0x08003de4                HAL_UART_ErrorCallback
 .text.UART_DMAError
                0x08003de6       0x58 CMakeFiles/RC2025.elf.dir/Drivers/STM32F4xx_HAL_Driver/Src/stm32f4xx_hal_uart.c.obj
 .text.UART_DMAAbortOnError
                0x08003e3e       0x10 CMakeFiles/RC2025.elf.dir/Drivers/STM32F4xx_HAL_Driver/Src/stm32f4xx_hal_uart.c.obj
 .text.HAL_UARTEx_RxEventCallback
                0x08003e4e        0x2 CMakeFiles/RC2025.elf.dir/Drivers/STM32F4xx_HAL_Driver/Src/stm32f4xx_hal_uart.c.obj
                0x08003e4e                HAL_UARTEx_RxEventCallback
 .text.UART_Receive_IT
                0x08003e50       0xe6 CMakeFiles/RC2025.elf.dir/Drivers/STM32F4xx_HAL_Driver/Src/stm32f4xx_hal_uart.c.obj
 *fill*         0x08003f36        0x2 
 .text.HAL_UART_IRQHandler
                0x08003f38      0x288 CMakeFiles/RC2025.elf.dir/Drivers/STM32F4xx_HAL_Driver/Src/stm32f4xx_hal_uart.c.obj
                0x08003f38                HAL_UART_IRQHandler
 .text.UART_DMARxHalfCplt
                0x080041c0       0x1e CMakeFiles/RC2025.elf.dir/Drivers/STM32F4xx_HAL_Driver/Src/stm32f4xx_hal_uart.c.obj
 .text.UART_DMAReceiveCplt
                0x080041de       0x9a CMakeFiles/RC2025.elf.dir/Drivers/STM32F4xx_HAL_Driver/Src/stm32f4xx_hal_uart.c.obj
 .text.UART_Start_Receive_DMA
                0x08004278       0xa4 CMakeFiles/RC2025.elf.dir/Drivers/STM32F4xx_HAL_Driver/Src/stm32f4xx_hal_uart.c.obj
                0x08004278                UART_Start_Receive_DMA
 .text.HAL_UART_Receive_DMA
                0x0800431c       0x26 CMakeFiles/RC2025.elf.dir/Drivers/STM32F4xx_HAL_Driver/Src/stm32f4xx_hal_uart.c.obj
                0x0800431c                HAL_UART_Receive_DMA
 .text.SysTick_Handler
                0x08004342       0x18 CMakeFiles/RC2025.elf.dir/Middlewares/Third_Party/FreeRTOS/Source/CMSIS_RTOS_V2/cmsis_os2.c.obj
                0x08004342                SysTick_Handler
 *fill*         0x0800435a        0x2 
 .text.osKernelInitialize
                0x0800435c       0x24 CMakeFiles/RC2025.elf.dir/Middlewares/Third_Party/FreeRTOS/Source/CMSIS_RTOS_V2/cmsis_os2.c.obj
                0x0800435c                osKernelInitialize
 .text.osKernelStart
                0x08004380       0x38 CMakeFiles/RC2025.elf.dir/Middlewares/Third_Party/FreeRTOS/Source/CMSIS_RTOS_V2/cmsis_os2.c.obj
                0x08004380                osKernelStart
 .text.osThreadNew
                0x080043b8       0xbc CMakeFiles/RC2025.elf.dir/Middlewares/Third_Party/FreeRTOS/Source/CMSIS_RTOS_V2/cmsis_os2.c.obj
                0x080043b8                osThreadNew
 .text.osDelay  0x08004474       0x1c CMakeFiles/RC2025.elf.dir/Middlewares/Third_Party/FreeRTOS/Source/CMSIS_RTOS_V2/cmsis_os2.c.obj
                0x08004474                osDelay
 .text.vApplicationGetIdleTaskMemory
                0x08004490       0x18 CMakeFiles/RC2025.elf.dir/Middlewares/Third_Party/FreeRTOS/Source/CMSIS_RTOS_V2/cmsis_os2.c.obj
                0x08004490                vApplicationGetIdleTaskMemory
 .text.vApplicationGetTimerTaskMemory
                0x080044a8       0x18 CMakeFiles/RC2025.elf.dir/Middlewares/Third_Party/FreeRTOS/Source/CMSIS_RTOS_V2/cmsis_os2.c.obj
                0x080044a8                vApplicationGetTimerTaskMemory
 .text.vListInitialise
                0x080044c0       0x16 CMakeFiles/RC2025.elf.dir/Middlewares/Third_Party/FreeRTOS/Source/list.c.obj
                0x080044c0                vListInitialise
 .text.vListInitialiseItem
                0x080044d6        0x6 CMakeFiles/RC2025.elf.dir/Middlewares/Third_Party/FreeRTOS/Source/list.c.obj
                0x080044d6                vListInitialiseItem
 .text.vListInsertEnd
                0x080044dc       0x16 CMakeFiles/RC2025.elf.dir/Middlewares/Third_Party/FreeRTOS/Source/list.c.obj
                0x080044dc                vListInsertEnd
 .text.vListInsert
                0x080044f2       0x32 CMakeFiles/RC2025.elf.dir/Middlewares/Third_Party/FreeRTOS/Source/list.c.obj
                0x080044f2                vListInsert
 .text.uxListRemove
                0x08004524       0x26 CMakeFiles/RC2025.elf.dir/Middlewares/Third_Party/FreeRTOS/Source/list.c.obj
                0x08004524                uxListRemove
 *fill*         0x0800454a        0x2 
 .text.prvTaskExitError
                0x0800454c       0x40 CMakeFiles/RC2025.elf.dir/Middlewares/Third_Party/FreeRTOS/Source/portable/GCC/ARM_CM4F/port.c.obj
 .text.prvPortStartFirstTask
                0x0800458c       0x28 CMakeFiles/RC2025.elf.dir/Middlewares/Third_Party/FreeRTOS/Source/portable/GCC/ARM_CM4F/port.c.obj
 .text.vPortEnableVFP
                0x080045b4       0x14 CMakeFiles/RC2025.elf.dir/Middlewares/Third_Party/FreeRTOS/Source/portable/GCC/ARM_CM4F/port.c.obj
 .text.pxPortInitialiseStack
                0x080045c8       0x2c CMakeFiles/RC2025.elf.dir/Middlewares/Third_Party/FreeRTOS/Source/portable/GCC/ARM_CM4F/port.c.obj
                0x080045c8                pxPortInitialiseStack
 *fill*         0x080045f4        0xc 
 .text.SVC_Handler
                0x08004600       0x24 CMakeFiles/RC2025.elf.dir/Middlewares/Third_Party/FreeRTOS/Source/portable/GCC/ARM_CM4F/port.c.obj
                0x08004600                SVC_Handler
 .text.vPortEnterCritical
                0x08004624       0x44 CMakeFiles/RC2025.elf.dir/Middlewares/Third_Party/FreeRTOS/Source/portable/GCC/ARM_CM4F/port.c.obj
                0x08004624                vPortEnterCritical
 .text.vPortExitCritical
                0x08004668       0x2c CMakeFiles/RC2025.elf.dir/Middlewares/Third_Party/FreeRTOS/Source/portable/GCC/ARM_CM4F/port.c.obj
                0x08004668                vPortExitCritical
 *fill*         0x08004694        0xc 
 .text.PendSV_Handler
                0x080046a0       0x64 CMakeFiles/RC2025.elf.dir/Middlewares/Third_Party/FreeRTOS/Source/portable/GCC/ARM_CM4F/port.c.obj
                0x080046a0                PendSV_Handler
 .text.xPortSysTickHandler
                0x08004704       0x2c CMakeFiles/RC2025.elf.dir/Middlewares/Third_Party/FreeRTOS/Source/portable/GCC/ARM_CM4F/port.c.obj
                0x08004704                xPortSysTickHandler
 .text.vPortSetupTimerInterrupt
                0x08004730       0x28 CMakeFiles/RC2025.elf.dir/Middlewares/Third_Party/FreeRTOS/Source/portable/GCC/ARM_CM4F/port.c.obj
                0x08004730                vPortSetupTimerInterrupt
 .text.xPortStartScheduler
                0x08004758      0x118 CMakeFiles/RC2025.elf.dir/Middlewares/Third_Party/FreeRTOS/Source/portable/GCC/ARM_CM4F/port.c.obj
                0x08004758                xPortStartScheduler
 .text.vPortValidateInterruptPriority
                0x08004870       0x5c CMakeFiles/RC2025.elf.dir/Middlewares/Third_Party/FreeRTOS/Source/portable/GCC/ARM_CM4F/port.c.obj
                0x08004870                vPortValidateInterruptPriority
 .text.prvHeapInit
                0x080048cc       0x64 CMakeFiles/RC2025.elf.dir/Middlewares/Third_Party/FreeRTOS/Source/portable/MemMang/heap_4.c.obj
 .text.prvInsertBlockIntoFreeList
                0x08004930       0x64 CMakeFiles/RC2025.elf.dir/Middlewares/Third_Party/FreeRTOS/Source/portable/MemMang/heap_4.c.obj
 .text.pvPortMalloc
                0x08004994       0xfc CMakeFiles/RC2025.elf.dir/Middlewares/Third_Party/FreeRTOS/Source/portable/MemMang/heap_4.c.obj
                0x08004994                pvPortMalloc
 .text.vPortFree
                0x08004a90       0x7c CMakeFiles/RC2025.elf.dir/Middlewares/Third_Party/FreeRTOS/Source/portable/MemMang/heap_4.c.obj
                0x08004a90                vPortFree
 .text.prvIsQueueFull
                0x08004b0c       0x1e CMakeFiles/RC2025.elf.dir/Middlewares/Third_Party/FreeRTOS/Source/queue.c.obj
 .text.prvIsQueueEmpty
                0x08004b2a       0x1a CMakeFiles/RC2025.elf.dir/Middlewares/Third_Party/FreeRTOS/Source/queue.c.obj
 .text.prvCopyDataToQueue
                0x08004b44       0x76 CMakeFiles/RC2025.elf.dir/Middlewares/Third_Party/FreeRTOS/Source/queue.c.obj
 .text.prvCopyDataFromQueue
                0x08004bba       0x24 CMakeFiles/RC2025.elf.dir/Middlewares/Third_Party/FreeRTOS/Source/queue.c.obj
 .text.prvUnlockQueue
                0x08004bde       0x6e CMakeFiles/RC2025.elf.dir/Middlewares/Third_Party/FreeRTOS/Source/queue.c.obj
 .text.xQueueGenericReset
                0x08004c4c       0x84 CMakeFiles/RC2025.elf.dir/Middlewares/Third_Party/FreeRTOS/Source/queue.c.obj
                0x08004c4c                xQueueGenericReset
 .text.prvInitialiseNewQueue
                0x08004cd0       0x22 CMakeFiles/RC2025.elf.dir/Middlewares/Third_Party/FreeRTOS/Source/queue.c.obj
 .text.xQueueGenericCreateStatic
                0x08004cf2       0x94 CMakeFiles/RC2025.elf.dir/Middlewares/Third_Party/FreeRTOS/Source/queue.c.obj
                0x08004cf2                xQueueGenericCreateStatic
 .text.xQueueGenericSend
                0x08004d86      0x188 CMakeFiles/RC2025.elf.dir/Middlewares/Third_Party/FreeRTOS/Source/queue.c.obj
                0x08004d86                xQueueGenericSend
 .text.xQueueGenericSendFromISR
                0x08004f0e       0xce CMakeFiles/RC2025.elf.dir/Middlewares/Third_Party/FreeRTOS/Source/queue.c.obj
                0x08004f0e                xQueueGenericSendFromISR
 .text.xQueueReceive
                0x08004fdc      0x15e CMakeFiles/RC2025.elf.dir/Middlewares/Third_Party/FreeRTOS/Source/queue.c.obj
                0x08004fdc                xQueueReceive
 *fill*         0x0800513a        0x2 
 .text.vQueueAddToRegistry
                0x0800513c       0x28 CMakeFiles/RC2025.elf.dir/Middlewares/Third_Party/FreeRTOS/Source/queue.c.obj
                0x0800513c                vQueueAddToRegistry
 .text.vQueueWaitForMessageRestricted
                0x08005164       0x52 CMakeFiles/RC2025.elf.dir/Middlewares/Third_Party/FreeRTOS/Source/queue.c.obj
                0x08005164                vQueueWaitForMessageRestricted
 *fill*         0x080051b6        0x2 
 .text.prvResetNextTaskUnblockTime
                0x080051b8       0x2c CMakeFiles/RC2025.elf.dir/Middlewares/Third_Party/FreeRTOS/Source/tasks.c.obj
 .text.prvInitialiseNewTask
                0x080051e4       0xa6 CMakeFiles/RC2025.elf.dir/Middlewares/Third_Party/FreeRTOS/Source/tasks.c.obj
 *fill*         0x0800528a        0x2 
 .text.prvInitialiseTaskLists
                0x0800528c       0x68 CMakeFiles/RC2025.elf.dir/Middlewares/Third_Party/FreeRTOS/Source/tasks.c.obj
 .text.prvAddNewTaskToReadyList
                0x080052f4       0xac CMakeFiles/RC2025.elf.dir/Middlewares/Third_Party/FreeRTOS/Source/tasks.c.obj
 .text.prvDeleteTCB
                0x080053a0       0x38 CMakeFiles/RC2025.elf.dir/Middlewares/Third_Party/FreeRTOS/Source/tasks.c.obj
 .text.prvCheckTasksWaitingTermination
                0x080053d8       0x4c CMakeFiles/RC2025.elf.dir/Middlewares/Third_Party/FreeRTOS/Source/tasks.c.obj
 .text.prvIdleTask
                0x08005424       0x28 CMakeFiles/RC2025.elf.dir/Middlewares/Third_Party/FreeRTOS/Source/tasks.c.obj
 .text.prvAddCurrentTaskToDelayedList
                0x0800544c       0x7c CMakeFiles/RC2025.elf.dir/Middlewares/Third_Party/FreeRTOS/Source/tasks.c.obj
 .text.xTaskCreateStatic
                0x080054c8       0x76 CMakeFiles/RC2025.elf.dir/Middlewares/Third_Party/FreeRTOS/Source/tasks.c.obj
                0x080054c8                xTaskCreateStatic
 .text.xTaskCreate
                0x0800553e       0x68 CMakeFiles/RC2025.elf.dir/Middlewares/Third_Party/FreeRTOS/Source/tasks.c.obj
                0x0800553e                xTaskCreate
 *fill*         0x080055a6        0x2 
 .text.vTaskStartScheduler
                0x080055a8       0x9c CMakeFiles/RC2025.elf.dir/Middlewares/Third_Party/FreeRTOS/Source/tasks.c.obj
                0x080055a8                vTaskStartScheduler
 .text.vTaskSuspendAll
                0x08005644       0x10 CMakeFiles/RC2025.elf.dir/Middlewares/Third_Party/FreeRTOS/Source/tasks.c.obj
                0x08005644                vTaskSuspendAll
 .text.xTaskGetTickCount
                0x08005654        0xc CMakeFiles/RC2025.elf.dir/Middlewares/Third_Party/FreeRTOS/Source/tasks.c.obj
                0x08005654                xTaskGetTickCount
 .text.xTaskIncrementTick
                0x08005660      0x118 CMakeFiles/RC2025.elf.dir/Middlewares/Third_Party/FreeRTOS/Source/tasks.c.obj
                0x08005660                xTaskIncrementTick
 .text.xTaskResumeAll
                0x08005778       0xf8 CMakeFiles/RC2025.elf.dir/Middlewares/Third_Party/FreeRTOS/Source/tasks.c.obj
                0x08005778                xTaskResumeAll
 .text.vTaskDelayUntil
                0x08005870       0xa4 CMakeFiles/RC2025.elf.dir/Middlewares/Third_Party/FreeRTOS/Source/tasks.c.obj
                0x08005870                vTaskDelayUntil
 .text.vTaskDelay
                0x08005914       0x4c CMakeFiles/RC2025.elf.dir/Middlewares/Third_Party/FreeRTOS/Source/tasks.c.obj
                0x08005914                vTaskDelay
 .text.vTaskSwitchContext
                0x08005960       0x94 CMakeFiles/RC2025.elf.dir/Middlewares/Third_Party/FreeRTOS/Source/tasks.c.obj
                0x08005960                vTaskSwitchContext
 .text.vTaskPlaceOnEventList
                0x080059f4       0x30 CMakeFiles/RC2025.elf.dir/Middlewares/Third_Party/FreeRTOS/Source/tasks.c.obj
                0x080059f4                vTaskPlaceOnEventList
 .text.vTaskPlaceOnEventListRestricted
                0x08005a24       0x38 CMakeFiles/RC2025.elf.dir/Middlewares/Third_Party/FreeRTOS/Source/tasks.c.obj
                0x08005a24                vTaskPlaceOnEventListRestricted
 .text.xTaskRemoveFromEventList
                0x08005a5c       0x8c CMakeFiles/RC2025.elf.dir/Middlewares/Third_Party/FreeRTOS/Source/tasks.c.obj
                0x08005a5c                xTaskRemoveFromEventList
 .text.vTaskInternalSetTimeOutState
                0x08005ae8       0x18 CMakeFiles/RC2025.elf.dir/Middlewares/Third_Party/FreeRTOS/Source/tasks.c.obj
                0x08005ae8                vTaskInternalSetTimeOutState
 .text.xTaskCheckForTimeOut
                0x08005b00       0x84 CMakeFiles/RC2025.elf.dir/Middlewares/Third_Party/FreeRTOS/Source/tasks.c.obj
                0x08005b00                xTaskCheckForTimeOut
 .text.vTaskMissedYield
                0x08005b84        0xc CMakeFiles/RC2025.elf.dir/Middlewares/Third_Party/FreeRTOS/Source/tasks.c.obj
                0x08005b84                vTaskMissedYield
 .text.xTaskGetSchedulerState
                0x08005b90       0x20 CMakeFiles/RC2025.elf.dir/Middlewares/Third_Party/FreeRTOS/Source/tasks.c.obj
                0x08005b90                xTaskGetSchedulerState
 .text.xTaskPriorityDisinherit
                0x08005bb0       0x90 CMakeFiles/RC2025.elf.dir/Middlewares/Third_Party/FreeRTOS/Source/tasks.c.obj
                0x08005bb0                xTaskPriorityDisinherit
 .text.prvGetNextExpireTime
                0x08005c40       0x20 CMakeFiles/RC2025.elf.dir/Middlewares/Third_Party/FreeRTOS/Source/timers.c.obj
 .text.prvInsertTimerInActiveList
                0x08005c60       0x48 CMakeFiles/RC2025.elf.dir/Middlewares/Third_Party/FreeRTOS/Source/timers.c.obj
 .text.prvCheckForValidListAndQueue
                0x08005ca8       0x70 CMakeFiles/RC2025.elf.dir/Middlewares/Third_Party/FreeRTOS/Source/timers.c.obj
 .text.xTimerCreateTimerTask
                0x08005d18       0x64 CMakeFiles/RC2025.elf.dir/Middlewares/Third_Party/FreeRTOS/Source/timers.c.obj
                0x08005d18                xTimerCreateTimerTask
 .text.xTimerGenericCommand
                0x08005d7c       0x6c CMakeFiles/RC2025.elf.dir/Middlewares/Third_Party/FreeRTOS/Source/timers.c.obj
                0x08005d7c                xTimerGenericCommand
 .text.prvSwitchTimerLists
                0x08005de8       0x7c CMakeFiles/RC2025.elf.dir/Middlewares/Third_Party/FreeRTOS/Source/timers.c.obj
 .text.prvSampleTimeNow
                0x08005e64       0x2c CMakeFiles/RC2025.elf.dir/Middlewares/Third_Party/FreeRTOS/Source/timers.c.obj
 .text.prvProcessExpiredTimer
                0x08005e90       0x6c CMakeFiles/RC2025.elf.dir/Middlewares/Third_Party/FreeRTOS/Source/timers.c.obj
 .text.prvProcessTimerOrBlockTask
                0x08005efc       0x74 CMakeFiles/RC2025.elf.dir/Middlewares/Third_Party/FreeRTOS/Source/timers.c.obj
 .text.prvProcessReceivedCommands
                0x08005f70      0x10c CMakeFiles/RC2025.elf.dir/Middlewares/Third_Party/FreeRTOS/Source/timers.c.obj
 .text.prvTimerTask
                0x0800607c       0x16 CMakeFiles/RC2025.elf.dir/Middlewares/Third_Party/FreeRTOS/Source/timers.c.obj
 *fill*         0x08006092        0x2 
 .text.usart_printf
                0x08006094       0x38 CMakeFiles/RC2025.elf.dir/User/debug.c.obj
                0x08006094                usart_printf
 .text.Set_Target_UartInit
                0x080060cc       0x20 CMakeFiles/RC2025.elf.dir/User/debug.c.obj
                0x080060cc                Set_Target_UartInit
 .text.Set_Target_UartIdleCallback
                0x080060ec       0xe4 CMakeFiles/RC2025.elf.dir/User/debug.c.obj
                0x080060ec                Set_Target_UartIdleCallback
 .text.Set_Target_UartIrqHandler
                0x080061d0       0x34 CMakeFiles/RC2025.elf.dir/User/debug.c.obj
                0x080061d0                Set_Target_UartIrqHandler
 .text.roboinit
                0x08006204       0xc8 CMakeFiles/RC2025.elf.dir/User/init.c.obj
                0x08006204                roboinit
 .text.__errno  0x080062cc        0xc d:/gcc-arm-none-eabi-10.3-2021.10-win32/gcc-arm-none-eabi-10.3-2021.10/bin/../lib/gcc/arm-none-eabi/10.3.1/../../../../arm-none-eabi/lib/thumb/v7e-m+fp/hard\libg.a(lib_a-errno.o)
                0x080062cc                __errno
 .text.__libc_init_array
                0x080062d8       0x48 d:/gcc-arm-none-eabi-10.3-2021.10-win32/gcc-arm-none-eabi-10.3-2021.10/bin/../lib/gcc/arm-none-eabi/10.3.1/../../../../arm-none-eabi/lib/thumb/v7e-m+fp/hard\libg.a(lib_a-init.o)
                0x080062d8                __libc_init_array
 .text.memset   0x08006320       0xa4 d:/gcc-arm-none-eabi-10.3-2021.10-win32/gcc-arm-none-eabi-10.3-2021.10/bin/../lib/gcc/arm-none-eabi/10.3.1/../../../../arm-none-eabi/lib/thumb/v7e-m+fp/hard\libg.a(lib_a-memset.o)
                0x08006320                memset
 *fill*         0x080063c4        0x4 
 .text._strtod_l
                0x080063c8      0xf50 d:/gcc-arm-none-eabi-10.3-2021.10-win32/gcc-arm-none-eabi-10.3-2021.10/bin/../lib/gcc/arm-none-eabi/10.3.1/../../../../arm-none-eabi/lib/thumb/v7e-m+fp/hard\libg.a(lib_a-strtod.o)
                0x080063c8                _strtod_l
 .text.strtof   0x08007318       0xb8 d:/gcc-arm-none-eabi-10.3-2021.10-win32/gcc-arm-none-eabi-10.3-2021.10/bin/../lib/gcc/arm-none-eabi/10.3.1/../../../../arm-none-eabi/lib/thumb/v7e-m+fp/hard\libg.a(lib_a-strtod.o)
                0x08007318                strtof
 .text.vsnprintf
                0x080073d0       0x70 d:/gcc-arm-none-eabi-10.3-2021.10-win32/gcc-arm-none-eabi-10.3-2021.10/bin/../lib/gcc/arm-none-eabi/10.3.1/../../../../arm-none-eabi/lib/thumb/v7e-m+fp/hard\libg.a(lib_a-vsnprintf.o)
                0x080073d0                vsnprintf
 .text.rshift   0x08007440       0xa4 d:/gcc-arm-none-eabi-10.3-2021.10-win32/gcc-arm-none-eabi-10.3-2021.10/bin/../lib/gcc/arm-none-eabi/10.3.1/../../../../arm-none-eabi/lib/thumb/v7e-m+fp/hard\libg.a(lib_a-gdtoa-gethex.o)
 .text.__gethex
                0x080074e4      0x5d8 d:/gcc-arm-none-eabi-10.3-2021.10-win32/gcc-arm-none-eabi-10.3-2021.10/bin/../lib/gcc/arm-none-eabi/10.3.1/../../../../arm-none-eabi/lib/thumb/v7e-m+fp/hard\libg.a(lib_a-gdtoa-gethex.o)
                0x080074e4                __gethex
 .text.__match  0x08007abc       0x38 d:/gcc-arm-none-eabi-10.3-2021.10-win32/gcc-arm-none-eabi-10.3-2021.10/bin/../lib/gcc/arm-none-eabi/10.3.1/../../../../arm-none-eabi/lib/thumb/v7e-m+fp/hard\libg.a(lib_a-gdtoa-hexnan.o)
                0x08007abc                __match
 .text.__hexnan
                0x08007af4      0x1ac d:/gcc-arm-none-eabi-10.3-2021.10-win32/gcc-arm-none-eabi-10.3-2021.10/bin/../lib/gcc/arm-none-eabi/10.3.1/../../../../arm-none-eabi/lib/thumb/v7e-m+fp/hard\libg.a(lib_a-gdtoa-hexnan.o)
                0x08007af4                __hexnan
 .text.__locale_mb_cur_max
                0x08007ca0        0xc d:/gcc-arm-none-eabi-10.3-2021.10-win32/gcc-arm-none-eabi-10.3-2021.10/bin/../lib/gcc/arm-none-eabi/10.3.1/../../../../arm-none-eabi/lib/thumb/v7e-m+fp/hard\libg.a(lib_a-locale.o)
                0x08007ca0                __locale_mb_cur_max
 .text.__retarget_lock_init_recursive
                0x08007cac        0x4 d:/gcc-arm-none-eabi-10.3-2021.10-win32/gcc-arm-none-eabi-10.3-2021.10/bin/../lib/gcc/arm-none-eabi/10.3.1/../../../../arm-none-eabi/lib/thumb/v7e-m+fp/hard\libg.a(lib_a-lock.o)
                0x08007cac                __retarget_lock_init_recursive
 .text.__retarget_lock_close_recursive
                0x08007cb0        0x4 d:/gcc-arm-none-eabi-10.3-2021.10-win32/gcc-arm-none-eabi-10.3-2021.10/bin/../lib/gcc/arm-none-eabi/10.3.1/../../../../arm-none-eabi/lib/thumb/v7e-m+fp/hard\libg.a(lib_a-lock.o)
                0x08007cb0                __retarget_lock_close_recursive
 .text.__retarget_lock_acquire_recursive
                0x08007cb4        0x4 d:/gcc-arm-none-eabi-10.3-2021.10-win32/gcc-arm-none-eabi-10.3-2021.10/bin/../lib/gcc/arm-none-eabi/10.3.1/../../../../arm-none-eabi/lib/thumb/v7e-m+fp/hard\libg.a(lib_a-lock.o)
                0x08007cb4                __retarget_lock_acquire_recursive
 .text.__retarget_lock_release_recursive
                0x08007cb8        0x4 d:/gcc-arm-none-eabi-10.3-2021.10-win32/gcc-arm-none-eabi-10.3-2021.10/bin/../lib/gcc/arm-none-eabi/10.3.1/../../../../arm-none-eabi/lib/thumb/v7e-m+fp/hard\libg.a(lib_a-lock.o)
                0x08007cb8                __retarget_lock_release_recursive
 .text.__ascii_mbtowc
                0x08007cbc       0x2c d:/gcc-arm-none-eabi-10.3-2021.10-win32/gcc-arm-none-eabi-10.3-2021.10/bin/../lib/gcc/arm-none-eabi/10.3.1/../../../../arm-none-eabi/lib/thumb/v7e-m+fp/hard\libg.a(lib_a-mbtowc_r.o)
                0x08007cbc                __ascii_mbtowc
 .text._Balloc  0x08007ce8       0x4c d:/gcc-arm-none-eabi-10.3-2021.10-win32/gcc-arm-none-eabi-10.3-2021.10/bin/../lib/gcc/arm-none-eabi/10.3.1/../../../../arm-none-eabi/lib/thumb/v7e-m+fp/hard\libg.a(lib_a-mprec.o)
                0x08007ce8                _Balloc
 .text._Bfree   0x08007d34       0x14 d:/gcc-arm-none-eabi-10.3-2021.10-win32/gcc-arm-none-eabi-10.3-2021.10/bin/../lib/gcc/arm-none-eabi/10.3.1/../../../../arm-none-eabi/lib/thumb/v7e-m+fp/hard\libg.a(lib_a-mprec.o)
                0x08007d34                _Bfree
 .text.__multadd
                0x08007d48       0xa8 d:/gcc-arm-none-eabi-10.3-2021.10-win32/gcc-arm-none-eabi-10.3-2021.10/bin/../lib/gcc/arm-none-eabi/10.3.1/../../../../arm-none-eabi/lib/thumb/v7e-m+fp/hard\libg.a(lib_a-mprec.o)
                0x08007d48                __multadd
 .text.__s2b    0x08007df0       0xb4 d:/gcc-arm-none-eabi-10.3-2021.10-win32/gcc-arm-none-eabi-10.3-2021.10/bin/../lib/gcc/arm-none-eabi/10.3.1/../../../../arm-none-eabi/lib/thumb/v7e-m+fp/hard\libg.a(lib_a-mprec.o)
                0x08007df0                __s2b
 .text.__hi0bits
                0x08007ea4       0x40 d:/gcc-arm-none-eabi-10.3-2021.10-win32/gcc-arm-none-eabi-10.3-2021.10/bin/../lib/gcc/arm-none-eabi/10.3.1/../../../../arm-none-eabi/lib/thumb/v7e-m+fp/hard\libg.a(lib_a-mprec.o)
                0x08007ea4                __hi0bits
 .text.__lo0bits
                0x08007ee4       0x60 d:/gcc-arm-none-eabi-10.3-2021.10-win32/gcc-arm-none-eabi-10.3-2021.10/bin/../lib/gcc/arm-none-eabi/10.3.1/../../../../arm-none-eabi/lib/thumb/v7e-m+fp/hard\libg.a(lib_a-mprec.o)
                0x08007ee4                __lo0bits
 .text.__i2b    0x08007f44       0x5c d:/gcc-arm-none-eabi-10.3-2021.10-win32/gcc-arm-none-eabi-10.3-2021.10/bin/../lib/gcc/arm-none-eabi/10.3.1/../../../../arm-none-eabi/lib/thumb/v7e-m+fp/hard\libg.a(lib_a-mprec.o)
                0x08007f44                __i2b
 .text.__multiply
                0x08007fa0      0x15c d:/gcc-arm-none-eabi-10.3-2021.10-win32/gcc-arm-none-eabi-10.3-2021.10/bin/../lib/gcc/arm-none-eabi/10.3.1/../../../../arm-none-eabi/lib/thumb/v7e-m+fp/hard\libg.a(lib_a-mprec.o)
                0x08007fa0                __multiply
 .text.__pow5mult
                0x080080fc       0xc0 d:/gcc-arm-none-eabi-10.3-2021.10-win32/gcc-arm-none-eabi-10.3-2021.10/bin/../lib/gcc/arm-none-eabi/10.3.1/../../../../arm-none-eabi/lib/thumb/v7e-m+fp/hard\libg.a(lib_a-mprec.o)
                0x080080fc                __pow5mult
 .text.__lshift
                0x080081bc       0xf0 d:/gcc-arm-none-eabi-10.3-2021.10-win32/gcc-arm-none-eabi-10.3-2021.10/bin/../lib/gcc/arm-none-eabi/10.3.1/../../../../arm-none-eabi/lib/thumb/v7e-m+fp/hard\libg.a(lib_a-mprec.o)
                0x080081bc                __lshift
 .text.__mcmp   0x080082ac       0x44 d:/gcc-arm-none-eabi-10.3-2021.10-win32/gcc-arm-none-eabi-10.3-2021.10/bin/../lib/gcc/arm-none-eabi/10.3.1/../../../../arm-none-eabi/lib/thumb/v7e-m+fp/hard\libg.a(lib_a-mprec.o)
                0x080082ac                __mcmp
 .text.__mdiff  0x080082f0      0x14c d:/gcc-arm-none-eabi-10.3-2021.10-win32/gcc-arm-none-eabi-10.3-2021.10/bin/../lib/gcc/arm-none-eabi/10.3.1/../../../../arm-none-eabi/lib/thumb/v7e-m+fp/hard\libg.a(lib_a-mprec.o)
                0x080082f0                __mdiff
 .text.__ulp    0x0800843c       0x60 d:/gcc-arm-none-eabi-10.3-2021.10-win32/gcc-arm-none-eabi-10.3-2021.10/bin/../lib/gcc/arm-none-eabi/10.3.1/../../../../arm-none-eabi/lib/thumb/v7e-m+fp/hard\libg.a(lib_a-mprec.o)
                0x0800843c                __ulp
 .text.__b2d    0x0800849c       0xc0 d:/gcc-arm-none-eabi-10.3-2021.10-win32/gcc-arm-none-eabi-10.3-2021.10/bin/../lib/gcc/arm-none-eabi/10.3.1/../../../../arm-none-eabi/lib/thumb/v7e-m+fp/hard\libg.a(lib_a-mprec.o)
                0x0800849c                __b2d
 .text.__d2b    0x0800855c       0xd0 d:/gcc-arm-none-eabi-10.3-2021.10-win32/gcc-arm-none-eabi-10.3-2021.10/bin/../lib/gcc/arm-none-eabi/10.3.1/../../../../arm-none-eabi/lib/thumb/v7e-m+fp/hard\libg.a(lib_a-mprec.o)
                0x0800855c                __d2b
 .text.__ratio  0x0800862c       0x5c d:/gcc-arm-none-eabi-10.3-2021.10-win32/gcc-arm-none-eabi-10.3-2021.10/bin/../lib/gcc/arm-none-eabi/10.3.1/../../../../arm-none-eabi/lib/thumb/v7e-m+fp/hard\libg.a(lib_a-mprec.o)
                0x0800862c                __ratio
 .text.__copybits
                0x08008688       0x5c d:/gcc-arm-none-eabi-10.3-2021.10-win32/gcc-arm-none-eabi-10.3-2021.10/bin/../lib/gcc/arm-none-eabi/10.3.1/../../../../arm-none-eabi/lib/thumb/v7e-m+fp/hard\libg.a(lib_a-mprec.o)
                0x08008688                __copybits
 .text.__any_on
                0x080086e4       0x64 d:/gcc-arm-none-eabi-10.3-2021.10-win32/gcc-arm-none-eabi-10.3-2021.10/bin/../lib/gcc/arm-none-eabi/10.3.1/../../../../arm-none-eabi/lib/thumb/v7e-m+fp/hard\libg.a(lib_a-mprec.o)
                0x080086e4                __any_on
 .text.nan      0x08008748       0x10 d:/gcc-arm-none-eabi-10.3-2021.10-win32/gcc-arm-none-eabi-10.3-2021.10/bin/../lib/gcc/arm-none-eabi/10.3.1/../../../../arm-none-eabi/lib/thumb/v7e-m+fp/hard\libg.a(lib_a-s_nan.o)
                0x08008748                nan
 .text.nanf     0x08008758        0xc d:/gcc-arm-none-eabi-10.3-2021.10-win32/gcc-arm-none-eabi-10.3-2021.10/bin/../lib/gcc/arm-none-eabi/10.3.1/../../../../arm-none-eabi/lib/thumb/v7e-m+fp/hard\libg.a(lib_a-sf_nan.o)
                0x08008758                nanf
 .text.strncmp  0x08008764       0x80 d:/gcc-arm-none-eabi-10.3-2021.10-win32/gcc-arm-none-eabi-10.3-2021.10/bin/../lib/gcc/arm-none-eabi/10.3.1/../../../../arm-none-eabi/lib/thumb/v7e-m+fp/hard\libg.a(lib_a-strncmp.o)
                0x08008764                strncmp
 *fill*         0x080087e4        0x4 
 .text._svfprintf_r
                0x080087e8     0x1acc d:/gcc-arm-none-eabi-10.3-2021.10-win32/gcc-arm-none-eabi-10.3-2021.10/bin/../lib/gcc/arm-none-eabi/10.3.1/../../../../arm-none-eabi/lib/thumb/v7e-m+fp/hard\libg.a(lib_a-svfprintf.o)
                0x080087e8                _svfprintf_r
 .text.__ascii_wctomb
                0x0800a2b4       0x1c d:/gcc-arm-none-eabi-10.3-2021.10-win32/gcc-arm-none-eabi-10.3-2021.10/bin/../lib/gcc/arm-none-eabi/10.3.1/../../../../arm-none-eabi/lib/thumb/v7e-m+fp/hard\libg.a(lib_a-wctomb_r.o)
                0x0800a2b4                __ascii_wctomb
 .text.__assert_func
                0x0800a2d0       0x40 d:/gcc-arm-none-eabi-10.3-2021.10-win32/gcc-arm-none-eabi-10.3-2021.10/bin/../lib/gcc/arm-none-eabi/10.3.1/../../../../arm-none-eabi/lib/thumb/v7e-m+fp/hard\libg.a(lib_a-assert.o)
                0x0800a2d0                __assert_func
 .text._calloc_r
                0x0800a310       0x78 d:/gcc-arm-none-eabi-10.3-2021.10-win32/gcc-arm-none-eabi-10.3-2021.10/bin/../lib/gcc/arm-none-eabi/10.3.1/../../../../arm-none-eabi/lib/thumb/v7e-m+fp/hard\libg.a(lib_a-callocr.o)
                0x0800a310                _calloc_r
 .text.quorem   0x0800a388      0x128 d:/gcc-arm-none-eabi-10.3-2021.10-win32/gcc-arm-none-eabi-10.3-2021.10/bin/../lib/gcc/arm-none-eabi/10.3.1/../../../../arm-none-eabi/lib/thumb/v7e-m+fp/hard\libg.a(lib_a-dtoa.o)
 .text._dtoa_r  0x0800a4b0      0xf3c d:/gcc-arm-none-eabi-10.3-2021.10-win32/gcc-arm-none-eabi-10.3-2021.10/bin/../lib/gcc/arm-none-eabi/10.3.1/../../../../arm-none-eabi/lib/thumb/v7e-m+fp/hard\libg.a(lib_a-dtoa.o)
                0x0800a4b0                _dtoa_r
 .text.fiprintf
                0x0800b3ec       0x28 d:/gcc-arm-none-eabi-10.3-2021.10-win32/gcc-arm-none-eabi-10.3-2021.10/bin/../lib/gcc/arm-none-eabi/10.3.1/../../../../arm-none-eabi/lib/thumb/v7e-m+fp/hard\libg.a(lib_a-fiprintf.o)
                0x0800b3ec                fiprintf
 .text._malloc_trim_r
                0x0800b414       0xa0 d:/gcc-arm-none-eabi-10.3-2021.10-win32/gcc-arm-none-eabi-10.3-2021.10/bin/../lib/gcc/arm-none-eabi/10.3.1/../../../../arm-none-eabi/lib/thumb/v7e-m+fp/hard\libg.a(lib_a-freer.o)
                0x0800b414                _malloc_trim_r
 .text._free_r  0x0800b4b4      0x20c d:/gcc-arm-none-eabi-10.3-2021.10-win32/gcc-arm-none-eabi-10.3-2021.10/bin/../lib/gcc/arm-none-eabi/10.3.1/../../../../arm-none-eabi/lib/thumb/v7e-m+fp/hard\libg.a(lib_a-freer.o)
                0x0800b4b4                _free_r
 .text._localeconv_r
                0x0800b6c0        0x8 d:/gcc-arm-none-eabi-10.3-2021.10-win32/gcc-arm-none-eabi-10.3-2021.10/bin/../lib/gcc/arm-none-eabi/10.3.1/../../../../arm-none-eabi/lib/thumb/v7e-m+fp/hard\libg.a(lib_a-localeconv.o)
                0x0800b6c0                _localeconv_r
 .text._malloc_r
                0x0800b6c8      0x560 d:/gcc-arm-none-eabi-10.3-2021.10-win32/gcc-arm-none-eabi-10.3-2021.10/bin/../lib/gcc/arm-none-eabi/10.3.1/../../../../arm-none-eabi/lib/thumb/v7e-m+fp/hard\libg.a(lib_a-mallocr.o)
                0x0800b6c8                _malloc_r
 .text.__malloc_lock
                0x0800bc28        0xc d:/gcc-arm-none-eabi-10.3-2021.10-win32/gcc-arm-none-eabi-10.3-2021.10/bin/../lib/gcc/arm-none-eabi/10.3.1/../../../../arm-none-eabi/lib/thumb/v7e-m+fp/hard\libg.a(lib_a-mlock.o)
                0x0800bc28                __malloc_lock
 .text.__malloc_unlock
                0x0800bc34        0xc d:/gcc-arm-none-eabi-10.3-2021.10-win32/gcc-arm-none-eabi-10.3-2021.10/bin/../lib/gcc/arm-none-eabi/10.3.1/../../../../arm-none-eabi/lib/thumb/v7e-m+fp/hard\libg.a(lib_a-mlock.o)
                0x0800bc34                __malloc_unlock
 .text.frexp    0x0800bc40       0x6c d:/gcc-arm-none-eabi-10.3-2021.10-win32/gcc-arm-none-eabi-10.3-2021.10/bin/../lib/gcc/arm-none-eabi/10.3.1/../../../../arm-none-eabi/lib/thumb/v7e-m+fp/hard\libg.a(lib_a-s_frexp.o)
                0x0800bc40                frexp
 .text._sbrk_r  0x0800bcac       0x24 d:/gcc-arm-none-eabi-10.3-2021.10-win32/gcc-arm-none-eabi-10.3-2021.10/bin/../lib/gcc/arm-none-eabi/10.3.1/../../../../arm-none-eabi/lib/thumb/v7e-m+fp/hard\libg.a(lib_a-sbrkr.o)
                0x0800bcac                _sbrk_r
 .text.strncpy  0x0800bcd0       0x64 d:/gcc-arm-none-eabi-10.3-2021.10-win32/gcc-arm-none-eabi-10.3-2021.10/bin/../lib/gcc/arm-none-eabi/10.3.1/../../../../arm-none-eabi/lib/thumb/v7e-m+fp/hard\libg.a(lib_a-strncpy.o)
                0x0800bcd0                strncpy
 .text.__ssprint_r
                0x0800bd34       0xf8 d:/gcc-arm-none-eabi-10.3-2021.10-win32/gcc-arm-none-eabi-10.3-2021.10/bin/../lib/gcc/arm-none-eabi/10.3.1/../../../../arm-none-eabi/lib/thumb/v7e-m+fp/hard\libg.a(lib_a-svfiprintf.o)
                0x0800bd34                __ssprint_r
 .text.__sprint_r.part.0
                0x0800be2c       0x78 d:/gcc-arm-none-eabi-10.3-2021.10-win32/gcc-arm-none-eabi-10.3-2021.10/bin/../lib/gcc/arm-none-eabi/10.3.1/../../../../arm-none-eabi/lib/thumb/v7e-m+fp/hard\libg.a(lib_a-vfiprintf.o)
 .text._vfiprintf_r
                0x0800bea4      0xdfc d:/gcc-arm-none-eabi-10.3-2021.10-win32/gcc-arm-none-eabi-10.3-2021.10/bin/../lib/gcc/arm-none-eabi/10.3.1/../../../../arm-none-eabi/lib/thumb/v7e-m+fp/hard\libg.a(lib_a-vfiprintf.o)
                0x0800bea4                _vfiprintf_r
 .text.__sbprintf
                0x0800cca0       0x80 d:/gcc-arm-none-eabi-10.3-2021.10-win32/gcc-arm-none-eabi-10.3-2021.10/bin/../lib/gcc/arm-none-eabi/10.3.1/../../../../arm-none-eabi/lib/thumb/v7e-m+fp/hard\libg.a(lib_a-vfiprintf.o)
 .text.__swsetup_r
                0x0800cd20       0xd4 d:/gcc-arm-none-eabi-10.3-2021.10-win32/gcc-arm-none-eabi-10.3-2021.10/bin/../lib/gcc/arm-none-eabi/10.3.1/../../../../arm-none-eabi/lib/thumb/v7e-m+fp/hard\libg.a(lib_a-wsetup.o)
                0x0800cd20                __swsetup_r
 .text.abort    0x0800cdf4       0x10 d:/gcc-arm-none-eabi-10.3-2021.10-win32/gcc-arm-none-eabi-10.3-2021.10/bin/../lib/gcc/arm-none-eabi/10.3.1/../../../../arm-none-eabi/lib/thumb/v7e-m+fp/hard\libg.a(lib_a-abort.o)
                0x0800cdf4                abort
 .text.__sflush_r
                0x0800ce04      0x130 d:/gcc-arm-none-eabi-10.3-2021.10-win32/gcc-arm-none-eabi-10.3-2021.10/bin/../lib/gcc/arm-none-eabi/10.3.1/../../../../arm-none-eabi/lib/thumb/v7e-m+fp/hard\libg.a(lib_a-fflush.o)
                0x0800ce04                __sflush_r
 .text._fflush_r
                0x0800cf34       0x5c d:/gcc-arm-none-eabi-10.3-2021.10-win32/gcc-arm-none-eabi-10.3-2021.10/bin/../lib/gcc/arm-none-eabi/10.3.1/../../../../arm-none-eabi/lib/thumb/v7e-m+fp/hard\libg.a(lib_a-fflush.o)
                0x0800cf34                _fflush_r
 .text._cleanup_r
                0x0800cf90        0xc d:/gcc-arm-none-eabi-10.3-2021.10-win32/gcc-arm-none-eabi-10.3-2021.10/bin/../lib/gcc/arm-none-eabi/10.3.1/../../../../arm-none-eabi/lib/thumb/v7e-m+fp/hard\libg.a(lib_a-findfp.o)
                0x0800cf90                _cleanup_r
 .text.__sinit  0x0800cf9c      0x10c d:/gcc-arm-none-eabi-10.3-2021.10-win32/gcc-arm-none-eabi-10.3-2021.10/bin/../lib/gcc/arm-none-eabi/10.3.1/../../../../arm-none-eabi/lib/thumb/v7e-m+fp/hard\libg.a(lib_a-findfp.o)
                0x0800cf9c                __sinit
 .text.__sfp_lock_acquire
                0x0800d0a8        0xc d:/gcc-arm-none-eabi-10.3-2021.10-win32/gcc-arm-none-eabi-10.3-2021.10/bin/../lib/gcc/arm-none-eabi/10.3.1/../../../../arm-none-eabi/lib/thumb/v7e-m+fp/hard\libg.a(lib_a-findfp.o)
                0x0800d0a8                __sfp_lock_acquire
 .text.__sfp_lock_release
                0x0800d0b4        0xc d:/gcc-arm-none-eabi-10.3-2021.10-win32/gcc-arm-none-eabi-10.3-2021.10/bin/../lib/gcc/arm-none-eabi/10.3.1/../../../../arm-none-eabi/lib/thumb/v7e-m+fp/hard\libg.a(lib_a-findfp.o)
                0x0800d0b4                __sfp_lock_release
 .text.__fputwc
                0x0800d0c0       0xa8 d:/gcc-arm-none-eabi-10.3-2021.10-win32/gcc-arm-none-eabi-10.3-2021.10/bin/../lib/gcc/arm-none-eabi/10.3.1/../../../../arm-none-eabi/lib/thumb/v7e-m+fp/hard\libg.a(lib_a-fputwc.o)
                0x0800d0c0                __fputwc
 .text._fputwc_r
                0x0800d168       0x68 d:/gcc-arm-none-eabi-10.3-2021.10-win32/gcc-arm-none-eabi-10.3-2021.10/bin/../lib/gcc/arm-none-eabi/10.3.1/../../../../arm-none-eabi/lib/thumb/v7e-m+fp/hard\libg.a(lib_a-fputwc.o)
                0x0800d168                _fputwc_r
 .text.__sfvwrite_r
                0x0800d1d0      0x2f0 d:/gcc-arm-none-eabi-10.3-2021.10-win32/gcc-arm-none-eabi-10.3-2021.10/bin/../lib/gcc/arm-none-eabi/10.3.1/../../../../arm-none-eabi/lib/thumb/v7e-m+fp/hard\libg.a(lib_a-fvwrite.o)
                0x0800d1d0                __sfvwrite_r
 .text._fwalk_reent
                0x0800d4c0       0x48 d:/gcc-arm-none-eabi-10.3-2021.10-win32/gcc-arm-none-eabi-10.3-2021.10/bin/../lib/gcc/arm-none-eabi/10.3.1/../../../../arm-none-eabi/lib/thumb/v7e-m+fp/hard\libg.a(lib_a-fwalk.o)
                0x0800d4c0                _fwalk_reent
 .text.__smakebuf_r
                0x0800d508       0xe0 d:/gcc-arm-none-eabi-10.3-2021.10-win32/gcc-arm-none-eabi-10.3-2021.10/bin/../lib/gcc/arm-none-eabi/10.3.1/../../../../arm-none-eabi/lib/thumb/v7e-m+fp/hard\libg.a(lib_a-makebuf.o)
                0x0800d508                __smakebuf_r
 .text.memmove  0x0800d5e8       0xf8 d:/gcc-arm-none-eabi-10.3-2021.10-win32/gcc-arm-none-eabi-10.3-2021.10/bin/../lib/gcc/arm-none-eabi/10.3.1/../../../../arm-none-eabi/lib/thumb/v7e-m+fp/hard\libg.a(lib_a-memmove.o)
                0x0800d5e8                memmove
 .text._realloc_r
                0x0800d6e0      0x3d8 d:/gcc-arm-none-eabi-10.3-2021.10-win32/gcc-arm-none-eabi-10.3-2021.10/bin/../lib/gcc/arm-none-eabi/10.3.1/../../../../arm-none-eabi/lib/thumb/v7e-m+fp/hard\libg.a(lib_a-reallocr.o)
                0x0800d6e0                _realloc_r
 .text.raise    0x0800dab8       0x5c d:/gcc-arm-none-eabi-10.3-2021.10-win32/gcc-arm-none-eabi-10.3-2021.10/bin/../lib/gcc/arm-none-eabi/10.3.1/../../../../arm-none-eabi/lib/thumb/v7e-m+fp/hard\libg.a(lib_a-signal.o)
                0x0800dab8                raise
 .text._kill_r  0x0800db14       0x2c d:/gcc-arm-none-eabi-10.3-2021.10-win32/gcc-arm-none-eabi-10.3-2021.10/bin/../lib/gcc/arm-none-eabi/10.3.1/../../../../arm-none-eabi/lib/thumb/v7e-m+fp/hard\libg.a(lib_a-signalr.o)
                0x0800db14                _kill_r
 .text._getpid_r
                0x0800db40        0x4 d:/gcc-arm-none-eabi-10.3-2021.10-win32/gcc-arm-none-eabi-10.3-2021.10/bin/../lib/gcc/arm-none-eabi/10.3.1/../../../../arm-none-eabi/lib/thumb/v7e-m+fp/hard\libg.a(lib_a-signalr.o)
                0x0800db40                _getpid_r
 .text.__sread  0x0800db44       0x24 d:/gcc-arm-none-eabi-10.3-2021.10-win32/gcc-arm-none-eabi-10.3-2021.10/bin/../lib/gcc/arm-none-eabi/10.3.1/../../../../arm-none-eabi/lib/thumb/v7e-m+fp/hard\libg.a(lib_a-stdio.o)
                0x0800db44                __sread
 .text.__swrite
                0x0800db68       0x40 d:/gcc-arm-none-eabi-10.3-2021.10-win32/gcc-arm-none-eabi-10.3-2021.10/bin/../lib/gcc/arm-none-eabi/10.3.1/../../../../arm-none-eabi/lib/thumb/v7e-m+fp/hard\libg.a(lib_a-stdio.o)
                0x0800db68                __swrite
 .text.__sseek  0x0800dba8       0x20 d:/gcc-arm-none-eabi-10.3-2021.10-win32/gcc-arm-none-eabi-10.3-2021.10/bin/../lib/gcc/arm-none-eabi/10.3.1/../../../../arm-none-eabi/lib/thumb/v7e-m+fp/hard\libg.a(lib_a-stdio.o)
                0x0800dba8                __sseek
 .text.__sclose
                0x0800dbc8        0x8 d:/gcc-arm-none-eabi-10.3-2021.10-win32/gcc-arm-none-eabi-10.3-2021.10/bin/../lib/gcc/arm-none-eabi/10.3.1/../../../../arm-none-eabi/lib/thumb/v7e-m+fp/hard\libg.a(lib_a-stdio.o)
                0x0800dbc8                __sclose
 .text.__swbuf_r
                0x0800dbd0       0xb0 d:/gcc-arm-none-eabi-10.3-2021.10-win32/gcc-arm-none-eabi-10.3-2021.10/bin/../lib/gcc/arm-none-eabi/10.3.1/../../../../arm-none-eabi/lib/thumb/v7e-m+fp/hard\libg.a(lib_a-wbuf.o)
                0x0800dbd0                __swbuf_r
 .text._wcrtomb_r
                0x0800dc80       0x3c d:/gcc-arm-none-eabi-10.3-2021.10-win32/gcc-arm-none-eabi-10.3-2021.10/bin/../lib/gcc/arm-none-eabi/10.3.1/../../../../arm-none-eabi/lib/thumb/v7e-m+fp/hard\libg.a(lib_a-wcrtomb.o)
                0x0800dc80                _wcrtomb_r
 .text._write_r
                0x0800dcbc       0x2c d:/gcc-arm-none-eabi-10.3-2021.10-win32/gcc-arm-none-eabi-10.3-2021.10/bin/../lib/gcc/arm-none-eabi/10.3.1/../../../../arm-none-eabi/lib/thumb/v7e-m+fp/hard\libg.a(lib_a-writer.o)
                0x0800dcbc                _write_r
 .text._close_r
                0x0800dce8       0x24 d:/gcc-arm-none-eabi-10.3-2021.10-win32/gcc-arm-none-eabi-10.3-2021.10/bin/../lib/gcc/arm-none-eabi/10.3.1/../../../../arm-none-eabi/lib/thumb/v7e-m+fp/hard\libg.a(lib_a-closer.o)
                0x0800dce8                _close_r
 .text._fclose_r
                0x0800dd0c       0xcc d:/gcc-arm-none-eabi-10.3-2021.10-win32/gcc-arm-none-eabi-10.3-2021.10/bin/../lib/gcc/arm-none-eabi/10.3.1/../../../../arm-none-eabi/lib/thumb/v7e-m+fp/hard\libg.a(lib_a-fclose.o)
                0x0800dd0c                _fclose_r
 .text._fstat_r
                0x0800ddd8       0x2c d:/gcc-arm-none-eabi-10.3-2021.10-win32/gcc-arm-none-eabi-10.3-2021.10/bin/../lib/gcc/arm-none-eabi/10.3.1/../../../../arm-none-eabi/lib/thumb/v7e-m+fp/hard\libg.a(lib_a-fstatr.o)
                0x0800ddd8                _fstat_r
 .text._isatty_r
                0x0800de04       0x24 d:/gcc-arm-none-eabi-10.3-2021.10-win32/gcc-arm-none-eabi-10.3-2021.10/bin/../lib/gcc/arm-none-eabi/10.3.1/../../../../arm-none-eabi/lib/thumb/v7e-m+fp/hard\libg.a(lib_a-isattyr.o)
                0x0800de04                _isatty_r
 .text._lseek_r
                0x0800de28       0x2c d:/gcc-arm-none-eabi-10.3-2021.10-win32/gcc-arm-none-eabi-10.3-2021.10/bin/../lib/gcc/arm-none-eabi/10.3.1/../../../../arm-none-eabi/lib/thumb/v7e-m+fp/hard\libg.a(lib_a-lseekr.o)
                0x0800de28                _lseek_r
 .text._read_r  0x0800de54       0x2c d:/gcc-arm-none-eabi-10.3-2021.10-win32/gcc-arm-none-eabi-10.3-2021.10/bin/../lib/gcc/arm-none-eabi/10.3.1/../../../../arm-none-eabi/lib/thumb/v7e-m+fp/hard\libg.a(lib_a-readr.o)
                0x0800de54                _read_r
 *(.glue_7)
 .glue_7        0x0800de80        0x0 linker stubs
 *(.glue_7t)
 .glue_7t       0x0800de80        0x0 linker stubs
 *(.eh_frame)
 *(.init)
 .init          0x0800de80        0x4 d:/gcc-arm-none-eabi-10.3-2021.10-win32/gcc-arm-none-eabi-10.3-2021.10/bin/../lib/gcc/arm-none-eabi/10.3.1/thumb/v7e-m+fp/hard/crti.o
                0x0800de80                _init
 .init          0x0800de84        0x8 d:/gcc-arm-none-eabi-10.3-2021.10-win32/gcc-arm-none-eabi-10.3-2021.10/bin/../lib/gcc/arm-none-eabi/10.3.1/thumb/v7e-m+fp/hard/crtn.o
 *(.fini)
 .fini          0x0800de8c        0x4 d:/gcc-arm-none-eabi-10.3-2021.10-win32/gcc-arm-none-eabi-10.3-2021.10/bin/../lib/gcc/arm-none-eabi/10.3.1/thumb/v7e-m+fp/hard/crti.o
                0x0800de8c                _fini
 .fini          0x0800de90        0x8 d:/gcc-arm-none-eabi-10.3-2021.10-win32/gcc-arm-none-eabi-10.3-2021.10/bin/../lib/gcc/arm-none-eabi/10.3.1/thumb/v7e-m+fp/hard/crtn.o
                0x0800de98                . = ALIGN (0x4)
                0x0800de98                _etext = .

.vfp11_veneer   0x0800de98        0x0
 .vfp11_veneer  0x0800de98        0x0 linker stubs

.v4_bx          0x0800de98        0x0
 .v4_bx         0x0800de98        0x0 linker stubs

.iplt           0x0800de98        0x0
 .iplt          0x0800de98        0x0 CMakeFiles/RC2025.elf.dir/Application/pid_task.c.obj

.rodata         0x0800de98      0x68c
                0x0800de98                . = ALIGN (0x4)
 *(.rodata)
 *(.rodata*)
 .rodata.CAN_Filter_Init.str1.4
                0x0800de98        0xa CMakeFiles/RC2025.elf.dir/BSP/drv_can.c.obj
 *fill*         0x0800dea2        0x2 
 .rodata.str1.4
                0x0800dea4       0x14 CMakeFiles/RC2025.elf.dir/Core/Src/freertos.c.obj
 .rodata.PidTask_attributes
                0x0800deb8       0x24 CMakeFiles/RC2025.elf.dir/Core/Src/freertos.c.obj
                0x0800deb8                PidTask_attributes
 .rodata.defaultTask_attributes
                0x0800dedc       0x24 CMakeFiles/RC2025.elf.dir/Core/Src/freertos.c.obj
                0x0800dedc                defaultTask_attributes
 .rodata.AHBPrescTable
                0x0800df00       0x10 CMakeFiles/RC2025.elf.dir/Core/Src/system_stm32f4xx.c.obj
                0x0800df00                AHBPrescTable
 .rodata.APBPrescTable
                0x0800df10        0x8 CMakeFiles/RC2025.elf.dir/Core/Src/system_stm32f4xx.c.obj
                0x0800df10                APBPrescTable
 .rodata.flagBitshiftOffset.0
                0x0800df18        0x8 CMakeFiles/RC2025.elf.dir/Drivers/STM32F4xx_HAL_Driver/Src/stm32f4xx_hal_dma.c.obj
 .rodata.vTaskStartScheduler.str1.4
                0x0800df20        0x5 CMakeFiles/RC2025.elf.dir/Middlewares/Third_Party/FreeRTOS/Source/tasks.c.obj
 *fill*         0x0800df25        0x3 
 .rodata.prvCheckForValidListAndQueue.str1.4
                0x0800df28        0x5 CMakeFiles/RC2025.elf.dir/Middlewares/Third_Party/FreeRTOS/Source/timers.c.obj
 *fill*         0x0800df2d        0x3 
 .rodata.xTimerCreateTimerTask.str1.4
                0x0800df30        0x8 CMakeFiles/RC2025.elf.dir/Middlewares/Third_Party/FreeRTOS/Source/timers.c.obj
 .rodata._strtod_l.str1.4
                0x0800df38        0xf d:/gcc-arm-none-eabi-10.3-2021.10-win32/gcc-arm-none-eabi-10.3-2021.10/bin/../lib/gcc/arm-none-eabi/10.3.1/../../../../arm-none-eabi/lib/thumb/v7e-m+fp/hard\libg.a(lib_a-strtod.o)
                                 0x11 (size before relaxing)
 *fill*         0x0800df47        0x1 
 .rodata.fpi.1  0x0800df48       0x14 d:/gcc-arm-none-eabi-10.3-2021.10-win32/gcc-arm-none-eabi-10.3-2021.10/bin/../lib/gcc/arm-none-eabi/10.3.1/../../../../arm-none-eabi/lib/thumb/v7e-m+fp/hard\libg.a(lib_a-strtod.o)
 .rodata.fpinan.0
                0x0800df5c       0x14 d:/gcc-arm-none-eabi-10.3-2021.10-win32/gcc-arm-none-eabi-10.3-2021.10/bin/../lib/gcc/arm-none-eabi/10.3.1/../../../../arm-none-eabi/lib/thumb/v7e-m+fp/hard\libg.a(lib_a-strtod.o)
 .rodata.tinytens
                0x0800df70       0x28 d:/gcc-arm-none-eabi-10.3-2021.10-win32/gcc-arm-none-eabi-10.3-2021.10/bin/../lib/gcc/arm-none-eabi/10.3.1/../../../../arm-none-eabi/lib/thumb/v7e-m+fp/hard\libg.a(lib_a-strtod.o)
 .rodata.__gethex.str1.4
                0x0800df98       0x9a d:/gcc-arm-none-eabi-10.3-2021.10-win32/gcc-arm-none-eabi-10.3-2021.10/bin/../lib/gcc/arm-none-eabi/10.3.1/../../../../arm-none-eabi/lib/thumb/v7e-m+fp/hard\libg.a(lib_a-gdtoa-gethex.o)
 *fill*         0x0800e032        0x2 
 .rodata.__hexdig
                0x0800e034      0x100 d:/gcc-arm-none-eabi-10.3-2021.10-win32/gcc-arm-none-eabi-10.3-2021.10/bin/../lib/gcc/arm-none-eabi/10.3.1/../../../../arm-none-eabi/lib/thumb/v7e-m+fp/hard\libg.a(lib_a-gdtoa-gethex.o)
                0x0800e034                __hexdig
 .rodata.str1.4
                0x0800e134        0x2 d:/gcc-arm-none-eabi-10.3-2021.10-win32/gcc-arm-none-eabi-10.3-2021.10/bin/../lib/gcc/arm-none-eabi/10.3.1/../../../../arm-none-eabi/lib/thumb/v7e-m+fp/hard\libg.a(lib_a-lnumeric.o)
                                  0x5 (size before relaxing)
 *fill*         0x0800e136        0x2 
 .rodata._C_numeric_locale
                0x0800e138        0xc d:/gcc-arm-none-eabi-10.3-2021.10-win32/gcc-arm-none-eabi-10.3-2021.10/bin/../lib/gcc/arm-none-eabi/10.3.1/../../../../arm-none-eabi/lib/thumb/v7e-m+fp/hard\libg.a(lib_a-lnumeric.o)
                0x0800e138                _C_numeric_locale
 .rodata._setlocale_r.str1.4
                0x0800e144        0xa d:/gcc-arm-none-eabi-10.3-2021.10-win32/gcc-arm-none-eabi-10.3-2021.10/bin/../lib/gcc/arm-none-eabi/10.3.1/../../../../arm-none-eabi/lib/thumb/v7e-m+fp/hard\libg.a(lib_a-locale.o)
                                  0xd (size before relaxing)
 .rodata.str1.4
                0x0800e14e        0x2 d:/gcc-arm-none-eabi-10.3-2021.10-win32/gcc-arm-none-eabi-10.3-2021.10/bin/../lib/gcc/arm-none-eabi/10.3.1/../../../../arm-none-eabi/lib/thumb/v7e-m+fp/hard\libg.a(lib_a-locale.o)
 *fill*         0x0800e14e        0x2 
 .rodata.__multadd.str1.4
                0x0800e150       0x7f d:/gcc-arm-none-eabi-10.3-2021.10-win32/gcc-arm-none-eabi-10.3-2021.10/bin/../lib/gcc/arm-none-eabi/10.3.1/../../../../arm-none-eabi/lib/thumb/v7e-m+fp/hard\libg.a(lib_a-mprec.o)
                                 0x93 (size before relaxing)
 *fill*         0x0800e1cf        0x1 
 .rodata.__mprec_bigtens
                0x0800e1d0       0x28 d:/gcc-arm-none-eabi-10.3-2021.10-win32/gcc-arm-none-eabi-10.3-2021.10/bin/../lib/gcc/arm-none-eabi/10.3.1/../../../../arm-none-eabi/lib/thumb/v7e-m+fp/hard\libg.a(lib_a-mprec.o)
                0x0800e1d0                __mprec_bigtens
 .rodata.__mprec_tens
                0x0800e1f8       0xc8 d:/gcc-arm-none-eabi-10.3-2021.10-win32/gcc-arm-none-eabi-10.3-2021.10/bin/../lib/gcc/arm-none-eabi/10.3.1/../../../../arm-none-eabi/lib/thumb/v7e-m+fp/hard\libg.a(lib_a-mprec.o)
                0x0800e1f8                __mprec_tens
 .rodata.p05.0  0x0800e2c0        0xc d:/gcc-arm-none-eabi-10.3-2021.10-win32/gcc-arm-none-eabi-10.3-2021.10/bin/../lib/gcc/arm-none-eabi/10.3.1/../../../../arm-none-eabi/lib/thumb/v7e-m+fp/hard\libg.a(lib_a-mprec.o)
 .rodata._svfprintf_r.str1.4
                0x0800e2cc       0x42 d:/gcc-arm-none-eabi-10.3-2021.10-win32/gcc-arm-none-eabi-10.3-2021.10/bin/../lib/gcc/arm-none-eabi/10.3.1/../../../../arm-none-eabi/lib/thumb/v7e-m+fp/hard\libg.a(lib_a-svfprintf.o)
 *fill*         0x0800e30e        0x2 
 .rodata.blanks.1
                0x0800e310       0x10 d:/gcc-arm-none-eabi-10.3-2021.10-win32/gcc-arm-none-eabi-10.3-2021.10/bin/../lib/gcc/arm-none-eabi/10.3.1/../../../../arm-none-eabi/lib/thumb/v7e-m+fp/hard\libg.a(lib_a-svfprintf.o)
 .rodata.zeroes.0
                0x0800e320       0x10 d:/gcc-arm-none-eabi-10.3-2021.10-win32/gcc-arm-none-eabi-10.3-2021.10/bin/../lib/gcc/arm-none-eabi/10.3.1/../../../../arm-none-eabi/lib/thumb/v7e-m+fp/hard\libg.a(lib_a-svfprintf.o)
 .rodata.__assert_func.str1.4
                0x0800e330       0x3f d:/gcc-arm-none-eabi-10.3-2021.10-win32/gcc-arm-none-eabi-10.3-2021.10/bin/../lib/gcc/arm-none-eabi/10.3.1/../../../../arm-none-eabi/lib/thumb/v7e-m+fp/hard\libg.a(lib_a-assert.o)
                                 0x43 (size before relaxing)
 *fill*         0x0800e36f        0x1 
 .rodata._ctype_
                0x0800e370      0x101 d:/gcc-arm-none-eabi-10.3-2021.10-win32/gcc-arm-none-eabi-10.3-2021.10/bin/../lib/gcc/arm-none-eabi/10.3.1/../../../../arm-none-eabi/lib/thumb/v7e-m+fp/hard\libg.a(lib_a-ctype_.o)
                0x0800e370                _ctype_
 *fill*         0x0800e471        0x3 
 .rodata._dtoa_r.str1.4
                0x0800e474       0x8e d:/gcc-arm-none-eabi-10.3-2021.10-win32/gcc-arm-none-eabi-10.3-2021.10/bin/../lib/gcc/arm-none-eabi/10.3.1/../../../../arm-none-eabi/lib/thumb/v7e-m+fp/hard\libg.a(lib_a-dtoa.o)
                                 0xa6 (size before relaxing)
 .rodata._vfiprintf_r.str1.4
                0x0800e502       0x2f d:/gcc-arm-none-eabi-10.3-2021.10-win32/gcc-arm-none-eabi-10.3-2021.10/bin/../lib/gcc/arm-none-eabi/10.3.1/../../../../arm-none-eabi/lib/thumb/v7e-m+fp/hard\libg.a(lib_a-vfiprintf.o)
 *fill*         0x0800e502        0x2 
 .rodata.blanks.1
                0x0800e504       0x10 d:/gcc-arm-none-eabi-10.3-2021.10-win32/gcc-arm-none-eabi-10.3-2021.10/bin/../lib/gcc/arm-none-eabi/10.3.1/../../../../arm-none-eabi/lib/thumb/v7e-m+fp/hard\libg.a(lib_a-vfiprintf.o)
 .rodata.zeroes.0
                0x0800e514       0x10 d:/gcc-arm-none-eabi-10.3-2021.10-win32/gcc-arm-none-eabi-10.3-2021.10/bin/../lib/gcc/arm-none-eabi/10.3.1/../../../../arm-none-eabi/lib/thumb/v7e-m+fp/hard\libg.a(lib_a-vfiprintf.o)
                0x0800e524                . = ALIGN (0x4)
                0x0800e52c                _sidata = LOADADDR (.data)

.ARM.exidx      0x0800e524        0x8
 .ARM.exidx     0x0800e524        0x8 d:/gcc-arm-none-eabi-10.3-2021.10-win32/gcc-arm-none-eabi-10.3-2021.10/bin/../lib/gcc/arm-none-eabi/10.3.1/thumb/v7e-m+fp/hard\libgcc.a(_udivmoddi4.o)

.rel.dyn        0x0800e52c        0x0
 .rel.iplt      0x0800e52c        0x0 CMakeFiles/RC2025.elf.dir/Application/pid_task.c.obj

.data           0x20000000      0x9c0 load address 0x0800e52c
                0x20000000                . = ALIGN (0x4)
                0x20000000                _sdata = .
 *(.data)
 *(.data*)
 .data.SystemCoreClock
                0x20000000        0x4 CMakeFiles/RC2025.elf.dir/Core/Src/system_stm32f4xx.c.obj
                0x20000000                SystemCoreClock
 .data.uwTickFreq
                0x20000004        0x1 CMakeFiles/RC2025.elf.dir/Drivers/STM32F4xx_HAL_Driver/Src/stm32f4xx_hal.c.obj
                0x20000004                uwTickFreq
 *fill*         0x20000005        0x3 
 .data.uwTickPrio
                0x20000008        0x4 CMakeFiles/RC2025.elf.dir/Drivers/STM32F4xx_HAL_Driver/Src/stm32f4xx_hal.c.obj
                0x20000008                uwTickPrio
 .data.uxCriticalNesting
                0x2000000c        0x4 CMakeFiles/RC2025.elf.dir/Middlewares/Third_Party/FreeRTOS/Source/portable/GCC/ARM_CM4F/port.c.obj
 .data._impure_ptr
                0x20000010        0x4 d:/gcc-arm-none-eabi-10.3-2021.10-win32/gcc-arm-none-eabi-10.3-2021.10/bin/../lib/gcc/arm-none-eabi/10.3.1/../../../../arm-none-eabi/lib/thumb/v7e-m+fp/hard\libg.a(lib_a-impure.o)
                0x20000010                _impure_ptr
 *fill*         0x20000014        0x4 
 .data.impure_data
                0x20000018      0x428 d:/gcc-arm-none-eabi-10.3-2021.10-win32/gcc-arm-none-eabi-10.3-2021.10/bin/../lib/gcc/arm-none-eabi/10.3.1/../../../../arm-none-eabi/lib/thumb/v7e-m+fp/hard\libg.a(lib_a-impure.o)
 .data.numempty
                0x20000440        0x2 d:/gcc-arm-none-eabi-10.3-2021.10-win32/gcc-arm-none-eabi-10.3-2021.10/bin/../lib/gcc/arm-none-eabi/10.3.1/../../../../arm-none-eabi/lib/thumb/v7e-m+fp/hard\libg.a(lib_a-lnumeric.o)
 *fill*         0x20000442        0x2 
 .data.__global_locale
                0x20000444      0x16c d:/gcc-arm-none-eabi-10.3-2021.10-win32/gcc-arm-none-eabi-10.3-2021.10/bin/../lib/gcc/arm-none-eabi/10.3.1/../../../../arm-none-eabi/lib/thumb/v7e-m+fp/hard\libg.a(lib_a-locale.o)
                0x20000444                __global_locale
 .data.__malloc_av_
                0x200005b0      0x408 d:/gcc-arm-none-eabi-10.3-2021.10-win32/gcc-arm-none-eabi-10.3-2021.10/bin/../lib/gcc/arm-none-eabi/10.3.1/../../../../arm-none-eabi/lib/thumb/v7e-m+fp/hard\libg.a(lib_a-mallocr.o)
                0x200005b0                __malloc_av_
 .data.__malloc_sbrk_base
                0x200009b8        0x4 d:/gcc-arm-none-eabi-10.3-2021.10-win32/gcc-arm-none-eabi-10.3-2021.10/bin/../lib/gcc/arm-none-eabi/10.3.1/../../../../arm-none-eabi/lib/thumb/v7e-m+fp/hard\libg.a(lib_a-mallocr.o)
                0x200009b8                __malloc_sbrk_base
 .data.__malloc_trim_threshold