Archive member included to satisfy reference by file (symbol)

d:/gcc-arm-none-eabi-10.3-2021.10-win32/gcc-arm-none-eabi-10.3-2021.10/bin/../lib/gcc/arm-none-eabi/10.3.1/thumb/v7e-m+fp/hard\libgcc.a(_arm_addsubdf3.o)
                              CMakeFiles/RC2025.elf.dir/Application/pid_task.c.obj (__aeabi_f2d)
d:/gcc-arm-none-eabi-10.3-2021.10-win32/gcc-arm-none-eabi-10.3-2021.10/bin/../lib/gcc/arm-none-eabi/10.3.1/thumb/v7e-m+fp/hard\libgcc.a(_aeabi_uldivmod.o)
                              CMakeFiles/RC2025.elf.dir/Drivers/STM32F4xx_HAL_Driver/Src/stm32f4xx_hal_rcc.c.obj (__aeabi_uldivmod)
d:/gcc-arm-none-eabi-10.3-2021.10-win32/gcc-arm-none-eabi-10.3-2021.10/bin/../lib/gcc/arm-none-eabi/10.3.1/thumb/v7e-m+fp/hard\libgcc.a(_udivmoddi4.o)
                              d:/gcc-arm-none-eabi-10.3-2021.10-win32/gcc-arm-none-eabi-10.3-2021.10/bin/../lib/gcc/arm-none-eabi/10.3.1/thumb/v7e-m+fp/hard\libgcc.a(_aeabi_uldivmod.o) (__udivmoddi4)
d:/gcc-arm-none-eabi-10.3-2021.10-win32/gcc-arm-none-eabi-10.3-2021.10/bin/../lib/gcc/arm-none-eabi/10.3.1/thumb/v7e-m+fp/hard\libgcc.a(_dvmd_tls.o)
                              d:/gcc-arm-none-eabi-10.3-2021.10-win32/gcc-arm-none-eabi-10.3-2021.10/bin/../lib/gcc/arm-none-eabi/10.3.1/thumb/v7e-m+fp/hard\libgcc.a(_aeabi_uldivmod.o) (__aeabi_ldiv0)
d:/gcc-arm-none-eabi-10.3-2021.10-win32/gcc-arm-none-eabi-10.3-2021.10/bin/../lib/gcc/arm-none-eabi/10.3.1/../../../../arm-none-eabi/lib/thumb/v7e-m+fp/hard\libg.a(lib_a-errno.o)
                              CMakeFiles/RC2025.elf.dir/Core/Src/syscalls.c.obj (__errno)
d:/gcc-arm-none-eabi-10.3-2021.10-win32/gcc-arm-none-eabi-10.3-2021.10/bin/../lib/gcc/arm-none-eabi/10.3.1/../../../../arm-none-eabi/lib/thumb/v7e-m+fp/hard\libg.a(lib_a-exit.o)
                              d:/gcc-arm-none-eabi-10.3-2021.10-win32/gcc-arm-none-eabi-10.3-2021.10/bin/../lib/gcc/arm-none-eabi/10.3.1/../../../../arm-none-eabi/lib/thumb/v7e-m+fp/hard/crt0.o (exit)
d:/gcc-arm-none-eabi-10.3-2021.10-win32/gcc-arm-none-eabi-10.3-2021.10/bin/../lib/gcc/arm-none-eabi/10.3.1/../../../../arm-none-eabi/lib/thumb/v7e-m+fp/hard\libg.a(lib_a-impure.o)
                              d:/gcc-arm-none-eabi-10.3-2021.10-win32/gcc-arm-none-eabi-10.3-2021.10/bin/../lib/gcc/arm-none-eabi/10.3.1/../../../../arm-none-eabi/lib/thumb/v7e-m+fp/hard\libg.a(lib_a-exit.o) (_global_impure_ptr)
d:/gcc-arm-none-eabi-10.3-2021.10-win32/gcc-arm-none-eabi-10.3-2021.10/bin/../lib/gcc/arm-none-eabi/10.3.1/../../../../arm-none-eabi/lib/thumb/v7e-m+fp/hard\libg.a(lib_a-init.o)
                              d:/gcc-arm-none-eabi-10.3-2021.10-win32/gcc-arm-none-eabi-10.3-2021.10/bin/../lib/gcc/arm-none-eabi/10.3.1/../../../../arm-none-eabi/lib/thumb/v7e-m+fp/hard/crt0.o (__libc_init_array)
d:/gcc-arm-none-eabi-10.3-2021.10-win32/gcc-arm-none-eabi-10.3-2021.10/bin/../lib/gcc/arm-none-eabi/10.3.1/../../../../arm-none-eabi/lib/thumb/v7e-m+fp/hard\libg.a(lib_a-memcpy.o)
                              CMakeFiles/RC2025.elf.dir/Middlewares/Third_Party/FreeRTOS/Source/CMSIS_RTOS_V2/cmsis_os2.c.obj (memcpy)
d:/gcc-arm-none-eabi-10.3-2021.10-win32/gcc-arm-none-eabi-10.3-2021.10/bin/../lib/gcc/arm-none-eabi/10.3.1/../../../../arm-none-eabi/lib/thumb/v7e-m+fp/hard\libg.a(lib_a-memset.o)
                              d:/gcc-arm-none-eabi-10.3-2021.10-win32/gcc-arm-none-eabi-10.3-2021.10/bin/../lib/gcc/arm-none-eabi/10.3.1/../../../../arm-none-eabi/lib/thumb/v7e-m+fp/hard/crt0.o (memset)
d:/gcc-arm-none-eabi-10.3-2021.10-win32/gcc-arm-none-eabi-10.3-2021.10/bin/../lib/gcc/arm-none-eabi/10.3.1/../../../../arm-none-eabi/lib/thumb/v7e-m+fp/hard\libg.a(lib_a-strtod.o)
                              CMakeFiles/RC2025.elf.dir/User/debug.c.obj (strtof)
d:/gcc-arm-none-eabi-10.3-2021.10-win32/gcc-arm-none-eabi-10.3-2021.10/bin/../lib/gcc/arm-none-eabi/10.3.1/../../../../arm-none-eabi/lib/thumb/v7e-m+fp/hard\libg.a(lib_a-vsnprintf.o)
                              CMakeFiles/RC2025.elf.dir/User/debug.c.obj (vsnprintf)
d:/gcc-arm-none-eabi-10.3-2021.10-win32/gcc-arm-none-eabi-10.3-2021.10/bin/../lib/gcc/arm-none-eabi/10.3.1/../../../../arm-none-eabi/lib/thumb/v7e-m+fp/hard\libg.a(lib_a-__call_atexit.o)
                              d:/gcc-arm-none-eabi-10.3-2021.10-win32/gcc-arm-none-eabi-10.3-2021.10/bin/../lib/gcc/arm-none-eabi/10.3.1/../../../../arm-none-eabi/lib/thumb/v7e-m+fp/hard\libg.a(lib_a-exit.o) (__call_exitprocs)
d:/gcc-arm-none-eabi-10.3-2021.10-win32/gcc-arm-none-eabi-10.3-2021.10/bin/../lib/gcc/arm-none-eabi/10.3.1/../../../../arm-none-eabi/lib/thumb/v7e-m+fp/hard\libg.a(lib_a-atexit.o)
                              d:/gcc-arm-none-eabi-10.3-2021.10-win32/gcc-arm-none-eabi-10.3-2021.10/bin/../lib/gcc/arm-none-eabi/10.3.1/../../../../arm-none-eabi/lib/thumb/v7e-m+fp/hard\libg.a(lib_a-__call_atexit.o) (atexit)
d:/gcc-arm-none-eabi-10.3-2021.10-win32/gcc-arm-none-eabi-10.3-2021.10/bin/../lib/gcc/arm-none-eabi/10.3.1/../../../../arm-none-eabi/lib/thumb/v7e-m+fp/hard\libg.a(lib_a-fini.o)
[...]
Memory Configuration

Name             Origin             Length             Attributes
CCMRAM           0x10000000         0x00010000         xrw
RAM              0x20000000         0x00020000         xrw
FLASH            0x08000000         0x00100000         xr
*default*        0x00000000         0xffffffff

Linker script and memory map

LOAD d:/gcc-arm-none-eabi-10.3-2021.10-win32/gcc-arm-none-eabi-10.3-2021.10/bin/../lib/gcc/arm-none-eabi/10.3.1/thumb/v7e-m+fp/hard/crti.o
LOAD d:/gcc-arm-none-eabi-10.3-2021.10-win32/gcc-arm-none-eabi-10.3-2021.10/bin/../lib/gcc/arm-none-eabi/10.3.1/thumb/v7e-m+fp/hard/crtbegin.o
LOAD d:/gcc-arm-none-eabi-10.3-2021.10-win32/gcc-arm-none-eabi-10.3-2021.10/bin/../lib/gcc/arm-none-eabi/10.3.1/../../../../arm-none-eabi/lib/thumb/v7e-m+fp/hard/crt0.o
LOAD CMakeFiles/RC2025.elf.dir/Application/pid_task.c.obj
LOAD CMakeFiles/RC2025.elf.dir/BSP/drv_can.c.obj
LOAD CMakeFiles/RC2025.elf.dir/Controller/pid.c.obj
LOAD CMakeFiles/RC2025.elf.dir/Core/Src/can.c.obj
LOAD CMakeFiles/RC2025.elf.dir/Core/Src/dma.c.obj
LOAD CMakeFiles/RC2025.elf.dir/Core/Src/freertos.c.obj
LOAD CMakeFiles/RC2025.elf.dir/Core/Src/gpio.c.obj
LOAD CMakeFiles/RC2025.elf.dir/Core/Src/main.c.obj
LOAD CMakeFiles/RC2025.elf.dir/Core/Src/stm32f4xx_hal_msp.c.obj
LOAD CMakeFiles/RC2025.elf.dir/Core/Src/stm32f4xx_it.c.obj
LOAD CMakeFiles/RC2025.elf.dir/Core/Src/syscalls.c.obj
LOAD CMakeFiles/RC2025.elf.dir/Core/Src/sysmem.c.obj
LOAD CMakeFiles/RC2025.elf.dir/Core/Src/system_stm32f4xx.c.obj
LOAD CMakeFiles/RC2025.elf.dir/Core/Src/usart.c.obj
LOAD CMakeFiles/RC2025.elf.dir/Core/Startup/startup_stm32f405rgtx.s.obj
LOAD CMakeFiles/RC2025.elf.dir/Drivers/STM32F4xx_HAL_Driver/Src/stm32f4xx_hal.c.obj
LOAD CMakeFiles/RC2025.elf.dir/Drivers/STM32F4xx_HAL_Driver/Src/stm32f4xx_hal_can.c.obj
LOAD CMakeFiles/RC2025.elf.dir/Drivers/STM32F4xx_HAL_Driver/Src/stm32f4xx_hal_cortex.c.obj
LOAD CMakeFiles/RC2025.elf.dir/Drivers/STM32F4xx_HAL_Driver/Src/stm32f4xx_hal_dma.c.obj
LOAD CMakeFiles/RC2025.elf.dir/Drivers/STM32F4xx_HAL_Driver/Src/stm32f4xx_hal_dma_ex.c.obj
LOAD CMakeFiles/RC2025.elf.dir/Drivers/STM32F4xx_HAL_Driver/Src/stm32f4xx_hal_exti.c.obj
LOAD CMakeFiles/RC2025.elf.dir/Drivers/STM32F4xx_HAL_Driver/Src/stm32f4xx_hal_flash.c.obj
LOAD CMakeFiles/RC2025.elf.dir/Drivers/STM32F4xx_HAL_Driver/Src/stm32f4xx_hal_flash_ex.c.obj
LOAD CMakeFiles/RC2025.elf.dir/Drivers/STM32F4xx_HAL_Driver/Src/stm32f4xx_hal_flash_ramfunc.c.obj
LOAD CMakeFiles/RC2025.elf.dir/Drivers/STM32F4xx_HAL_Driver/Src/stm32f4xx_hal_gpio.c.obj
LOAD CMakeFiles/RC2025.elf.dir/Drivers/STM32F4xx_HAL_Driver/Src/stm32f4xx_hal_pwr.c.obj
LOAD CMakeFiles/RC2025.elf.dir/Drivers/STM32F4xx_HAL_Driver/Src/stm32f4xx_hal_pwr_ex.c.obj
LOAD CMakeFiles/RC2025.elf.dir/Drivers/STM32F4xx_HAL_Driver/Src/stm32f4xx_hal_rcc.c.obj
LOAD CMakeFiles/RC2025.elf.dir/Drivers/STM32F4xx_HAL_Driver/Src/stm32f4xx_hal_rcc_ex.c.obj
LOAD CMakeFiles/RC2025.elf.dir/Drivers/STM32F4xx_HAL_Driver/Src/stm32f4xx_hal_tim.c.obj
LOAD CMakeFiles/RC2025.elf.dir/Drivers/STM32F4xx_HAL_Driver/Src/stm32f4xx_hal_tim_ex.c.obj
LOAD CMakeFiles/RC2025.elf.dir/Drivers/STM32F4xx_HAL_Driver/Src/stm32f4xx_hal_uart.c.obj
LOAD CMakeFiles/RC2025.elf.dir/Middlewares/Third_Party/FreeRTOS/Source/CMSIS_RTOS_V2/cmsis_os2.c.obj
LOAD CMakeFiles/RC2025.elf.dir/Middlewares/Third_Party/FreeRTOS/Source/croutine.c.obj
LOAD CMakeFiles/RC2025.elf.dir/Middlewares/Third_Party/FreeRTOS/Source/event_groups.c.obj
LOAD CMakeFiles/RC2025.elf.dir/Middlewares/Third_Party/FreeRTOS/Source/list.c.obj
LOAD CMakeFiles/RC2025.elf.dir/Middlewares/Third_Party/FreeRTOS/Source/portable/GCC/ARM_CM4F/port.c.obj
LOAD CMakeFiles/RC2025.elf.dir/Middlewares/Third_Party/FreeRTOS/Source/portable/MemMang/heap_4.c.obj
LOAD CMakeFiles/RC2025.elf.dir/Middlewares/Third_Party/FreeRTOS/Source/queue.c.obj
LOAD CMakeFiles/RC2025.elf.dir/Middlewares/Third_Party/FreeRTOS/Source/stream_buffer.c.obj
LOAD CMakeFiles/RC2025.elf.dir/Middlewares/Third_Party/FreeRTOS/Source/tasks.c.obj
LOAD CMakeFiles/RC2025.elf.dir/Middlewares/Third_Party/FreeRTOS/Source/timers.c.obj
LOAD CMakeFiles/RC2025.elf.dir/User/debug.c.obj
LOAD CMakeFiles/RC2025.elf.dir/User/init.c.obj
START GROUP
LOAD d:/gcc-arm-none-eabi-10.3-2021.10-win32/gcc-arm-none-eabi-10.3-2021.10/bin/../lib/gcc/arm-none-eabi/10.3.1/thumb/v7e-m+fp/hard\libgcc.a
LOAD d:/gcc-arm-none-eabi-10.3-2021.10-win32/gcc-arm-none-eabi-10.3-2021.10/bin/../lib/gcc/arm-none-eabi/10.3.1/../../../../arm-none-eabi/lib/thumb/v7e-m+fp/hard\libg.a
LOAD d:/gcc-arm-none-eabi-10.3-2021.10-win32/gcc-arm-none-eabi-10.3-2021.10/bin/../lib/gcc/arm-none-eabi/10.3.1/../../../../arm-none-eabi/lib/thumb/v7e-m+fp/hard\libc.a
END GROUP
LOAD d:/gcc-arm-none-eabi-10.3-2021.10-win32/gcc-arm-none-eabi-10.3-2021.10/bin/../lib/gcc/arm-none-eabi/10.3.1/thumb/v7e-m+fp/hard/crtend.o
LOAD d:/gcc-arm-none-eabi-10.3-2021.10-win32/gcc-arm-none-eabi-10.3-2021.10/bin/../lib/gcc/arm-none-eabi/10.3.1/thumb/v7e-m+fp/hard/crtn.o
                0x20020000                _estack = (ORIGIN (RAM) + LENGTH (RAM))
                0x00000200                _Min_Heap_Size = 0x200
                0x00000400                _Min_Stack_Size = 0x400

.isr_vector     0x08000000      0x188
                0x08000000                . = ALIGN (0x4)
 *(.isr_vector)
 .isr_vector    0x08000000      0x188 CMakeFiles/RC2025.elf.dir/Core/Startup/startup_stm32f405rgtx.s.obj
                0x08000000                g_pfnVectors
                0x08000188                . = ALIGN (0x4)

.text           0x080001c0     0xd760
                0x080001c0                . = ALIGN (0x4)
 *(.text)
 .text          0x080001c0      0x378 d:/gcc-arm-none-eabi-10.3-2021.10-win32/gcc-arm-none-eabi-10.3-2021.10/bin/../lib/gcc/arm-none-eabi/10.3.1/thumb/v7e-m+fp/hard\libgcc.a(_arm_addsubdf3.o)
                0x080001c0                __aeabi_drsub
                0x080001c8                __aeabi_dsub
                0x080001c8                __subdf3
                0x080001cc                __aeabi_dadd
                0x080001cc                __adddf3
                0x08000444                __floatunsidf
                0x08000444                __aeabi_ui2d
                0x08000464                __floatsidf
                0x08000464                __aeabi_i2d
                0x08000488                __aeabi_f2d
                0x08000488                __extendsfdf2
                0x080004cc                __floatundidf
                0x080004cc                __aeabi_ul2d
                0x080004dc                __floatdidf
                0x080004dc                __aeabi_l2d
 .text          0x08000538       0x30 d:/gcc-arm-none-eabi-10.3-2021.10-win32/gcc-arm-none-eabi-10.3-2021.10/bin/../lib/gcc/arm-none-eabi/10.3.1/thumb/v7e-m+fp/hard\libgcc.a(_aeabi_uldivmod.o)
                0x08000538                __aeabi_uldivmod
 .text          0x08000568      0x2d0 d:/gcc-arm-none-eabi-10.3-2021.10-win32/gcc-arm-none-eabi-10.3-2021.10/bin/../lib/gcc/arm-none-eabi/10.3.1/thumb/v7e-m+fp/hard\libgcc.a(_udivmoddi4.o)
                0x08000568                __udivmoddi4
 .text          0x08000838        0x4 d:/gcc-arm-none-eabi-10.3-2021.10-win32/gcc-arm-none-eabi-10.3-2021.10/bin/../lib/gcc/arm-none-eabi/10.3.1/thumb/v7e-m+fp/hard\libgcc.a(_dvmd_tls.o)
                0x08000838                __aeabi_idiv0
                0x08000838                __aeabi_ldiv0
 .text          0x0800083c      0x134 d:/gcc-arm-none-eabi-10.3-2021.10-win32/gcc-arm-none-eabi-10.3-2021.10/bin/../lib/gcc/arm-none-eabi/10.3.1/../../../../arm-none-eabi/lib/thumb/v7e-m+fp/hard\libg.a(lib_a-memcpy.o)
                0x0800083c                memcpy
 *fill*         0x08000970       0x10 
 .text          0x08000980       0xdc d:/gcc-arm-none-eabi-10.3-2021.10-win32/gcc-arm-none-eabi-10.3-2021.10/bin/../lib/gcc/arm-none-eabi/10.3.1/../../../../arm-none-eabi/lib/thumb/v7e-m+fp/hard\libg.a(lib_a-strlen.o)
                0x08000980                strlen
 *fill*         0x08000a5c        0x4 
 .text          0x08000a60       0xa0 d:/gcc-arm-none-eabi-10.3-2021.10-win32/gcc-arm-none-eabi-10.3-2021.10/bin/../lib/gcc/arm-none-eabi/10.3.1/../../../../arm-none-eabi/lib/thumb/v7e-m+fp/hard\libg.a(lib_a-memchr.o)
                0x08000a60                memchr
 .text          0x08000b00      0x424 d:/gcc-arm-none-eabi-10.3-2021.10-win32/gcc-arm-none-eabi-10.3-2021.10/bin/../lib/gcc/arm-none-eabi/10.3.1/thumb/v7e-m+fp/hard\libgcc.a(_arm_muldivdf3.o)
                0x08000b00                __aeabi_dmul
                0x08000b00                __muldf3
                0x08000d54                __divdf3
                0x08000d54                __aeabi_ddiv
 .text          0x08000f24      0x110 d:/gcc-arm-none-eabi-10.3-2021.10-win32/gcc-arm-none-eabi-10.3-2021.10/bin/../lib/gcc/arm-none-eabi/10.3.1/thumb/v7e-m+fp/hard\libgcc.a(_arm_cmpdf2.o)
                0x08000f24                __gtdf2
                0x08000f24                __gedf2
                0x08000f2c                __ltdf2
                0x08000f2c                __ledf2
                0x08000f34                __nedf2
                0x08000f34                __eqdf2
                0x08000f34                __cmpdf2
                0x08000fb0                __aeabi_cdrcmple
                0x08000fc0                __aeabi_cdcmpeq
                0x08000fc0                __aeabi_cdcmple
                0x08000fd0                __aeabi_dcmpeq
                0x08000fe4                __aeabi_dcmplt
                0x08000ff8                __aeabi_dcmple
                0x0800100c                __aeabi_dcmpge
                0x08001020                __aeabi_dcmpgt
 .text          0x08001034       0x2c d:/gcc-arm-none-eabi-10.3-2021.10-win32/gcc-arm-none-eabi-10.3-2021.10/bin/../lib/gcc/arm-none-eabi/10.3.1/thumb/v7e-m+fp/hard\libgcc.a(_arm_unorddf2.o)
                0x08001034                __unorddf2
                0x08001034                __aeabi_dcmpun
 .text          0x08001060       0x50 d:/gcc-arm-none-eabi-10.3-2021.10-win32/gcc-arm-none-eabi-10.3-2021.10/bin/../lib/gcc/arm-none-eabi/10.3.1/thumb/v7e-m+fp/hard\libgcc.a(_arm_fixdfsi.o)
                0x08001060                __aeabi_d2iz
                0x08001060                __fixdfsi
 .text          0x080010b0       0x40 d:/gcc-arm-none-eabi-10.3-2021.10-win32/gcc-arm-none-eabi-10.3-2021.10/bin/../lib/gcc/arm-none-eabi/10.3.1/thumb/v7e-m+fp/hard\libgcc.a(_arm_fixunsdfsi.o)
                0x080010b0                __aeabi_d2uiz
                0x080010b0                __fixunsdfsi
 .text          0x080010f0       0xa0 d:/gcc-arm-none-eabi-10.3-2021.10-win32/gcc-arm-none-eabi-10.3-2021.10/bin/../lib/gcc/arm-none-eabi/10.3.1/thumb/v7e-m+fp/hard\libgcc.a(_arm_truncdfsf2.o)
                0x080010f0                __truncdfsf2
                0x080010f0                __aeabi_d2f
 .text          0x08001190       0x30 d:/gcc-arm-none-eabi-10.3-2021.10-win32/gcc-arm-none-eabi-10.3-2021.10/bin/../lib/gcc/arm-none-eabi/10.3.1/thumb/v7e-m+fp/hard\libgcc.a(_fixdfdi.o)
                0x08001190                __fixdfdi
                0x08001190                __aeabi_d2lz
 .text          0x080011c0       0x3c d:/gcc-arm-none-eabi-10.3-2021.10-win32/gcc-arm-none-eabi-10.3-2021.10/bin/../lib/gcc/arm-none-eabi/10.3.1/thumb/v7e-m+fp/hard\libgcc.a(_fixunsdfdi.o)
                0x080011c0                __fixunsdfdi
                0x080011c0                __aeabi_d2ulz
 *(.text*)
 .text.pid_task0
                0x080011fc      0x128 CMakeFiles/RC2025.elf.dir/Application/pid_task.c.obj
                0x080011fc                pid_task0
 .text.CAN_Filter_Init
                0x08001324       0x58 CMakeFiles/RC2025.elf.dir/BSP/drv_can.c.obj
                0x08001324                CAN_Filter_Init
 .text.CAN_All_Init
                0x0800137c       0x28 CMakeFiles/RC2025.elf.dir/BSP/drv_can.c.obj
                0x0800137c                CAN_All_Init
 .text.CAN_TxMessage
                0x080013a4       0x3e CMakeFiles/RC2025.elf.dir/BSP/drv_can.c.obj
                0x080013a4                CAN_TxMessage
 *fill*         0x080013e2        0x2 
 .text.Angle_Consecutive
                0x080013e4       0x68 CMakeFiles/RC2025.elf.dir/BSP/drv_can.c.obj
                0x080013e4                Angle_Consecutive
 .text.CAN_SendCurrent
                0x0800144c       0x50 CMakeFiles/RC2025.elf.dir/BSP/drv_can.c.obj
                0x0800144c                CAN_SendCurrent
 .text.HAL_CAN_RxFifo0MsgPendingCallback
                0x0800149c      0x164 CMakeFiles/RC2025.elf.dir/BSP/drv_can.c.obj
                0x0800149c                HAL_CAN_RxFifo0MsgPendingCallback
 .text.CAN_GetMotorVelocity
                0x08001600       0x44 CMakeFiles/RC2025.elf.dir/BSP/drv_can.c.obj
                0x08001600                CAN_GetMotorVelocity
 .text.CAN_GetMotorAngel
                0x08001644       0x3c CMakeFiles/RC2025.elf.dir/BSP/drv_can.c.obj
                0x08001644                CAN_GetMotorAngel
 .text.limit_float
                0x08001680       0x32 CMakeFiles/RC2025.elf.dir/Controller/pid.c.obj
                0x08001680                limit_float
 *fill*         0x080016b2        0x2 
 .text.PidInit  0x080016b4       0x44 CMakeFiles/RC2025.elf.dir/Controller/pid.c.obj
                0x080016b4                PidInit
 .text.setPidTarget
                0x080016f8        0x6 CMakeFiles/RC2025.elf.dir/Controller/pid.c.obj
                0x080016f8                setPidTarget
 .text.setPidTargetwithRamp
                0x080016fe       0x1a CMakeFiles/RC2025.elf.dir/Controller/pid.c.obj
                0x080016fe                setPidTargetwithRamp
 .text.Pid_Update_Gamp
                0x08001718       0xaa CMakeFiles/RC2025.elf.dir/Controller/pid.c.obj
                0x08001718                Pid_Update_Gamp
 .text.PidGet   0x080017c2       0xe8 CMakeFiles/RC2025.elf.dir/Controller/pid.c.obj
                0x080017c2                PidGet
 *fill*         0x080018aa        0x2 
 .text.MX_CAN1_Init
                0x080018ac       0x44 CMakeFiles/RC2025.elf.dir/Core/Src/can.c.obj
                0x080018ac                MX_CAN1_Init
 .text.HAL_CAN_MspInit
                0x080018f0       0x80 CMakeFiles/RC2025.elf.dir/Core/Src/can.c.obj
                0x080018f0                HAL_CAN_MspInit
 .text.MX_DMA_Init
                0x08001970       0x44 CMakeFiles/RC2025.elf.dir/Core/Src/dma.c.obj
                0x08001970                MX_DMA_Init
 .text.StartDefaultTask
                0x080019b4        0xa CMakeFiles/RC2025.elf.dir/Core/Src/freertos.c.obj
                0x080019b4                StartDefaultTask
 .text.pid_task
                0x080019be       0x18 CMakeFiles/RC2025.elf.dir/Core/Src/freertos.c.obj
                0x080019be                pid_task
 *fill*         0x080019d6        0x2 
 .text.MX_FREERTOS_Init
                0x080019d8       0x38 CMakeFiles/RC2025.elf.dir/Core/Src/freertos.c.obj
                0x080019d8                MX_FREERTOS_Init
 .text.MX_GPIO_Init
                0x08001a10       0x38 CMakeFiles/RC2025.elf.dir/Core/Src/gpio.c.obj
                0x08001a10                MX_GPIO_Init
 .text.Error_Handler
                0x08001a48        0x4 CMakeFiles/RC2025.elf.dir/Core/Src/main.c.obj
                0x08001a48                Error_Handler
 .text.SystemClock_Config
                0x08001a4c       0xac CMakeFiles/RC2025.elf.dir/Core/Src/main.c.obj
                0x08001a4c                SystemClock_Config
 .text.main     0x08001af8       0x3a CMakeFiles/RC2025.elf.dir/Core/Src/main.c.obj
                0x08001af8                main
 *fill*         0x08001b32        0x2 
 .text.HAL_MspInit
                0x08001b34       0x44 CMakeFiles/RC2025.elf.dir/Core/Src/stm32f4xx_hal_msp.c.obj
                0x08001b34                HAL_MspInit
 .text.NMI_Handler
                0x08001b78        0x2 CMakeFiles/RC2025.elf.dir/Core/Src/stm32f4xx_it.c.obj
                0x08001b78                NMI_Handler
 .text.HardFault_Handler
                0x08001b7a        0x2 CMakeFiles/RC2025.elf.dir/Core/Src/stm32f4xx_it.c.obj
                0x08001b7a                HardFault_Handler
 .text.MemManage_Handler
                0x08001b7c        0x2 CMakeFiles/RC2025.elf.dir/Core/Src/stm32f4xx_it.c.obj
                0x08001b7c                MemManage_Handler
 .text.BusFault_Handler
                0x08001b7e        0x2 CMakeFiles/RC2025.elf.dir/Core/Src/stm32f4xx_it.c.obj
                0x08001b7e                BusFault_Handler
 .text.UsageFault_Handler
                0x08001b80        0x2 CMakeFiles/RC2025.elf.dir/Core/Src/stm32f4xx_it.c.obj
                0x08001b80                UsageFault_Handler
 .text.DebugMon_Handler
                0x08001b82        0x2 CMakeFiles/RC2025.elf.dir/Core/Src/stm32f4xx_it.c.obj
                0x08001b82                DebugMon_Handler
 .text.SysTick_Handler
                0x08001b84       0x16 CMakeFiles/RC2025.elf.dir/Core/Src/stm32f4xx_it.c.obj
                0x08001b84                SysTick_Handler
 *fill*         0x08001b9a        0x2 
 .text.CAN1_RX0_IRQHandler
                0x08001b9c       0x10 CMakeFiles/RC2025.elf.dir/Core/Src/stm32f4xx_it.c.obj
                0x08001b9c                CAN1_RX0_IRQHandler
 .text.USART1_IRQHandler
                0x08001bac       0x18 CMakeFiles/RC2025.elf.dir/Core/Src/stm32f4xx_it.c.obj
                0x08001bac                USART1_IRQHandler
 .text.DMA2_Stream2_IRQHandler
                0x08001bc4       0x10 CMakeFiles/RC2025.elf.dir/Core/Src/stm32f4xx_it.c.obj
                0x08001bc4                DMA2_Stream2_IRQHandler
 .text.DMA2_Stream7_IRQHandler
                0x08001bd4       0x10 CMakeFiles/RC2025.elf.dir/Core/Src/stm32f4xx_it.c.obj
                0x08001bd4                DMA2_Stream7_IRQHandler
 .text._getpid  0x08001be4        0x4 CMakeFiles/RC2025.elf.dir/Core/Src/syscalls.c.obj
                0x08001be4                _getpid
 .text._kill    0x08001be8       0x10 CMakeFiles/RC2025.elf.dir/Core/Src/syscalls.c.obj
                0x08001be8                _kill
 .text._exit    0x08001bf8        0xc CMakeFiles/RC2025.elf.dir/Core/Src/syscalls.c.obj
                0x08001bf8                _exit
 .text._read    0x08001c04       0x20 CMakeFiles/RC2025.elf.dir/Core/Src/syscalls.c.obj
                0x08001c04                _read
 .text._write   0x08001c24       0x1c CMakeFiles/RC2025.elf.dir/Core/Src/syscalls.c.obj
                0x08001c24                _write
 .text._close   0x08001c40        0x6 CMakeFiles/RC2025.elf.dir/Core/Src/syscalls.c.obj
                0x08001c40                _close
 .text._fstat   0x08001c46        0xa CMakeFiles/RC2025.elf.dir/Core/Src/syscalls.c.obj
                0x08001c46                _fstat
 .text._isatty  0x08001c50        0x4 CMakeFiles/RC2025.elf.dir/Core/Src/syscalls.c.obj
                0x08001c50                _isatty
 .text._lseek   0x08001c54        0x4 CMakeFiles/RC2025.elf.dir/Core/Src/syscalls.c.obj
                0x08001c54                _lseek
 .text._sbrk    0x08001c58       0x48 CMakeFiles/RC2025.elf.dir/Core/Src/sysmem.c.obj
                0x08001c58                _sbrk
 .text.SystemInit
                0x08001ca0       0x14 CMakeFiles/RC2025.elf.dir/Core/Src/system_stm32f4xx.c.obj
                0x08001ca0                SystemInit
 .text.MX_USART1_UART_Init
                0x08001cb4       0x34 CMakeFiles/RC2025.elf.dir/Core/Src/usart.c.obj
                0x08001cb4                MX_USART1_UART_Init
 .text.HAL_UART_MspInit
                0x08001ce8      0x100 CMakeFiles/RC2025.elf.dir/Core/Src/usart.c.obj
                0x08001ce8                HAL_UART_MspInit
 .text.Reset_Handler
                0x08001de8       0x50 CMakeFiles/RC2025.elf.dir/Core/Startup/startup_stm32f405rgtx.s.obj
                0x08001de8                Reset_Handler
 .text.Default_Handler
                0x08001e38        0x2 CMakeFiles/RC2025.elf.dir/Core/Startup/startup_stm32f405rgtx.s.obj
                0x08001e38                RTC_Alarm_IRQHandler
                0x08001e38                HASH_RNG_IRQHandler
                0x08001e38                EXTI2_IRQHandler
                0x08001e38                TIM8_CC_IRQHandler
                0x08001e38                TIM1_CC_IRQHandler
                0x08001e38                DMA2_Stream5_IRQHandler
                0x08001e38                DMA1_Stream5_IRQHandler
                0x08001e38                PVD_IRQHandler
                0x08001e38                SDIO_IRQHandler
                0x08001e38                TAMP_STAMP_IRQHandler
                0x08001e38                CAN2_RX1_IRQHandler
                0x08001e38                EXTI3_IRQHandler
                0x08001e38                TIM8_TRG_COM_TIM14_IRQHandler
                0x08001e38                TIM1_UP_TIM10_IRQHandler
                0x08001e38                TIM8_UP_TIM13_IRQHandler
                0x08001e38                I2C3_ER_IRQHandler
                0x08001e38                EXTI0_IRQHandler
                0x08001e38                I2C2_EV_IRQHandler
                0x08001e38                DMA1_Stream2_IRQHandler
                0x08001e38                FPU_IRQHandler
                0x08001e38                OTG_HS_WKUP_IRQHandler
                0x08001e38                CAN2_SCE_IRQHandler
                0x08001e38                SPI1_IRQHandler
                0x08001e38                TIM6_DAC_IRQHandler
                0x08001e38                TIM1_BRK_TIM9_IRQHandler
                0x08001e38                CAN2_RX0_IRQHandler
                0x08001e38                DMA2_Stream3_IRQHandler
                0x08001e38                USART6_IRQHandler
                0x08001e38                USART3_IRQHandler
                0x08001e38                CAN1_RX1_IRQHandler
                0x08001e38                UART5_IRQHandler
                0x08001e38                DMA2_Stream0_IRQHandler
                0x08001e38                TIM4_IRQHandler
                0x08001e38                I2C1_EV_IRQHandler
                0x08001e38                DMA1_Stream6_IRQHandler
                0x08001e38                DMA1_Stream1_IRQHandler
                0x08001e38                UART4_IRQHandler
                0x08001e38                TIM3_IRQHandler
                0x08001e38                RCC_IRQHandler
                0x08001e38                TIM8_BRK_TIM12_IRQHandler
                0x08001e38                Default_Handler
                0x08001e38                EXTI15_10_IRQHandler
                0x08001e38                ADC_IRQHandler
                0x08001e38                DMA1_Stream7_IRQHandler
                0x08001e38                TIM7_IRQHandler
                0x08001e38                CAN2_TX_IRQHandler
                0x08001e38                TIM5_IRQHandler
                0x08001e38                I2C3_EV_IRQHandler
                0x08001e38                EXTI9_5_IRQHandler
                0x08001e38                RTC_WKUP_IRQHandler
                0x08001e38                SPI2_IRQHandler
                0x08001e38                OTG_HS_EP1_IN_IRQHandler
                0x08001e38                DMA1_Stream0_IRQHandler
                0x08001e38                CAN1_TX_IRQHandler
                0x08001e38                EXTI4_IRQHandler
                0x08001e38                FSMC_IRQHandler
                0x08001e38                OTG_HS_EP1_OUT_IRQHandler
                0x08001e38                WWDG_IRQHandler
                0x08001e38                TIM2_IRQHandler
                0x08001e38                OTG_FS_WKUP_IRQHandler
                0x08001e38                TIM1_TRG_COM_TIM11_IRQHandler
                0x08001e38                OTG_HS_IRQHandler
                0x08001e38                EXTI1_IRQHandler
                0x08001e38                USART2_IRQHandler
                0x08001e38                I2C2_ER_IRQHandler
                0x08001e38                DMA2_Stream1_IRQHandler
                0x08001e38                CAN1_SCE_IRQHandler
                0x08001e38                FLASH_IRQHandler
                0x08001e38                DMA2_Stream4_IRQHandler
                0x08001e38                OTG_FS_IRQHandler
                0x08001e38                SPI3_IRQHandler
                0x08001e38                DMA1_Stream4_IRQHandler
                0x08001e38                I2C1_ER_IRQHandler
                0x08001e38                DMA2_Stream6_IRQHandler
                0x08001e38                DMA1_Stream3_IRQHandler
 *fill*         0x08001e3a        0x2 
 .text.HAL_InitTick
                0x08001e3c       0x4c CMakeFiles/RC2025.elf.dir/Drivers/STM32F4xx_HAL_Driver/Src/stm32f4xx_hal.c.obj
                0x08001e3c                HAL_InitTick
 .text.HAL_Init
                0x08001e88       0x34 CMakeFiles/RC2025.elf.dir/Drivers/STM32F4xx_HAL_Driver/Src/stm32f4xx_hal.c.obj
                0x08001e88                HAL_Init
 .text.HAL_IncTick
                0x08001ebc       0x18 CMakeFiles/RC2025.elf.dir/Drivers/STM32F4xx_HAL_Driver/Src/stm32f4xx_hal.c.obj
                0x08001ebc                HAL_IncTick
 .text.HAL_GetTick
                0x08001ed4        0xc CMakeFiles/RC2025.elf.dir/Drivers/STM32F4xx_HAL_Driver/Src/stm32f4xx_hal.c.obj
                0x08001ed4                HAL_GetTick
 .text.HAL_Delay
                0x08001ee0       0x28 CMakeFiles/RC2025.elf.dir/Drivers/STM32F4xx_HAL_Driver/Src/stm32f4xx_hal.c.obj
                0x08001ee0                HAL_Delay
 .text.HAL_CAN_Init
                0x08001f08      0x14c CMakeFiles/RC2025.elf.dir/Drivers/STM32F4xx_HAL_Driver/Src/stm32f4xx_hal_can.c.obj
                0x08001f08                HAL_CAN_Init
 .text.HAL_CAN_ConfigFilter
                0x08002054      0x138 CMakeFiles/RC2025.elf.dir/Drivers/STM32F4xx_HAL_Driver/Src/stm32f4xx_hal_can.c.obj
                0x08002054                HAL_CAN_ConfigFilter
 .text.HAL_CAN_Start
                0x0800218c       0x5c CMakeFiles/RC2025.elf.dir/Drivers/STM32F4xx_HAL_Driver/Src/stm32f4xx_hal_can.c.obj
                0x0800218c                HAL_CAN_Start
 .text.HAL_CAN_AddTxMessage
                0x080021e8       0xea CMakeFiles/RC2025.elf.dir/Drivers/STM32F4xx_HAL_Driver/Src/stm32f4xx_hal_can.c.obj
                0x080021e8                HAL_CAN_AddTxMessage
 .text.HAL_CAN_GetRxMessage
                0x080022d2      0x16a CMakeFiles/RC2025.elf.dir/Drivers/STM32F4xx_HAL_Driver/Src/stm32f4xx_hal_can.c.obj
                0x080022d2                HAL_CAN_GetRxMessage
 .text.HAL_CAN_ActivateNotification
                0x0800243c       0x24 CMakeFiles/RC2025.elf.dir/Drivers/STM32F4xx_HAL_Driver/Src/stm32f4xx_hal_can.c.obj
                0x0800243c                HAL_CAN_ActivateNotification
 .text.HAL_CAN_TxMailbox0CompleteCallback
                0x08002460        0x2 CMakeFiles/RC2025.elf.dir/Drivers/STM32F4xx_HAL_Driver/Src/stm32f4xx_hal_can.c.obj
                0x08002460                HAL_CAN_TxMailbox0CompleteCallback
 .text.HAL_CAN_TxMailbox1CompleteCallback
                0x08002462        0x2 CMakeFiles/RC2025.elf.dir/Drivers/STM32F4xx_HAL_Driver/Src/stm32f4xx_hal_can.c.obj
                0x08002462                HAL_CAN_TxMailbox1CompleteCallback
 .text.HAL_CAN_TxMailbox2CompleteCallback
                0x08002464        0x2 CMakeFiles/RC2025.elf.dir/Drivers/STM32F4xx_HAL_Driver/Src/stm32f4xx_hal_can.c.obj
                0x08002464                HAL_CAN_TxMailbox2CompleteCallback
 .text.HAL_CAN_TxMailbox0AbortCallback
                0x08002466        0x2 CMakeFiles/RC2025.elf.dir/Drivers/STM32F4xx_HAL_Driver/Src/stm32f4xx_hal_can.c.obj
                0x08002466                HAL_CAN_TxMailbox0AbortCallback
 .text.HAL_CAN_TxMailbox1AbortCallback
                0x08002468        0x2 CMakeFiles/RC2025.elf.dir/Drivers/STM32F4xx_HAL_Driver/Src/stm32f4xx_hal_can.c.obj
                0x08002468                HAL_CAN_TxMailbox1AbortCallback
 .text.HAL_CAN_TxMailbox2AbortCallback
                0x0800246a        0x2 CMakeFiles/RC2025.elf.dir/Drivers/STM32F4xx_HAL_Driver/Src/stm32f4xx_hal_can.c.obj
                0x0800246a                HAL_CAN_TxMailbox2AbortCallback
 .text.HAL_CAN_RxFifo0FullCallback
                0x0800246c        0x2 CMakeFiles/RC2025.elf.dir/Drivers/STM32F4xx_HAL_Driver/Src/stm32f4xx_hal_can.c.obj
                0x0800246c                HAL_CAN_RxFifo0FullCallback
 .text.HAL_CAN_RxFifo1MsgPendingCallback
                0x0800246e        0x2 CMakeFiles/RC2025.elf.dir/Drivers/STM32F4xx_HAL_Driver/Src/stm32f4xx_hal_can.c.obj
                0x0800246e                HAL_CAN_RxFifo1MsgPendingCallback
 .text.HAL_CAN_RxFifo1FullCallback
                0x08002470        0x2 CMakeFiles/RC2025.elf.dir/Drivers/STM32F4xx_HAL_Driver/Src/stm32f4xx_hal_can.c.obj
                0x08002470                HAL_CAN_RxFifo1FullCallback
 .text.HAL_CAN_SleepCallback
                0x08002472        0x2 CMakeFiles/RC2025.elf.dir/Drivers/STM32F4xx_HAL_Driver/Src/stm32f4xx_hal_can.c.obj
                0x08002472                HAL_CAN_SleepCallback
 .text.HAL_CAN_WakeUpFromRxMsgCallback
                0x08002474        0x2 CMakeFiles/RC2025.elf.dir/Drivers/STM32F4xx_HAL_Driver/Src/stm32f4xx_hal_can.c.obj
                0x08002474                HAL_CAN_WakeUpFromRxMsgCallback
 .text.HAL_CAN_ErrorCallback
                0x08002476        0x2 CMakeFiles/RC2025.elf.dir/Drivers/STM32F4xx_HAL_Driver/Src/stm32f4xx_hal_can.c.obj
                0x08002476                HAL_CAN_ErrorCallback
 .text.HAL_CAN_IRQHandler
                0x08002478      0x24a CMakeFiles/RC2025.elf.dir/Drivers/STM32F4xx_HAL_Driver/Src/stm32f4xx_hal_can.c.obj
                0x08002478                HAL_CAN_IRQHandler
 *fill*         0x080026c2        0x2 
 .text.HAL_NVIC_SetPriorityGrouping
                0x080026c4       0x24 CMakeFiles/RC2025.elf.dir/Drivers/STM32F4xx_HAL_Driver/Src/stm32f4xx_hal_cortex.c.obj
                0x080026c4                HAL_NVIC_SetPriorityGrouping
 .text.HAL_NVIC_SetPriority
                0x080026e8       0x70 CMakeFiles/RC2025.elf.dir/Drivers/STM32F4xx_HAL_Driver/Src/stm32f4xx_hal_cortex.c.obj
                0x080026e8                HAL_NVIC_SetPriority
 .text.HAL_NVIC_EnableIRQ
                0x08002758       0x1c CMakeFiles/RC2025.elf.dir/Drivers/STM32F4xx_HAL_Driver/Src/stm32f4xx_hal_cortex.c.obj
                0x08002758                HAL_NVIC_EnableIRQ
 .text.HAL_SYSTICK_Config
                0x08002774       0x28 CMakeFiles/RC2025.elf.dir/Drivers/STM32F4xx_HAL_Driver/Src/stm32f4xx_hal_cortex.c.obj
                0x08002774                HAL_SYSTICK_Config
 .text.DMA_SetConfig
                0x0800279c       0x2c CMakeFiles/RC2025.elf.dir/Drivers/STM32F4xx_HAL_Driver/Src/stm32f4xx_hal_dma.c.obj
 .text.DMA_CalcBaseAndBitshift
                0x080027c8       0x44 CMakeFiles/RC2025.elf.dir/Drivers/STM32F4xx_HAL_Driver/Src/stm32f4xx_hal_dma.c.obj
 .text.DMA_CheckFifoParam
                0x0800280c       0x8e CMakeFiles/RC2025.elf.dir/Drivers/STM32F4xx_HAL_Driver/Src/stm32f4xx_hal_dma.c.obj
 *fill*         0x0800289a        0x2 
 .text.HAL_DMA_Init
                0x0800289c       0xcc CMakeFiles/RC2025.elf.dir/Drivers/STM32F4xx_HAL_Driver/Src/stm32f4xx_hal_dma.c.obj
                0x0800289c                HAL_DMA_Init
 .text.HAL_DMA_Start_IT
                0x08002968       0x6a CMakeFiles/RC2025.elf.dir/Drivers/STM32F4xx_HAL_Driver/Src/stm32f4xx_hal_dma.c.obj
                0x08002968                HAL_DMA_Start_IT
 .text.HAL_DMA_Abort
                0x080029d2       0x94 CMakeFiles/RC2025.elf.dir/Drivers/STM32F4xx_HAL_Driver/Src/stm32f4xx_hal_dma.c.obj
                0x080029d2                HAL_DMA_Abort
 .text.HAL_DMA_Abort_IT
                0x08002a66       0x26 CMakeFiles/RC2025.elf.dir/Drivers/STM32F4xx_HAL_Driver/Src/stm32f4xx_hal_dma.c.obj
                0x08002a66                HAL_DMA_Abort_IT
 .text.HAL_DMA_IRQHandler
                0x08002a8c      0x1dc CMakeFiles/RC2025.elf.dir/Drivers/STM32F4xx_HAL_Driver/Src/stm32f4xx_hal_dma.c.obj
                0x08002a8c                HAL_DMA_IRQHandler
 .text.HAL_GPIO_Init
                0x08002c68      0x1e4 CMakeFiles/RC2025.elf.dir/Drivers/STM32F4xx_HAL_Driver/Src/stm32f4xx_hal_gpio.c.obj
                0x08002c68                HAL_GPIO_Init
 .text.HAL_RCC_OscConfig
                0x08002e4c      0x3f8 CMakeFiles/RC2025.elf.dir/Drivers/STM32F4xx_HAL_Driver/Src/stm32f4xx_hal_rcc.c.obj
                0x08002e4c                HAL_RCC_OscConfig
 .text.HAL_RCC_GetSysClockFreq
                0x08003244       0xd4 CMakeFiles/RC2025.elf.dir/Drivers/STM32F4xx_HAL_Driver/Src/stm32f4xx_hal_rcc.c.obj
                0x08003244                HAL_RCC_GetSysClockFreq
 .text.HAL_RCC_ClockConfig
                0x08003318      0x160 CMakeFiles/RC2025.elf.dir/Drivers/STM32F4xx_HAL_Driver/Src/stm32f4xx_hal_rcc.c.obj
                0x08003318                HAL_RCC_ClockConfig
 .text.HAL_RCC_GetHCLKFreq
                0x08003478        0xc CMakeFiles/RC2025.elf.dir/Drivers/STM32F4xx_HAL_Driver/Src/stm32f4xx_hal_rcc.c.obj
                0x08003478                HAL_RCC_GetHCLKFreq
 .text.HAL_RCC_GetPCLK1Freq
                0x08003484       0x20 CMakeFiles/RC2025.elf.dir/Drivers/STM32F4xx_HAL_Driver/Src/stm32f4xx_hal_rcc.c.obj
                0x08003484                HAL_RCC_GetPCLK1Freq
 .text.HAL_RCC_GetPCLK2Freq
                0x080034a4       0x20 CMakeFiles/RC2025.elf.dir/Drivers/STM32F4xx_HAL_Driver/Src/stm32f4xx_hal_rcc.c.obj
                0x080034a4                HAL_RCC_GetPCLK2Freq
 .text.UART_EndTxTransfer
                0x080034c4       0x20 CMakeFiles/RC2025.elf.dir/Drivers/STM32F4xx_HAL_Driver/Src/stm32f4xx_hal_uart.c.obj
 .text.UART_EndRxTransfer
                0x080034e4       0x5c CMakeFiles/RC2025.elf.dir/Drivers/STM32F4xx_HAL_Driver/Src/stm32f4xx_hal_uart.c.obj
 .text.UART_Transmit_IT
                0x08003540       0x60 CMakeFiles/RC2025.elf.dir/Drivers/STM32F4xx_HAL_Driver/Src/stm32f4xx_hal_uart.c.obj
 .text.UART_SetConfig
                0x080035a0      0x110 CMakeFiles/RC2025.elf.dir/Drivers/STM32F4xx_HAL_Driver/Src/stm32f4xx_hal_uart.c.obj
 .text.HAL_UART_Init
                0x080036b0       0x60 CMakeFiles/RC2025.elf.dir/Drivers/STM32F4xx_HAL_Driver/Src/stm32f4xx_hal_uart.c.obj
                0x080036b0                HAL_UART_Init
 .text.HAL_UART_Transmit_DMA
                0x08003710       0x84 CMakeFiles/RC2025.elf.dir/Drivers/STM32F4xx_HAL_Driver/Src/stm32f4xx_hal_uart.c.obj
                0x08003710                HAL_UART_Transmit_DMA
 .text.HAL_UART_DMAStop
                0x08003794       0x84 CMakeFiles/RC2025.elf.dir/Drivers/STM32F4xx_HAL_Driver/Src/stm32f4xx_hal_uart.c.obj
                0x08003794                HAL_UART_DMAStop
 .text.HAL_UART_TxCpltCallback
                0x08003818        0x2 CMakeFiles/RC2025.elf.dir/Drivers/STM32F4xx_HAL_Driver/Src/stm32f4xx_hal_uart.c.obj
                0x08003818                HAL_UART_TxCpltCallback
 .text.UART_DMATransmitCplt
                0x0800381a       0x4c CMakeFiles/RC2025.elf.dir/Drivers/STM32F4xx_HAL_Driver/Src/stm32f4xx_hal_uart.c.obj
 .text.UART_EndTransmit_IT
                0x08003866       0x1a CMakeFiles/RC2025.elf.dir/Drivers/STM32F4xx_HAL_Driver/Src/stm32f4xx_hal_uart.c.obj
 .text.HAL_UART_TxHalfCpltCallback
                0x08003880        0x2 CMakeFiles/RC2025.elf.dir/Drivers/STM32F4xx_HAL_Driver/Src/stm32f4xx_hal_uart.c.obj
                0x08003880                HAL_UART_TxHalfCpltCallback
 .text.UART_DMATxHalfCplt
                0x08003882        0xa CMakeFiles/RC2025.elf.dir/Drivers/STM32F4xx_HAL_Driver/Src/stm32f4xx_hal_uart.c.obj
 .text.HAL_UART_RxCpltCallback
                0x0800388c        0x2 CMakeFiles/RC2025.elf.dir/Drivers/STM32F4xx_HAL_Driver/Src/stm32f4xx_hal_uart.c.obj
                0x0800388c                HAL_UART_RxCpltCallback
 .text.HAL_UART_RxHalfCpltCallback
                0x0800388e        0x2 CMakeFiles/RC2025.elf.dir/Drivers/STM32F4xx_HAL_Driver/Src/stm32f4xx_hal_uart.c.obj
                0x0800388e                HAL_UART_RxHalfCpltCallback
 .text.HAL_UART_ErrorCallback
                0x08003890        0x2 CMakeFiles/RC2025.elf.dir/Drivers/STM32F4xx_HAL_Driver/Src/stm32f4xx_hal_uart.c.obj
                0x08003890                HAL_UART_ErrorCallback
 .text.UART_DMAError
                0x08003892       0x58 CMakeFiles/RC2025.elf.dir/Drivers/STM32F4xx_HAL_Driver/Src/stm32f4xx_hal_uart.c.obj
 .text.UART_DMAAbortOnError
                0x080038ea       0x10 CMakeFiles/RC2025.elf.dir/Drivers/STM32F4xx_HAL_Driver/Src/stm32f4xx_hal_uart.c.obj
 .text.HAL_UARTEx_RxEventCallback
                0x080038fa        0x2 CMakeFiles/RC2025.elf.dir/Drivers/STM32F4xx_HAL_Driver/Src/stm32f4xx_hal_uart.c.obj
                0x080038fa                HAL_UARTEx_RxEventCallback
 .text.UART_Receive_IT
                0x080038fc       0xe6 CMakeFiles/RC2025.elf.dir/Drivers/STM32F4xx_HAL_Driver/Src/stm32f4xx_hal_uart.c.obj
 *fill*         0x080039e2        0x2 
 .text.HAL_UART_IRQHandler
                0x080039e4      0x288 CMakeFiles/RC2025.elf.dir/Drivers/STM32F4xx_HAL_Driver/Src/stm32f4xx_hal_uart.c.obj
                0x080039e4                HAL_UART_IRQHandler
 .text.UART_DMARxHalfCplt
                0x08003c6c       0x1e CMakeFiles/RC2025.elf.dir/Drivers/STM32F4xx_HAL_Driver/Src/stm32f4xx_hal_uart.c.obj
 .text.UART_DMAReceiveCplt
                0x08003c8a       0x9a CMakeFiles/RC2025.elf.dir/Drivers/STM32F4xx_HAL_Driver/Src/stm32f4xx_hal_uart.c.obj
 .text.UART_Start_Receive_DMA
                0x08003d24       0xa4 CMakeFiles/RC2025.elf.dir/Drivers/STM32F4xx_HAL_Driver/Src/stm32f4xx_hal_uart.c.obj
                0x08003d24                UART_Start_Receive_DMA
 .text.HAL_UART_Receive_DMA
                0x08003dc8       0x26 CMakeFiles/RC2025.elf.dir/Drivers/STM32F4xx_HAL_Driver/Src/stm32f4xx_hal_uart.c.obj
                0x08003dc8                HAL_UART_Receive_DMA
 *fill*         0x08003dee        0x2 
 .text.osKernelInitialize
                0x08003df0       0x24 CMakeFiles/RC2025.elf.dir/Middlewares/Third_Party/FreeRTOS/Source/CMSIS_RTOS_V2/cmsis_os2.c.obj
                0x08003df0                osKernelInitialize
 .text.osKernelStart
                0x08003e14       0x38 CMakeFiles/RC2025.elf.dir/Middlewares/Third_Party/FreeRTOS/Source/CMSIS_RTOS_V2/cmsis_os2.c.obj
                0x08003e14                osKernelStart
 .text.osThreadNew
                0x08003e4c       0xbc CMakeFiles/RC2025.elf.dir/Middlewares/Third_Party/FreeRTOS/Source/CMSIS_RTOS_V2/cmsis_os2.c.obj
                0x08003e4c                osThreadNew
 .text.osDelay  0x08003f08       0x1c CMakeFiles/RC2025.elf.dir/Middlewares/Third_Party/FreeRTOS/Source/CMSIS_RTOS_V2/cmsis_os2.c.obj
                0x08003f08                osDelay
 .text.vApplicationGetIdleTaskMemory
                0x08003f24       0x18 CMakeFiles/RC2025.elf.dir/Middlewares/Third_Party/FreeRTOS/Source/CMSIS_RTOS_V2/cmsis_os2.c.obj
                0x08003f24                vApplicationGetIdleTaskMemory
 .text.vApplicationGetTimerTaskMemory
                0x08003f3c       0x18 CMakeFiles/RC2025.elf.dir/Middlewares/Third_Party/FreeRTOS/Source/CMSIS_RTOS_V2/cmsis_os2.c.obj
                0x08003f3c                vApplicationGetTimerTaskMemory
 .text.vListInitialise
                0x08003f54       0x16 CMakeFiles/RC2025.elf.dir/Middlewares/Third_Party/FreeRTOS/Source/list.c.obj
                0x08003f54                vListInitialise
 .text.vListInitialiseItem
                0x08003f6a        0x6 CMakeFiles/RC2025.elf.dir/Middlewares/Third_Party/FreeRTOS/Source/list.c.obj
                0x08003f6a                vListInitialiseItem
 .text.vListInsertEnd
                0x08003f70       0x16 CMakeFiles/RC2025.elf.dir/Middlewares/Third_Party/FreeRTOS/Source/list.c.obj
                0x08003f70                vListInsertEnd
 .text.vListInsert
                0x08003f86       0x32 CMakeFiles/RC2025.elf.dir/Middlewares/Third_Party/FreeRTOS/Source/list.c.obj
                0x08003f86                vListInsert
 .text.uxListRemove
                0x08003fb8       0x26 CMakeFiles/RC2025.elf.dir/Middlewares/Third_Party/FreeRTOS/Source/list.c.obj
                0x08003fb8                uxListRemove
 *fill*         0x08003fde        0x2 
 .text.prvTaskExitError
                0x08003fe0       0x40 CMakeFiles/RC2025.elf.dir/Middlewares/Third_Party/FreeRTOS/Source/portable/GCC/ARM_CM4F/port.c.obj
 .text.prvPortStartFirstTask
                0x08004020       0x28 CMakeFiles/RC2025.elf.dir/Middlewares/Third_Party/FreeRTOS/Source/portable/GCC/ARM_CM4F/port.c.obj
 .text.vPortEnableVFP
                0x08004048       0x14 CMakeFiles/RC2025.elf.dir/Middlewares/Third_Party/FreeRTOS/Source/portable/GCC/ARM_CM4F/port.c.obj
 .text.pxPortInitialiseStack
                0x0800405c       0x2c CMakeFiles/RC2025.elf.dir/Middlewares/Third_Party/FreeRTOS/Source/portable/GCC/ARM_CM4F/port.c.obj
                0x0800405c                pxPortInitialiseStack
 *fill*         0x08004088        0x8 
 .text.SVC_Handler
                0x08004090       0x24 CMakeFiles/RC2025.elf.dir/Middlewares/Third_Party/FreeRTOS/Source/portable/GCC/ARM_CM4F/port.c.obj
                0x08004090                SVC_Handler
 .text.vPortEnterCritical
                0x080040b4       0x44 CMakeFiles/RC2025.elf.dir/Middlewares/Third_Party/FreeRTOS/Source/portable/GCC/ARM_CM4F/port.c.obj
                0x080040b4                vPortEnterCritical
 .text.vPortExitCritical
                0x080040f8       0x2c CMakeFiles/RC2025.elf.dir/Middlewares/Third_Party/FreeRTOS/Source/portable/GCC/ARM_CM4F/port.c.obj
                0x080040f8                vPortExitCritical
 *fill*         0x08004124        0xc 
 .text.PendSV_Handler
                0x08004130       0x64 CMakeFiles/RC2025.elf.dir/Middlewares/Third_Party/FreeRTOS/Source/portable/GCC/ARM_CM4F/port.c.obj
                0x08004130                PendSV_Handler
 .text.xPortSysTickHandler
                0x08004194       0x2c CMakeFiles/RC2025.elf.dir/Middlewares/Third_Party/FreeRTOS/Source/portable/GCC/ARM_CM4F/port.c.obj
                0x08004194                xPortSysTickHandler
 .text.vPortSetupTimerInterrupt
                0x080041c0       0x28 CMakeFiles/RC2025.elf.dir/Middlewares/Third_Party/FreeRTOS/Source/portable/GCC/ARM_CM4F/port.c.obj
                0x080041c0                vPortSetupTimerInterrupt
 .text.xPortStartScheduler
                0x080041e8      0x118 CMakeFiles/RC2025.elf.dir/Middlewares/Third_Party/FreeRTOS/Source/portable/GCC/ARM_CM4F/port.c.obj
                0x080041e8                xPortStartScheduler
 .text.vPortValidateInterruptPriority
                0x08004300       0x5c CMakeFiles/RC2025.elf.dir/Middlewares/Third_Party/FreeRTOS/Source/portable/GCC/ARM_CM4F/port.c.obj
                0x08004300                vPortValidateInterruptPriority
 .text.prvHeapInit
                0x0800435c       0x64 CMakeFiles/RC2025.elf.dir/Middlewares/Third_Party/FreeRTOS/Source/portable/MemMang/heap_4.c.obj
 .text.prvInsertBlockIntoFreeList
                0x080043c0       0x64 CMakeFiles/RC2025.elf.dir/Middlewares/Third_Party/FreeRTOS/Source/portable/MemMang/heap_4.c.obj
 .text.pvPortMalloc
                0x08004424       0xfc CMakeFiles/RC2025.elf.dir/Middlewares/Third_Party/FreeRTOS/Source/portable/MemMang/heap_4.c.obj
                0x08004424                pvPortMalloc
 .text.vPortFree
                0x08004520       0x7c CMakeFiles/RC2025.elf.dir/Middlewares/Third_Party/FreeRTOS/Source/portable/MemMang/heap_4.c.obj
                0x08004520                vPortFree
 .text.prvIsQueueFull
                0x0800459c       0x1e CMakeFiles/RC2025.elf.dir/Middlewares/Third_Party/FreeRTOS/Source/queue.c.obj
 .text.prvIsQueueEmpty
                0x080045ba       0x1a CMakeFiles/RC2025.elf.dir/Middlewares/Third_Party/FreeRTOS/Source/queue.c.obj
 .text.prvCopyDataToQueue
                0x080045d4       0x76 CMakeFiles/RC2025.elf.dir/Middlewares/Third_Party/FreeRTOS/Source/queue.c.obj
 .text.prvCopyDataFromQueue
                0x0800464a       0x24 CMakeFiles/RC2025.elf.dir/Middlewares/Third_Party/FreeRTOS/Source/queue.c.obj
 .text.prvUnlockQueue
                0x0800466e       0x6e CMakeFiles/RC2025.elf.dir/Middlewares/Third_Party/FreeRTOS/Source/queue.c.obj
 .text.xQueueGenericReset
                0x080046dc       0x84 CMakeFiles/RC2025.elf.dir/Middlewares/Third_Party/FreeRTOS/Source/queue.c.obj
                0x080046dc                xQueueGenericReset
 .text.prvInitialiseNewQueue
                0x08004760       0x22 CMakeFiles/RC2025.elf.dir/Middlewares/Third_Party/FreeRTOS/Source/queue.c.obj
 .text.xQueueGenericCreateStatic
                0x08004782       0x94 CMakeFiles/RC2025.elf.dir/Middlewares/Third_Party/FreeRTOS/Source/queue.c.obj
                0x08004782                xQueueGenericCreateStatic
 .text.xQueueGenericSend
                0x08004816      0x188 CMakeFiles/RC2025.elf.dir/Middlewares/Third_Party/FreeRTOS/Source/queue.c.obj
                0x08004816                xQueueGenericSend
 .text.xQueueGenericSendFromISR
                0x0800499e       0xce CMakeFiles/RC2025.elf.dir/Middlewares/Third_Party/FreeRTOS/Source/queue.c.obj
                0x0800499e                xQueueGenericSendFromISR
 .text.xQueueReceive
                0x08004a6c      0x15e CMakeFiles/RC2025.elf.dir/Middlewares/Third_Party/FreeRTOS/Source/queue.c.obj
                0x08004a6c                xQueueReceive
 *fill*         0x08004bca        0x2 
 .text.vQueueAddToRegistry
                0x08004bcc       0x28 CMakeFiles/RC2025.elf.dir/Middlewares/Third_Party/FreeRTOS/Source/queue.c.obj
                0x08004bcc                vQueueAddToRegistry
 .text.vQueueWaitForMessageRestricted
                0x08004bf4       0x52 CMakeFiles/RC2025.elf.dir/Middlewares/Third_Party/FreeRTOS/Source/queue.c.obj
                0x08004bf4                vQueueWaitForMessageRestricted
 *fill*         0x08004c46        0x2 
 .text.prvResetNextTaskUnblockTime
                0x08004c48       0x2c CMakeFiles/RC2025.elf.dir/Middlewares/Third_Party/FreeRTOS/Source/tasks.c.obj
 .text.prvInitialiseNewTask
                0x08004c74       0xa6 CMakeFiles/RC2025.elf.dir/Middlewares/Third_Party/FreeRTOS/Source/tasks.c.obj
 *fill*         0x08004d1a        0x2 
 .text.prvInitialiseTaskLists
                0x08004d1c       0x68 CMakeFiles/RC2025.elf.dir/Middlewares/Third_Party/FreeRTOS/Source/tasks.c.obj
 .text.prvAddNewTaskToReadyList
                0x08004d84       0xac CMakeFiles/RC2025.elf.dir/Middlewares/Third_Party/FreeRTOS/Source/tasks.c.obj
 .text.prvDeleteTCB
                0x08004e30       0x38 CMakeFiles/RC2025.elf.dir/Middlewares/Third_Party/FreeRTOS/Source/tasks.c.obj
 .text.prvCheckTasksWaitingTermination
                0x08004e68       0x4c CMakeFiles/RC2025.elf.dir/Middlewares/Third_Party/FreeRTOS/Source/tasks.c.obj
 .text.prvIdleTask
                0x08004eb4       0x28 CMakeFiles/RC2025.elf.dir/Middlewares/Third_Party/FreeRTOS/Source/tasks.c.obj
 .text.prvAddCurrentTaskToDelayedList
                0x08004edc       0x7c CMakeFiles/RC2025.elf.dir/Middlewares/Third_Party/FreeRTOS/Source/tasks.c.obj
 .text.xTaskCreateStatic
                0x08004f58       0x76 CMakeFiles/RC2025.elf.dir/Middlewares/Third_Party/FreeRTOS/Source/tasks.c.obj
                0x08004f58                xTaskCreateStatic
 .text.xTaskCreate
                0x08004fce       0x68 CMakeFiles/RC2025.elf.dir/Middlewares/Third_Party/FreeRTOS/Source/tasks.c.obj
                0x08004fce                xTaskCreate
 *fill*         0x08005036        0x2 
 .text.vTaskStartScheduler
                0x08005038       0x9c CMakeFiles/RC2025.elf.dir/Middlewares/Third_Party/FreeRTOS/Source/tasks.c.obj
                0x08005038                vTaskStartScheduler
 .text.vTaskSuspendAll
                0x080050d4       0x10 CMakeFiles/RC2025.elf.dir/Middlewares/Third_Party/FreeRTOS/Source/tasks.c.obj
                0x080050d4                vTaskSuspendAll
 .text.xTaskGetTickCount
                0x080050e4        0xc CMakeFiles/RC2025.elf.dir/Middlewares/Third_Party/FreeRTOS/Source/tasks.c.obj
                0x080050e4                xTaskGetTickCount
 .text.xTaskIncrementTick
                0x080050f0      0x118 CMakeFiles/RC2025.elf.dir/Middlewares/Third_Party/FreeRTOS/Source/tasks.c.obj
                0x080050f0                xTaskIncrementTick
 .text.xTaskResumeAll
                0x08005208       0xf8 CMakeFiles/RC2025.elf.dir/Middlewares/Third_Party/FreeRTOS/Source/tasks.c.obj
                0x08005208                xTaskResumeAll
 .text.vTaskDelayUntil
                0x08005300       0xa4 CMakeFiles/RC2025.elf.dir/Middlewares/Third_Party/FreeRTOS/Source/tasks.c.obj
                0x08005300                vTaskDelayUntil
 .text.vTaskDelay
                0x080053a4       0x4c CMakeFiles/RC2025.elf.dir/Middlewares/Third_Party/FreeRTOS/Source/tasks.c.obj
                0x080053a4                vTaskDelay
 .text.vTaskSwitchContext
                0x080053f0       0x94 CMakeFiles/RC2025.elf.dir/Middlewares/Third_Party/FreeRTOS/Source/tasks.c.obj
                0x080053f0                vTaskSwitchContext
 .text.vTaskPlaceOnEventList
                0x08005484       0x30 CMakeFiles/RC2025.elf.dir/Middlewares/Third_Party/FreeRTOS/Source/tasks.c.obj
                0x08005484                vTaskPlaceOnEventList
 .text.vTaskPlaceOnEventListRestricted
                0x080054b4       0x38 CMakeFiles/RC2025.elf.dir/Middlewares/Third_Party/FreeRTOS/Source/tasks.c.obj
                0x080054b4                vTaskPlaceOnEventListRestricted
 .text.xTaskRemoveFromEventList
                0x080054ec       0x8c CMakeFiles/RC2025.elf.dir/Middlewares/Third_Party/FreeRTOS/Source/tasks.c.obj
                0x080054ec                xTaskRemoveFromEventList
 .text.vTaskInternalSetTimeOutState
                0x08005578       0x18 CMakeFiles/RC2025.elf.dir/Middlewares/Third_Party/FreeRTOS/Source/tasks.c.obj
                0x08005578                vTaskInternalSetTimeOutState
 .text.xTaskCheckForTimeOut
                0x08005590       0x84 CMakeFiles/RC2025.elf.dir/Middlewares/Third_Party/FreeRTOS/Source/tasks.c.obj
                0x08005590                xTaskCheckForTimeOut
 .text.vTaskMissedYield
                0x08005614        0xc CMakeFiles/RC2025.elf.dir/Middlewares/Third_Party/FreeRTOS/Source/tasks.c.obj
                0x08005614                vTaskMissedYield
 .text.xTaskGetSchedulerState
                0x08005620       0x20 CMakeFiles/RC2025.elf.dir/Middlewares/Third_Party/FreeRTOS/Source/tasks.c.obj
                0x08005620                xTaskGetSchedulerState
 .text.xTaskPriorityDisinherit
                0x08005640       0x90 CMakeFiles/RC2025.elf.dir/Middlewares/Third_Party/FreeRTOS/Source/tasks.c.obj
                0x08005640                xTaskPriorityDisinherit
 .text.prvGetNextExpireTime
                0x080056d0       0x20 CMakeFiles/RC2025.elf.dir/Middlewares/Third_Party/FreeRTOS/Source/timers.c.obj
 .text.prvInsertTimerInActiveList
                0x080056f0       0x48 CMakeFiles/RC2025.elf.dir/Middlewares/Third_Party/FreeRTOS/Source/timers.c.obj
 .text.prvCheckForValidListAndQueue
                0x08005738       0x70 CMakeFiles/RC2025.elf.dir/Middlewares/Third_Party/FreeRTOS/Source/timers.c.obj
 .text.xTimerCreateTimerTask
                0x080057a8       0x64 CMakeFiles/RC2025.elf.dir/Middlewares/Third_Party/FreeRTOS/Source/timers.c.obj
                0x080057a8                xTimerCreateTimerTask
 .text.xTimerGenericCommand
                0x0800580c       0x6c CMakeFiles/RC2025.elf.dir/Middlewares/Third_Party/FreeRTOS/Source/timers.c.obj
                0x0800580c                xTimerGenericCommand
 .text.prvSwitchTimerLists
                0x08005878       0x7c CMakeFiles/RC2025.elf.dir/Middlewares/Third_Party/FreeRTOS/Source/timers.c.obj
 .text.prvSampleTimeNow
                0x080058f4       0x2c CMakeFiles/RC2025.elf.dir/Middlewares/Third_Party/FreeRTOS/Source/timers.c.obj
 .text.prvProcessExpiredTimer
                0x08005920       0x6c CMakeFiles/RC2025.elf.dir/Middlewares/Third_Party/FreeRTOS/Source/timers.c.obj
 .text.prvProcessTimerOrBlockTask
                0x0800598c       0x74 CMakeFiles/RC2025.elf.dir/Middlewares/Third_Party/FreeRTOS/Source/timers.c.obj
 .text.prvProcessReceivedCommands
                0x08005a00      0x10c CMakeFiles/RC2025.elf.dir/Middlewares/Third_Party/FreeRTOS/Source/timers.c.obj
 .text.prvTimerTask
                0x08005b0c       0x16 CMakeFiles/RC2025.elf.dir/Middlewares/Third_Party/FreeRTOS/Source/timers.c.obj
 *fill*         0x08005b22        0x2 
 .text.usart_printf
                0x08005b24       0x38 CMakeFiles/RC2025.elf.dir/User/debug.c.obj
                0x08005b24                usart_printf
 .text.Set_Target_UartInit
                0x08005b5c       0x20 CMakeFiles/RC2025.elf.dir/User/debug.c.obj
                0x08005b5c                Set_Target_UartInit
 .text.Set_Target_UartIdleCallback
                0x08005b7c       0xe4 CMakeFiles/RC2025.elf.dir/User/debug.c.obj
                0x08005b7c                Set_Target_UartIdleCallback
 .text.Set_Target_UartIrqHandler
                0x08005c60       0x34 CMakeFiles/RC2025.elf.dir/User/debug.c.obj
                0x08005c60                Set_Target_UartIrqHandler
 .text.roboinit
                0x08005c94       0xc4 CMakeFiles/RC2025.elf.dir/User/init.c.obj
                0x08005c94                roboinit
 .text.__errno  0x08005d58        0xc d:/gcc-arm-none-eabi-10.3-2021.10-win32/gcc-arm-none-eabi-10.3-2021.10/bin/../lib/gcc/arm-none-eabi/10.3.1/../../../../arm-none-eabi/lib/thumb/v7e-m+fp/hard\libg.a(lib_a-errno.o)
                0x08005d58                __errno
 .text.__libc_init_array
                0x08005d64       0x48 d:/gcc-arm-none-eabi-10.3-2021.10-win32/gcc-arm-none-eabi-10.3-2021.10/bin/../lib/gcc/arm-none-eabi/10.3.1/../../../../arm-none-eabi/lib/thumb/v7e-m+fp/hard\libg.a(lib_a-init.o)
                0x08005d64                __libc_init_array
 .text.memset   0x08005dac       0xa4 d:/gcc-arm-none-eabi-10.3-2021.10-win32/gcc-arm-none-eabi-10.3-2021.10/bin/../lib/gcc/arm-none-eabi/10.3.1/../../../../arm-none-eabi/lib/thumb/v7e-m+fp/hard\libg.a(lib_a-memset.o)
                0x08005dac                memset
 .text._strtod_l
                0x08005e50      0xf50 d:/gcc-arm-none-eabi-10.3-2021.10-win32/gcc-arm-none-eabi-10.3-2021.10/bin/../lib/gcc/arm-none-eabi/10.3.1/../../../../arm-none-eabi/lib/thumb/v7e-m+fp/hard\libg.a(lib_a-strtod.o)
                0x08005e50                _strtod_l
 .text.strtof   0x08006da0       0xb8 d:/gcc-arm-none-eabi-10.3-2021.10-win32/gcc-arm-none-eabi-10.3-2021.10/bin/../lib/gcc/arm-none-eabi/10.3.1/../../../../arm-none-eabi/lib/thumb/v7e-m+fp/hard\libg.a(lib_a-strtod.o)
                0x08006da0                strtof
 .text.vsnprintf
                0x08006e58       0x70 d:/gcc-arm-none-eabi-10.3-2021.10-win32/gcc-arm-none-eabi-10.3-2021.10/bin/../lib/gcc/arm-none-eabi/10.3.1/../../../../arm-none-eabi/lib/thumb/v7e-m+fp/hard\libg.a(lib_a-vsnprintf.o)
                0x08006e58                vsnprintf
 .text.rshift   0x08006ec8       0xa4 d:/gcc-arm-none-eabi-10.3-2021.10-win32/gcc-arm-none-eabi-10.3-2021.10/bin/../lib/gcc/arm-none-eabi/10.3.1/../../../../arm-none-eabi/lib/thumb/v7e-m+fp/hard\libg.a(lib_a-gdtoa-gethex.o)
 .text.__gethex
                0x08006f6c      0x5d8 d:/gcc-arm-none-eabi-10.3-2021.10-win32/gcc-arm-none-eabi-10.3-2021.10/bin/../lib/gcc/arm-none-eabi/10.3.1/../../../../arm-none-eabi/lib/thumb/v7e-m+fp/hard\libg.a(lib_a-gdtoa-gethex.o)
                0x08006f6c                __gethex
 .text.__match  0x08007544       0x38 d:/gcc-arm-none-eabi-10.3-2021.10-win32/gcc-arm-none-eabi-10.3-2021.10/bin/../lib/gcc/arm-none-eabi/10.3.1/../../../../arm-none-eabi/lib/thumb/v7e-m+fp/hard\libg.a(lib_a-gdtoa-hexnan.o)
                0x08007544                __match
 .text.__hexnan
                0x0800757c      0x1ac d:/gcc-arm-none-eabi-10.3-2021.10-win32/gcc-arm-none-eabi-10.3-2021.10/bin/../lib/gcc/arm-none-eabi/10.3.1/../../../../arm-none-eabi/lib/thumb/v7e-m+fp/hard\libg.a(lib_a-gdtoa-hexnan.o)
                0x0800757c                __hexnan
 .text.__locale_mb_cur_max
                0x08007728        0xc d:/gcc-arm-none-eabi-10.3-2021.10-win32/gcc-arm-none-eabi-10.3-2021.10/bin/../lib/gcc/arm-none-eabi/10.3.1/../../../../arm-none-eabi/lib/thumb/v7e-m+fp/hard\libg.a(lib_a-locale.o)
                0x08007728                __locale_mb_cur_max
 .text.__retarget_lock_init_recursive
                0x08007734        0x4 d:/gcc-arm-none-eabi-10.3-2021.10-win32/gcc-arm-none-eabi-10.3-2021.10/bin/../lib/gcc/arm-none-eabi/10.3.1/../../../../arm-none-eabi/lib/thumb/v7e-m+fp/hard\libg.a(lib_a-lock.o)
                0x08007734                __retarget_lock_init_recursive
 .text.__retarget_lock_close_recursive
                0x08007738        0x4 d:/gcc-arm-none-eabi-10.3-2021.10-win32/gcc-arm-none-eabi-10.3-2021.10/bin/../lib/gcc/arm-none-eabi/10.3.1/../../../../arm-none-eabi/lib/thumb/v7e-m+fp/hard\libg.a(lib_a-lock.o)
                0x08007738                __retarget_lock_close_recursive
 .text.__retarget_lock_acquire_recursive
                0x0800773c        0x4 d:/gcc-arm-none-eabi-10.3-2021.10-win32/gcc-arm-none-eabi-10.3-2021.10/bin/../lib/gcc/arm-none-eabi/10.3.1/../../../../arm-none-eabi/lib/thumb/v7e-m+fp/hard\libg.a(lib_a-lock.o)
                0x0800773c                __retarget_lock_acquire_recursive
 .text.__retarget_lock_release_recursive
                0x08007740        0x4 d:/gcc-arm-none-eabi-10.3-2021.10-win32/gcc-arm-none-eabi-10.3-2021.10/bin/../lib/gcc/arm-none-eabi/10.3.1/../../../../arm-none-eabi/lib/thumb/v7e-m+fp/hard\libg.a(lib_a-lock.o)
                0x08007740                __retarget_lock_release_recursive
 .text.__ascii_mbtowc
                0x08007744       0x2c d:/gcc-arm-none-eabi-10.3-2021.10-win32/gcc-arm-none-eabi-10.3-2021.10/bin/../lib/gcc/arm-none-eabi/10.3.1/../../../../arm-none-eabi/lib/thumb/v7e-m+fp/hard\libg.a(lib_a-mbtowc_r.o)
                0x08007744                __ascii_mbtowc
 .text._Balloc  0x08007770       0x4c d:/gcc-arm-none-eabi-10.3-2021.10-win32/gcc-arm-none-eabi-10.3-2021.10/bin/../lib/gcc/arm-none-eabi/10.3.1/../../../../arm-none-eabi/lib/thumb/v7e-m+fp/hard\libg.a(lib_a-mprec.o)
                0x08007770                _Balloc
 .text._Bfree   0x080077bc       0x14 d:/gcc-arm-none-eabi-10.3-2021.10-win32/gcc-arm-none-eabi-10.3-2021.10/bin/../lib/gcc/arm-none-eabi/10.3.1/../../../../arm-none-eabi/lib/thumb/v7e-m+fp/hard\libg.a(lib_a-mprec.o)
                0x080077bc                _Bfree
 .text.__multadd
                0x080077d0       0xa8 d:/gcc-arm-none-eabi-10.3-2021.10-win32/gcc-arm-none-eabi-10.3-2021.10/bin/../lib/gcc/arm-none-eabi/10.3.1/../../../../arm-none-eabi/lib/thumb/v7e-m+fp/hard\libg.a(lib_a-mprec.o)
                0x080077d0                __multadd
 .text.__s2b    0x08007878       0xb4 d:/gcc-arm-none-eabi-10.3-2021.10-win32/gcc-arm-none-eabi-10.3-2021.10/bin/../lib/gcc/arm-none-eabi/10.3.1/../../../../arm-none-eabi/lib/thumb/v7e-m+fp/hard\libg.a(lib_a-mprec.o)
                0x08007878                __s2b
 .text.__hi0bits
                0x0800792c       0x40 d:/gcc-arm-none-eabi-10.3-2021.10-win32/gcc-arm-none-eabi-10.3-2021.10/bin/../lib/gcc/arm-none-eabi/10.3.1/../../../../arm-none-eabi/lib/thumb/v7e-m+fp/hard\libg.a(lib_a-mprec.o)
                0x0800792c                __hi0bits
 .text.__lo0bits
                0x0800796c       0x60 d:/gcc-arm-none-eabi-10.3-2021.10-win32/gcc-arm-none-eabi-10.3-2021.10/bin/../lib/gcc/arm-none-eabi/10.3.1/../../../../arm-none-eabi/lib/thumb/v7e-m+fp/hard\libg.a(lib_a-mprec.o)
                0x0800796c                __lo0bits
 .text.__i2b    0x080079cc       0x5c d:/gcc-arm-none-eabi-10.3-2021.10-win32/gcc-arm-none-eabi-10.3-2021.10/bin/../lib/gcc/arm-none-eabi/10.3.1/../../../../arm-none-eabi/lib/thumb/v7e-m+fp/hard\libg.a(lib_a-mprec.o)
                0x080079cc                __i2b
 .text.__multiply
                0x08007a28      0x15c d:/gcc-arm-none-eabi-10.3-2021.10-win32/gcc-arm-none-eabi-10.3-2021.10/bin/../lib/gcc/arm-none-eabi/10.3.1/../../../../arm-none-eabi/lib/thumb/v7e-m+fp/hard\libg.a(lib_a-mprec.o)
                0x08007a28                __multiply
 .text.__pow5mult
                0x08007b84       0xc0 d:/gcc-arm-none-eabi-10.3-2021.10-win32/gcc-arm-none-eabi-10.3-2021.10/bin/../lib/gcc/arm-none-eabi/10.3.1/../../../../arm-none-eabi/lib/thumb/v7e-m+fp/hard\libg.a(lib_a-mprec.o)
                0x08007b84                __pow5mult
 .text.__lshift
                0x08007c44       0xf0 d:/gcc-arm-none-eabi-10.3-2021.10-win32/gcc-arm-none-eabi-10.3-2021.10/bin/../lib/gcc/arm-none-eabi/10.3.1/../../../../arm-none-eabi/lib/thumb/v7e-m+fp/hard\libg.a(lib_a-mprec.o)
                0x08007c44                __lshift
 .text.__mcmp   0x08007d34       0x44 d:/gcc-arm-none-eabi-10.3-2021.10-win32/gcc-arm-none-eabi-10.3-2021.10/bin/../lib/gcc/arm-none-eabi/10.3.1/../../../../arm-none-eabi/lib/thumb/v7e-m+fp/hard\libg.a(lib_a-mprec.o)
                0x08007d34                __mcmp
 .text.__mdiff  0x08007d78      0x14c d:/gcc-arm-none-eabi-10.3-2021.10-win32/gcc-arm-none-eabi-10.3-2021.10/bin/../lib/gcc/arm-none-eabi/10.3.1/../../../../arm-none-eabi/lib/thumb/v7e-m+fp/hard\libg.a(lib_a-mprec.o)
                0x08007d78                __mdiff
 .text.__ulp    0x08007ec4       0x60 d:/gcc-arm-none-eabi-10.3-2021.10-win32/gcc-arm-none-eabi-10.3-2021.10/bin/../lib/gcc/arm-none-eabi/10.3.1/../../../../arm-none-eabi/lib/thumb/v7e-m+fp/hard\libg.a(lib_a-mprec.o)
                0x08007ec4                __ulp
 .text.__b2d    0x08007f24       0xc0 d:/gcc-arm-none-eabi-10.3-2021.10-win32/gcc-arm-none-eabi-10.3-2021.10/bin/../lib/gcc/arm-none-eabi/10.3.1/../../../../arm-none-eabi/lib/thumb/v7e-m+fp/hard\libg.a(lib_a-mprec.o)
                0x08007f24                __b2d
 .text.__d2b    0x08007fe4       0xd0 d:/gcc-arm-none-eabi-10.3-2021.10-win32/gcc-arm-none-eabi-10.3-2021.10/bin/../lib/gcc/arm-none-eabi/10.3.1/../../../../arm-none-eabi/lib/thumb/v7e-m+fp/hard\libg.a(lib_a-mprec.o)
                0x08007fe4                __d2b
 .text.__ratio  0x080080b4       0x5c d:/gcc-arm-none-eabi-10.3-2021.10-win32/gcc-arm-none-eabi-10.3-2021.10/bin/../lib/gcc/arm-none-eabi/10.3.1/../../../../arm-none-eabi/lib/thumb/v7e-m+fp/hard\libg.a(lib_a-mprec.o)
                0x080080b4                __ratio
 .text.__copybits
                0x08008110       0x5c d:/gcc-arm-none-eabi-10.3-2021.10-win32/gcc-arm-none-eabi-10.3-2021.10/bin/../lib/gcc/arm-none-eabi/10.3.1/../../../../arm-none-eabi/lib/thumb/v7e-m+fp/hard\libg.a(lib_a-mprec.o)
                0x08008110                __copybits
 .text.__any_on
                0x0800816c       0x64 d:/gcc-arm-none-eabi-10.3-2021.10-win32/gcc-arm-none-eabi-10.3-2021.10/bin/../lib/gcc/arm-none-eabi/10.3.1/../../../../arm-none-eabi/lib/thumb/v7e-m+fp/hard\libg.a(lib_a-mprec.o)
                0x0800816c                __any_on
 .text.nan      0x080081d0       0x10 d:/gcc-arm-none-eabi-10.3-2021.10-win32/gcc-arm-none-eabi-10.3-2021.10/bin/../lib/gcc/arm-none-eabi/10.3.1/../../../../arm-none-eabi/lib/thumb/v7e-m+fp/hard\libg.a(lib_a-s_nan.o)
                0x080081d0                nan
 .text.nanf     0x080081e0        0xc d:/gcc-arm-none-eabi-10.3-2021.10-win32/gcc-arm-none-eabi-10.3-2021.10/bin/../lib/gcc/arm-none-eabi/10.3.1/../../../../arm-none-eabi/lib/thumb/v7e-m+fp/hard\libg.a(lib_a-sf_nan.o)
                0x080081e0                nanf
 .text.strncmp  0x080081ec       0x80 d:/gcc-arm-none-eabi-10.3-2021.10-win32/gcc-arm-none-eabi-10.3-2021.10/bin/../lib/gcc/arm-none-eabi/10.3.1/../../../../arm-none-eabi/lib/thumb/v7e-m+fp/hard\libg.a(lib_a-strncmp.o)
                0x080081ec                strncmp
 *fill*         0x0800826c        0x4 
 .text._svfprintf_r
                0x08008270     0x1acc d:/gcc-arm-none-eabi-10.3-2021.10-win32/gcc-arm-none-eabi-10.3-2021.10/bin/../lib/gcc/arm-none-eabi/10.3.1/../../../../arm-none-eabi/lib/thumb/v7e-m+fp/hard\libg.a(lib_a-svfprintf.o)
                0x08008270                _svfprintf_r
 .text.__ascii_wctomb
                0x08009d3c       0x1c d:/gcc-arm-none-eabi-10.3-2021.10-win32/gcc-arm-none-eabi-10.3-2021.10/bin/../lib/gcc/arm-none-eabi/10.3.1/../../../../arm-none-eabi/lib/thumb/v7e-m+fp/hard\libg.a(lib_a-wctomb_r.o)
                0x08009d3c                __ascii_wctomb
 .text.__assert_func
                0x08009d58       0x40 d:/gcc-arm-none-eabi-10.3-2021.10-win32/gcc-arm-none-eabi-10.3-2021.10/bin/../lib/gcc/arm-none-eabi/10.3.1/../../../../arm-none-eabi/lib/thumb/v7e-m+fp/hard\libg.a(lib_a-assert.o)
                0x08009d58                __assert_func
 .text._calloc_r
                0x08009d98       0x78 d:/gcc-arm-none-eabi-10.3-2021.10-win32/gcc-arm-none-eabi-10.3-2021.10/bin/../lib/gcc/arm-none-eabi/10.3.1/../../../../arm-none-eabi/lib/thumb/v7e-m+fp/hard\libg.a(lib_a-callocr.o)
                0x08009d98                _calloc_r
 .text.quorem   0x08009e10      0x128 d:/gcc-arm-none-eabi-10.3-2021.10-win32/gcc-arm-none-eabi-10.3-2021.10/bin/../lib/gcc/arm-none-eabi/10.3.1/../../../../arm-none-eabi/lib/thumb/v7e-m+fp/hard\libg.a(lib_a-dtoa.o)
 .text._dtoa_r  0x08009f38      0xf3c d:/gcc-arm-none-eabi-10.3-2021.10-win32/gcc-arm-none-eabi-10.3-2021.10/bin/../lib/gcc/arm-none-eabi/10.3.1/../../../../arm-none-eabi/lib/thumb/v7e-m+fp/hard\libg.a(lib_a-dtoa.o)
                0x08009f38                _dtoa_r
 .text.fiprintf
                0x0800ae74       0x28 d:/gcc-arm-none-eabi-10.3-2021.10-win32/gcc-arm-none-eabi-10.3-2021.10/bin/../lib/gcc/arm-none-eabi/10.3.1/../../../../arm-none-eabi/lib/thumb/v7e-m+fp/hard\libg.a(lib_a-fiprintf.o)
                0x0800ae74                fiprintf
 .text._malloc_trim_r
                0x0800ae9c       0xa0 d:/gcc-arm-none-eabi-10.3-2021.10-win32/gcc-arm-none-eabi-10.3-2021.10/bin/../lib/gcc/arm-none-eabi/10.3.1/../../../../arm-none-eabi/lib/thumb/v7e-m+fp/hard\libg.a(lib_a-freer.o)
                0x0800ae9c                _malloc_trim_r
 .text._free_r  0x0800af3c      0x20c d:/gcc-arm-none-eabi-10.3-2021.10-win32/gcc-arm-none-eabi-10.3-2021.10/bin/../lib/gcc/arm-none-eabi/10.3.1/../../../../arm-none-eabi/lib/thumb/v7e-m+fp/hard\libg.a(lib_a-freer.o)
                0x0800af3c                _free_r
 .text._localeconv_r
                0x0800b148        0x8 d:/gcc-arm-none-eabi-10.3-2021.10-win32/gcc-arm-none-eabi-10.3-2021.10/bin/../lib/gcc/arm-none-eabi/10.3.1/../../../../arm-none-eabi/lib/thumb/v7e-m+fp/hard\libg.a(lib_a-localeconv.o)
                0x0800b148                _localeconv_r
 .text._malloc_r
                0x0800b150      0x560 d:/gcc-arm-none-eabi-10.3-2021.10-win32/gcc-arm-none-eabi-10.3-2021.10/bin/../lib/gcc/arm-none-eabi/10.3.1/../../../../arm-none-eabi/lib/thumb/v7e-m+fp/hard\libg.a(lib_a-mallocr.o)
                0x0800b150                _malloc_r
 .text.__malloc_lock
                0x0800b6b0        0xc d:/gcc-arm-none-eabi-10.3-2021.10-win32/gcc-arm-none-eabi-10.3-2021.10/bin/../lib/gcc/arm-none-eabi/10.3.1/../../../../arm-none-eabi/lib/thumb/v7e-m+fp/hard\libg.a(lib_a-mlock.o)
                0x0800b6b0                __malloc_lock
 .text.__malloc_unlock
                0x0800b6bc        0xc d:/gcc-arm-none-eabi-10.3-2021.10-win32/gcc-arm-none-eabi-10.3-2021.10/bin/../lib/gcc/arm-none-eabi/10.3.1/../../../../arm-none-eabi/lib/thumb/v7e-m+fp/hard\libg.a(lib_a-mlock.o)
                0x0800b6bc                __malloc_unlock
 .text.frexp    0x0800b6c8       0x6c d:/gcc-arm-none-eabi-10.3-2021.10-win32/gcc-arm-none-eabi-10.3-2021.10/bin/../lib/gcc/arm-none-eabi/10.3.1/../../../../arm-none-eabi/lib/thumb/v7e-m+fp/hard\libg.a(lib_a-s_frexp.o)
                0x0800b6c8                frexp
 .text._sbrk_r  0x0800b734       0x24 d:/gcc-arm-none-eabi-10.3-2021.10-win32/gcc-arm-none-eabi-10.3-2021.10/bin/../lib/gcc/arm-none-eabi/10.3.1/../../../../arm-none-eabi/lib/thumb/v7e-m+fp/hard\libg.a(lib_a-sbrkr.o)
                0x0800b734                _sbrk_r
 .text.strncpy  0x0800b758       0x64 d:/gcc-arm-none-eabi-10.3-2021.10-win32/gcc-arm-none-eabi-10.3-2021.10/bin/../lib/gcc/arm-none-eabi/10.3.1/../../../../arm-none-eabi/lib/thumb/v7e-m+fp/hard\libg.a(lib_a-strncpy.o)
                0x0800b758                strncpy
 .text.__ssprint_r
                0x0800b7bc       0xf8 d:/gcc-arm-none-eabi-10.3-2021.10-win32/gcc-arm-none-eabi-10.3-2021.10/bin/../lib/gcc/arm-none-eabi/10.3.1/../../../../arm-none-eabi/lib/thumb/v7e-m+fp/hard\libg.a(lib_a-svfiprintf.o)
                0x0800b7bc                __ssprint_r
 .text.__sprint_r.part.0
                0x0800b8b4       0x78 d:/gcc-arm-none-eabi-10.3-2021.10-win32/gcc-arm-none-eabi-10.3-2021.10/bin/../lib/gcc/arm-none-eabi/10.3.1/../../../../arm-none-eabi/lib/thumb/v7e-m+fp/hard\libg.a(lib_a-vfiprintf.o)
 .text._vfiprintf_r
                0x0800b92c      0xdfc d:/gcc-arm-none-eabi-10.3-2021.10-win32/gcc-arm-none-eabi-10.3-2021.10/bin/../lib/gcc/arm-none-eabi/10.3.1/../../../../arm-none-eabi/lib/thumb/v7e-m+fp/hard\libg.a(lib_a-vfiprintf.o)
                0x0800b92c                _vfiprintf_r
 .text.__sbprintf
                0x0800c728       0x80 d:/gcc-arm-none-eabi-10.3-2021.10-win32/gcc-arm-none-eabi-10.3-2021.10/bin/../lib/gcc/arm-none-eabi/10.3.1/../../../../arm-none-eabi/lib/thumb/v7e-m+fp/hard\libg.a(lib_a-vfiprintf.o)
 .text.__swsetup_r
                0x0800c7a8       0xd4 d:/gcc-arm-none-eabi-10.3-2021.10-win32/gcc-arm-none-eabi-10.3-2021.10/bin/../lib/gcc/arm-none-eabi/10.3.1/../../../../arm-none-eabi/lib/thumb/v7e-m+fp/hard\libg.a(lib_a-wsetup.o)
                0x0800c7a8                __swsetup_r
 .text.abort    0x0800c87c       0x10 d:/gcc-arm-none-eabi-10.3-2021.10-win32/gcc-arm-none-eabi-10.3-2021.10/bin/../lib/gcc/arm-none-eabi/10.3.1/../../../../arm-none-eabi/lib/thumb/v7e-m+fp/hard\libg.a(lib_a-abort.o)
                0x0800c87c                abort
 .text.__sflush_r
                0x0800c88c      0x130 d:/gcc-arm-none-eabi-10.3-2021.10-win32/gcc-arm-none-eabi-10.3-2021.10/bin/../lib/gcc/arm-none-eabi/10.3.1/../../../../arm-none-eabi/lib/thumb/v7e-m+fp/hard\libg.a(lib_a-fflush.o)
                0x0800c88c                __sflush_r
 .text._fflush_r
                0x0800c9bc       0x5c d:/gcc-arm-none-eabi-10.3-2021.10-win32/gcc-arm-none-eabi-10.3-2021.10/bin/../lib/gcc/arm-none-eabi/10.3.1/../../../../arm-none-eabi/lib/thumb/v7e-m+fp/hard\libg.a(lib_a-fflush.o)
                0x0800c9bc                _fflush_r
 .text._cleanup_r
                0x0800ca18        0xc d:/gcc-arm-none-eabi-10.3-2021.10-win32/gcc-arm-none-eabi-10.3-2021.10/bin/../lib/gcc/arm-none-eabi/10.3.1/../../../../arm-none-eabi/lib/thumb/v7e-m+fp/hard\libg.a(lib_a-findfp.o)
                0x0800ca18                _cleanup_r
 .text.__sinit  0x0800ca24      0x10c d:/gcc-arm-none-eabi-10.3-2021.10-win32/gcc-arm-none-eabi-10.3-2021.10/bin/../lib/gcc/arm-none-eabi/10.3.1/../../../../arm-none-eabi/lib/thumb/v7e-m+fp/hard\libg.a(lib_a-findfp.o)
                0x0800ca24                __sinit
 .text.__sfp_lock_acquire
                0x0800cb30        0xc d:/gcc-arm-none-eabi-10.3-2021.10-win32/gcc-arm-none-eabi-10.3-2021.10/bin/../lib/gcc/arm-none-eabi/10.3.1/../../../../arm-none-eabi/lib/thumb/v7e-m+fp/hard\libg.a(lib_a-findfp.o)
                0x0800cb30                __sfp_lock_acquire
 .text.__sfp_lock_release
                0x0800cb3c        0xc d:/gcc-arm-none-eabi-10.3-2021.10-win32/gcc-arm-none-eabi-10.3-2021.10/bin/../lib/gcc/arm-none-eabi/10.3.1/../../../../arm-none-eabi/lib/thumb/v7e-m+fp/hard\libg.a(lib_a-findfp.o)
                0x0800cb3c                __sfp_lock_release
 .text.__fputwc
                0x0800cb48       0xa8 d:/gcc-arm-none-eabi-10.3-2021.10-win32/gcc-arm-none-eabi-10.3-2021.10/bin/../lib/gcc/arm-none-eabi/10.3.1/../../../../arm-none-eabi/lib/thumb/v7e-m+fp/hard\libg.a(lib_a-fputwc.o)
                0x0800cb48                __fputwc
 .text._fputwc_r
                0x0800cbf0       0x68 d:/gcc-arm-none-eabi-10.3-2021.10-win32/gcc-arm-none-eabi-10.3-2021.10/bin/../lib/gcc/arm-none-eabi/10.3.1/../../../../arm-none-eabi/lib/thumb/v7e-m+fp/hard\libg.a(lib_a-fputwc.o)
                0x0800cbf0                _fputwc_r
 .text.__sfvwrite_r
                0x0800cc58      0x2f0 d:/gcc-arm-none-eabi-10.3-2021.10-win32/gcc-arm-none-eabi-10.3-2021.10/bin/../lib/gcc/arm-none-eabi/10.3.1/../../../../arm-none-eabi/lib/thumb/v7e-m+fp/hard\libg.a(lib_a-fvwrite.o)
                0x0800cc58                __sfvwrite_r
 .text._fwalk_reent
                0x0800cf48       0x48 d:/gcc-arm-none-eabi-10.3-2021.10-win32/gcc-arm-none-eabi-10.3-2021.10/bin/../lib/gcc/arm-none-eabi/10.3.1/../../../../arm-none-eabi/lib/thumb/v7e-m+fp/hard\libg.a(lib_a-fwalk.o)
                0x0800cf48                _fwalk_reent
 .text.__smakebuf_r
                0x0800cf90       0xe0 d:/gcc-arm-none-eabi-10.3-2021.10-win32/gcc-arm-none-eabi-10.3-2021.10/bin/../lib/gcc/arm-none-eabi/10.3.1/../../../../arm-none-eabi/lib/thumb/v7e-m+fp/hard\libg.a(lib_a-makebuf.o)
                0x0800cf90                __smakebuf_r
 .text.memmove  0x0800d070       0xf8 d:/gcc-arm-none-eabi-10.3-2021.10-win32/gcc-arm-none-eabi-10.3-2021.10/bin/../lib/gcc/arm-none-eabi/10.3.1/../../../../arm-none-eabi/lib/thumb/v7e-m+fp/hard\libg.a(lib_a-memmove.o)
                0x0800d070                memmove
 .text._realloc_r
                0x0800d168      0x3d8 d:/gcc-arm-none-eabi-10.3-2021.10-win32/gcc-arm-none-eabi-10.3-2021.10/bin/../lib/gcc/arm-none-eabi/10.3.1/../../../../arm-none-eabi/lib/thumb/v7e-m+fp/hard\libg.a(lib_a-reallocr.o)
                0x0800d168                _realloc_r
 .text.raise    0x0800d540       0x5c d:/gcc-arm-none-eabi-10.3-2021.10-win32/gcc-arm-none-eabi-10.3-2021.10/bin/../lib/gcc/arm-none-eabi/10.3.1/../../../../arm-none-eabi/lib/thumb/v7e-m+fp/hard\libg.a(lib_a-signal.o)
                0x0800d540                raise
 .text._kill_r  0x0800d59c       0x2c d:/gcc-arm-none-eabi-10.3-2021.10-win32/gcc-arm-none-eabi-10.3-2021.10/bin/../lib/gcc/arm-none-eabi/10.3.1/../../../../arm-none-eabi/lib/thumb/v7e-m+fp/hard\libg.a(lib_a-signalr.o)
                0x0800d59c                _kill_r
 .text._getpid_r
                0x0800d5c8        0x4 d:/gcc-arm-none-eabi-10.3-2021.10-win32/gcc-arm-none-eabi-10.3-2021.10/bin/../lib/gcc/arm-none-eabi/10.3.1/../../../../arm-none-eabi/lib/thumb/v7e-m+fp/hard\libg.a(lib_a-signalr.o)
                0x0800d5c8                _getpid_r
 .text.__sread  0x0800d5cc       0x24 d:/gcc-arm-none-eabi-10.3-2021.10-win32/gcc-arm-none-eabi-10.3-2021.10/bin/../lib/gcc/arm-none-eabi/10.3.1/../../../../arm-none-eabi/lib/thumb/v7e-m+fp/hard\libg.a(lib_a-stdio.o)
                0x0800d5cc                __sread
 .text.__swrite
                0x0800d5f0       0x40 d:/gcc-arm-none-eabi-10.3-2021.10-win32/gcc-arm-none-eabi-10.3-2021.10/bin/../lib/gcc/arm-none-eabi/10.3.1/../../../../arm-none-eabi/lib/thumb/v7e-m+fp/hard\libg.a(lib_a-stdio.o)
                0x0800d5f0                __swrite
 .text.__sseek  0x0800d630       0x20 d:/gcc-arm-none-eabi-10.3-2021.10-win32/gcc-arm-none-eabi-10.3-2021.10/bin/../lib/gcc/arm-none-eabi/10.3.1/../../../../arm-none-eabi/lib/thumb/v7e-m+fp/hard\libg.a(lib_a-stdio.o)
                0x0800d630                __sseek
 .text.__sclose
                0x0800d650        0x8 d:/gcc-arm-none-eabi-10.3-2021.10-win32/gcc-arm-none-eabi-10.3-2021.10/bin/../lib/gcc/arm-none-eabi/10.3.1/../../../../arm-none-eabi/lib/thumb/v7e-m+fp/hard\libg.a(lib_a-stdio.o)
                0x0800d650                __sclose
 .text.__swbuf_r
                0x0800d658       0xb0 d:/gcc-arm-none-eabi-10.3-2021.10-win32/gcc-arm-none-eabi-10.3-2021.10/bin/../lib/gcc/arm-none-eabi/10.3.1/../../../../arm-none-eabi/lib/thumb/v7e-m+fp/hard\libg.a(lib_a-wbuf.o)
                0x0800d658                __swbuf_r
 .text._wcrtomb_r
                0x0800d708       0x3c d:/gcc-arm-none-eabi-10.3-2021.10-win32/gcc-arm-none-eabi-10.3-2021.10/bin/../lib/gcc/arm-none-eabi/10.3.1/../../../../arm-none-eabi/lib/thumb/v7e-m+fp/hard\libg.a(lib_a-wcrtomb.o)
                0x0800d708                _wcrtomb_r
 .text._write_r
                0x0800d744       0x2c d:/gcc-arm-none-eabi-10.3-2021.10-win32/gcc-arm-none-eabi-10.3-2021.10/bin/../lib/gcc/arm-none-eabi/10.3.1/../../../../arm-none-eabi/lib/thumb/v7e-m+fp/hard\libg.a(lib_a-writer.o)
                0x0800d744                _write_r
 .text._close_r
                0x0800d770       0x24 d:/gcc-arm-none-eabi-10.3-2021.10-win32/gcc-arm-none-eabi-10.3-2021.10/bin/../lib/gcc/arm-none-eabi/10.3.1/../../../../arm-none-eabi/lib/thumb/v7e-m+fp/hard\libg.a(lib_a-closer.o)
                0x0800d770                _close_r
 .text._fclose_r
                0x0800d794       0xcc d:/gcc-arm-none-eabi-10.3-2021.10-win32/gcc-arm-none-eabi-10.3-2021.10/bin/../lib/gcc/arm-none-eabi/10.3.1/../../../../arm-none-eabi/lib/thumb/v7e-m+fp/hard\libg.a(lib_a-fclose.o)
                0x0800d794                _fclose_r
 .text._fstat_r
                0x0800d860       0x2c d:/gcc-arm-none-eabi-10.3-2021.10-win32/gcc-arm-none-eabi-10.3-2021.10/bin/../lib/gcc/arm-none-eabi/10.3.1/../../../../arm-none-eabi/lib/thumb/v7e-m+fp/hard\libg.a(lib_a-fstatr.o)
                0x0800d860                _fstat_r
 .text._isatty_r
                0x0800d88c       0x24 d:/gcc-arm-none-eabi-10.3-2021.10-win32/gcc-arm-none-eabi-10.3-2021.10/bin/../lib/gcc/arm-none-eabi/10.3.1/../../../../arm-none-eabi/lib/thumb/v7e-m+fp/hard\libg.a(lib_a-isattyr.o)
                0x0800d88c                _isatty_r
 .text._lseek_r
                0x0800d8b0       0x2c d:/gcc-arm-none-eabi-10.3-2021.10-win32/gcc-arm-none-eabi-10.3-2021.10/bin/../lib/gcc/arm-none-eabi/10.3.1/../../../../arm-none-eabi/lib/thumb/v7e-m+fp/hard\libg.a(lib_a-lseekr.o)
                0x0800d8b0                _lseek_r
 .text._read_r  0x0800d8dc       0x2c d:/gcc-arm-none-eabi-10.3-2021.10-win32/gcc-arm-none-eabi-10.3-2021.10/bin/../lib/gcc/arm-none-eabi/10.3.1/../../../../arm-none-eabi/lib/thumb/v7e-m+fp/hard\libg.a(lib_a-readr.o)
                0x0800d8dc                _read_r
 *(.glue_7)
 .glue_7        0x0800d908        0x0 linker stubs
 *(.glue_7t)
 .glue_7t       0x0800d908        0x0 linker stubs
 *(.eh_frame)
 *(.init)
 .init          0x0800d908        0x4 d:/gcc-arm-none-eabi-10.3-2021.10-win32/gcc-arm-none-eabi-10.3-2021.10/bin/../lib/gcc/arm-none-eabi/10.3.1/thumb/v7e-m+fp/hard/crti.o
                0x0800d908                _init
 .init          0x0800d90c        0x8 d:/gcc-arm-none-eabi-10.3-2021.10-win32/gcc-arm-none-eabi-10.3-2021.10/bin/../lib/gcc/arm-none-eabi/10.3.1/thumb/v7e-m+fp/hard/crtn.o
 *(.fini)
 .fini          0x0800d914        0x4 d:/gcc-arm-none-eabi-10.3-2021.10-win32/gcc-arm-none-eabi-10.3-2021.10/bin/../lib/gcc/arm-none-eabi/10.3.1/thumb/v7e-m+fp/hard/crti.o
                0x0800d914                _fini
 .fini          0x0800d918        0x8 d:/gcc-arm-none-eabi-10.3-2021.10-win32/gcc-arm-none-eabi-10.3-2021.10/bin/../lib/gcc/arm-none-eabi/10.3.1/thumb/v7e-m+fp/hard/crtn.o
                0x0800d920                . = ALIGN (0x4)
                0x0800d920                _etext = .

.vfp11_veneer   0x0800d920        0x0
 .vfp11_veneer  0x0800d920        0x0 linker stubs

.v4_bx          0x0800d920        0x0
 .v4_bx         0x0800d920        0x0 linker stubs

.iplt           0x0800d920        0x0
 .iplt          0x0800d920        0x0 CMakeFiles/RC2025.elf.dir/Application/pid_task.c.obj

.rodata         0x0800d920      0x69c
                0x0800d920                . = ALIGN (0x4)
 *(.rodata)
 *(.rodata*)
 .rodata.pid_task0.str1.4
                0x0800d920        0xe CMakeFiles/RC2025.elf.dir/Application/pid_task.c.obj
 *fill*         0x0800d92e        0x2 
 .rodata.CAN_Filter_Init.str1.4
                0x0800d930        0xa CMakeFiles/RC2025.elf.dir/BSP/drv_can.c.obj
 *fill*         0x0800d93a        0x2 
 .rodata.str1.4
                0x0800d93c       0x14 CMakeFiles/RC2025.elf.dir/Core/Src/freertos.c.obj
 .rodata.PidTask_attributes
                0x0800d950       0x24 CMakeFiles/RC2025.elf.dir/Core/Src/freertos.c.obj
                0x0800d950                PidTask_attributes
 .rodata.defaultTask_attributes
                0x0800d974       0x24 CMakeFiles/RC2025.elf.dir/Core/Src/freertos.c.obj
                0x0800d974                defaultTask_attributes
 .rodata.AHBPrescTable
                0x0800d998       0x10 CMakeFiles/RC2025.elf.dir/Core/Src/system_stm32f4xx.c.obj
                0x0800d998                AHBPrescTable
 .rodata.APBPrescTable
                0x0800d9a8        0x8 CMakeFiles/RC2025.elf.dir/Core/Src/system_stm32f4xx.c.obj
                0x0800d9a8                APBPrescTable
 .rodata.flagBitshiftOffset.0
                0x0800d9b0        0x8 CMakeFiles/RC2025.elf.dir/Drivers/STM32F4xx_HAL_Driver/Src/stm32f4xx_hal_dma.c.obj
 .rodata.vTaskStartScheduler.str1.4
                0x0800d9b8        0x5 CMakeFiles/RC2025.elf.dir/Middlewares/Third_Party/FreeRTOS/Source/tasks.c.obj
 *fill*         0x0800d9bd        0x3 
 .rodata.prvCheckForValidListAndQueue.str1.4
                0x0800d9c0        0x5 CMakeFiles/RC2025.elf.dir/Middlewares/Third_Party/FreeRTOS/Source/timers.c.obj
 *fill*         0x0800d9c5        0x3 
 .rodata.xTimerCreateTimerTask.str1.4
                0x0800d9c8        0x8 CMakeFiles/RC2025.elf.dir/Middlewares/Third_Party/FreeRTOS/Source/timers.c.obj
 .rodata._strtod_l.str1.4
                0x0800d9d0        0xf d:/gcc-arm-none-eabi-10.3-2021.10-win32/gcc-arm-none-eabi-10.3-2021.10/bin/../lib/gcc/arm-none-eabi/10.3.1/../../../../arm-none-eabi/lib/thumb/v7e-m+fp/hard\libg.a(lib_a-strtod.o)
                                 0x11 (size before relaxing)
 *fill*         0x0800d9df        0x1 
 .rodata.fpi.1  0x0800d9e0       0x14 d:/gcc-arm-none-eabi-10.3-2021.10-win32/gcc-arm-none-eabi-10.3-2021.10/bin/../lib/gcc/arm-none-eabi/10.3.1/../../../../arm-none-eabi/lib/thumb/v7e-m+fp/hard\libg.a(lib_a-strtod.o)
 .rodata.fpinan.0
                0x0800d9f4       0x14 d:/gcc-arm-none-eabi-10.3-2021.10-win32/gcc-arm-none-eabi-10.3-2021.10/bin/../lib/gcc/arm-none-eabi/10.3.1/../../../../arm-none-eabi/lib/thumb/v7e-m+fp/hard\libg.a(lib_a-strtod.o)
 .rodata.tinytens
                0x0800da08       0x28 d:/gcc-arm-none-eabi-10.3-2021.10-win32/gcc-arm-none-eabi-10.3-2021.10/bin/../lib/gcc/arm-none-eabi/10.3.1/../../../../arm-none-eabi/lib/thumb/v7e-m+fp/hard\libg.a(lib_a-strtod.o)
 .rodata.__gethex.str1.4
                0x0800da30       0x9a d:/gcc-arm-none-eabi-10.3-2021.10-win32/gcc-arm-none-eabi-10.3-2021.10/bin/../lib/gcc/arm-none-eabi/10.3.1/../../../../arm-none-eabi/lib/thumb/v7e-m+fp/hard\libg.a(lib_a-gdtoa-gethex.o)
 *fill*         0x0800daca        0x2 
 .rodata.__hexdig
                0x0800dacc      0x100 d:/gcc-arm-none-eabi-10.3-2021.10-win32/gcc-arm-none-eabi-10.3-2021.10/bin/../lib/gcc/arm-none-eabi/10.3.1/../../../../arm-none-eabi/lib/thumb/v7e-m+fp/hard\libg.a(lib_a-gdtoa-gethex.o)
                0x0800dacc                __hexdig
 .rodata.str1.4
                0x0800dbcc        0x2 d:/gcc-arm-none-eabi-10.3-2021.10-win32/gcc-arm-none-eabi-10.3-2021.10/bin/../lib/gcc/arm-none-eabi/10.3.1/../../../../arm-none-eabi/lib/thumb/v7e-m+fp/hard\libg.a(lib_a-lnumeric.o)
                                  0x5 (size before relaxing)
 *fill*         0x0800dbce        0x2 
 .rodata._C_numeric_locale
                0x0800dbd0        0xc d:/gcc-arm-none-eabi-10.3-2021.10-win32/gcc-arm-none-eabi-10.3-2021.10/bin/../lib/gcc/arm-none-eabi/10.3.1/../../../../arm-none-eabi/lib/thumb/v7e-m+fp/hard\libg.a(lib_a-lnumeric.o)
                0x0800dbd0                _C_numeric_locale
 .rodata._setlocale_r.str1.4
                0x0800dbdc        0xa d:/gcc-arm-none-eabi-10.3-2021.10-win32/gcc-arm-none-eabi-10.3-2021.10/bin/../lib/gcc/arm-none-eabi/10.3.1/../../../../arm-none-eabi/lib/thumb/v7e-m+fp/hard\libg.a(lib_a-locale.o)
                                  0xd (size before relaxing)
 .rodata.str1.4
                0x0800dbe6        0x2 d:/gcc-arm-none-eabi-10.3-2021.10-win32/gcc-arm-none-eabi-10.3-2021.10/bin/../lib/gcc/arm-none-eabi/10.3.1/../../../../arm-none-eabi/lib/thumb/v7e-m+fp/hard\libg.a(lib_a-locale.o)
 *fill*         0x0800dbe6        0x2 
 .rodata.__multadd.str1.4
                0x0800dbe8       0x7f d:/gcc-arm-none-eabi-10.3-2021.10-win32/gcc-arm-none-eabi-10.3-2021.10/bin/../lib/gcc/arm-none-eabi/10.3.1/../../../../arm-none-eabi/lib/thumb/v7e-m+fp/hard\libg.a(lib_a-mprec.o)
                                 0x93 (size before relaxing)
 *fill*         0x0800dc67        0x1 
 .rodata.__mprec_bigtens
                0x0800dc68       0x28 d:/gcc-arm-none-eabi-10.3-2021.10-win32/gcc-arm-none-eabi-10.3-2021.10/bin/../lib/gcc/arm-none-eabi/10.3.1/../../../../arm-none-eabi/lib/thumb/v7e-m+fp/hard\libg.a(lib_a-mprec.o)
                0x0800dc68                __mprec_bigtens
 .rodata.__mprec_tens
                0x0800dc90       0xc8 d:/gcc-arm-none-eabi-10.3-2021.10-win32/gcc-arm-none-eabi-10.3-2021.10/bin/../lib/gcc/arm-none-eabi/10.3.1/../../../../arm-none-eabi/lib/thumb/v7e-m+fp/hard\libg.a(lib_a-mprec.o)
                0x0800dc90                __mprec_tens
 .rodata.p05.0  0x0800dd58        0xc d:/gcc-arm-none-eabi-10.3-2021.10-win32/gcc-arm-none-eabi-10.3-2021.10/bin/../lib/gcc/arm-none-eabi/10.3.1/../../../../arm-none-eabi/lib/thumb/v7e-m+fp/hard\libg.a(lib_a-mprec.o)
 .rodata._svfprintf_r.str1.4
                0x0800dd64       0x42 d:/gcc-arm-none-eabi-10.3-2021.10-win32/gcc-arm-none-eabi-10.3-2021.10/bin/../lib/gcc/arm-none-eabi/10.3.1/../../../../arm-none-eabi/lib/thumb/v7e-m+fp/hard\libg.a(lib_a-svfprintf.o)
 *fill*         0x0800dda6        0x2 
 .rodata.blanks.1
                0x0800dda8       0x10 d:/gcc-arm-none-eabi-10.3-2021.10-win32/gcc-arm-none-eabi-10.3-2021.10/bin/../lib/gcc/arm-none-eabi/10.3.1/../../../../arm-none-eabi/lib/thumb/v7e-m+fp/hard\libg.a(lib_a-svfprintf.o)
 .rodata.zeroes.0
                0x0800ddb8       0x10 d:/gcc-arm-none-eabi-10.3-2021.10-win32/gcc-arm-none-eabi-10.3-2021.10/bin/../lib/gcc/arm-none-eabi/10.3.1/../../../../arm-none-eabi/lib/thumb/v7e-m+fp/hard\libg.a(lib_a-svfprintf.o)
 .rodata.__assert_func.str1.4
                0x0800ddc8       0x3f d:/gcc-arm-none-eabi-10.3-2021.10-win32/gcc-arm-none-eabi-10.3-2021.10/bin/../lib/gcc/arm-none-eabi/10.3.1/../../../../arm-none-eabi/lib/thumb/v7e-m+fp/hard\libg.a(lib_a-assert.o)
                                 0x43 (size before relaxing)
 *fill*         0x0800de07        0x1 
 .rodata._ctype_
                0x0800de08      0x101 d:/gcc-arm-none-eabi-10.3-2021.10-win32/gcc-arm-none-eabi-10.3-2021.10/bin/../lib/gcc/arm-none-eabi/10.3.1/../../../../arm-none-eabi/lib/thumb/v7e-m+fp/hard\libg.a(lib_a-ctype_.o)
                0x0800de08                _ctype_
 *fill*         0x0800df09        0x3 
 .rodata._dtoa_r.str1.4
                0x0800df0c       0x8e d:/gcc-arm-none-eabi-10.3-2021.10-win32/gcc-arm-none-eabi-10.3-2021.10/bin/../lib/gcc/arm-none-eabi/10.3.1/../../../../arm-none-eabi/lib/thumb/v7e-m+fp/hard\libg.a(lib_a-dtoa.o)
                                 0xa6 (size before relaxing)
 .rodata._vfiprintf_r.str1.4
                0x0800df9a       0x2f d:/gcc-arm-none-eabi-10.3-2021.10-win32/gcc-arm-none-eabi-10.3-2021.10/bin/../lib/gcc/arm-none-eabi/10.3.1/../../../../arm-none-eabi/lib/thumb/v7e-m+fp/hard\libg.a(lib_a-vfiprintf.o)
 *fill*         0x0800df9a        0x2 
 .rodata.blanks.1
                0x0800df9c       0x10 d:/gcc-arm-none-eabi-10.3-2021.10-win32/gcc-arm-none-eabi-10.3-2021.10/bin/../lib/gcc/arm-none-eabi/10.3.1/../../../../arm-none-eabi/lib/thumb/v7e-m+fp/hard\libg.a(lib_a-vfiprintf.o)
 .rodata.zeroes.0
                0x0800dfac       0x10 d:/gcc-arm-none-eabi-10.3-2021.10-win32/gcc-arm-none-eabi-10.3-2021.10/bin/../lib/gcc/arm-none-eabi/10.3.1/../../../../arm-none-eabi/lib/thumb/v7e-m+fp/hard\libg.a(lib_a-vfiprintf.o)
                0x0800dfbc                . = ALIGN (0x4)
                0x0800dfc4                _sidata = LOADADDR (.data)

.ARM.exidx      0x0800dfbc        0x8
 .ARM.exidx     0x0800dfbc        0x8 d:/gcc-arm-none-eabi-10.3-2021.10-win32/gcc-arm-none-eabi-10.3-2021.10/bin/../lib/gcc/arm-none-eabi/10.3.1/thumb/v7e-m+fp/hard\libgcc.a(_udivmoddi4.o)

.rel.dyn        0x0800dfc4        0x0
 .rel.iplt      0x0800dfc4        0x0 CMakeFiles/RC2025.elf.dir/Application/pid_task.c.obj

.data           0x20000000      0x9c0 load address 0x0800dfc4
                0x20000000                . = ALIGN (0x4)
                0x20000000                _sdata = .
 *(.data)
 *(.data*)
 .data.SystemCoreClock
                0x20000000        0x4 CMakeFiles/RC2025.elf.dir/Core/Src/system_stm32f4xx.c.obj
                0x20000000                SystemCoreClock
 .data.uwTickFreq
                0x20000004        0x1 CMakeFiles/RC2025.elf.dir/Drivers/STM32F4xx_HAL_Driver/Src/stm32f4xx_hal.c.obj
                0x20000004                uwTickFreq
 *fill*         0x20000005        0x3 
 .data.uwTickPrio
                0x20000008        0x4 CMakeFiles/RC2025.elf.dir/Drivers/STM32F4xx_HAL_Driver/Src/stm32f4xx_hal.c.obj
                0x20000008                uwTickPrio
 .data.uxCriticalNesting
                0x2000000c        0x4 CMakeFiles/RC2025.elf.dir/Middlewares/Third_Party/FreeRTOS/Source/portable/GCC/ARM_CM4F/port.c.obj
 .data._impure_ptr
                0x20000010        0x4 d:/gcc-arm-none-eabi-10.3-2021.10-win32/gcc-arm-none-eabi-10.3-2021.10/bin/../lib/gcc/arm-none-eabi/10.3.1/../../../../arm-none-eabi/lib/thumb/v7e-m+fp/hard\libg.a(lib_a-impure.o)
                0x20000010                _impure_ptr
 *fill*         0x20000014        0x4 
 .data.impure_data
                0x20000018      0x428 d:/gcc-arm-none-eabi-10.3-2021.10-win32/gcc-arm-none-eabi-10.3-2021.10/bin/../lib/gcc/arm-none-eabi/10.3.1/../../../../arm-none-eabi/lib/thumb/v7e-m+fp/hard\libg.a(lib_a-impure.o)
 .data.numempty
                0x20000440        0x2 d:/gcc-arm-none-eabi-10.3-2021.10-win32/gcc-arm-none-eabi-10.3-2021.10/bin/../lib/gcc/arm-none-eabi/10.3.1/../../../../arm-none-eabi/lib/thumb/v7e-m+fp/hard\libg.a(lib_a-lnumeric.o)
 *fill*         0x20000442        0x2 
 .data.__global_locale
                0x20000444      0x16c d:/gcc-arm-none-eabi-10.3-2021.10-win32/gcc-arm-none-eabi-10.3-2021.10/bin/../lib/gcc/arm-none-eabi/10.3.1/../../../../arm-none-eabi/lib/thumb/v7e-m+fp/hard\libg.a(lib_a-locale.o)
                0x20000444                __global_locale
 .data.__malloc_av_
                0x200005b0      0x408 d:/gcc-arm-none-eabi-10.3-2021.10-win32/gcc-arm-none-eabi-10.3-2021.10/bin/../lib/gcc/arm-none-eabi/10.3.1/../../../../arm-none-eabi/lib/thumb/v7e-m+fp/hard\libg.a(lib_a-mallocr.o)
                0x200005b0                __malloc_av_
 .data.__malloc_sbrk_base
                0x200009b8        0x4 d:/gcc-arm-none-eabi-10.3-2021.10-win32/gcc-arm-none-eabi-10.3-2021.10/bin/../lib/gcc/arm-none-eabi/10.3.1/../../../../arm-none-eabi/lib/thumb/v7e-m+fp/hard\libg.a(lib_a-mallocr.o)
                0x200009b8                __malloc_sbrk_base
 .data.__malloc_trim_threshold
                0x200009bc        0x4 d:/gcc-arm-none-eabi-10.3-2021.10-win32/gcc-arm-none-eabi-10.3-2021.10/bin/../lib/gcc/arm-none-eabi/10.3.1/../../../../arm-none-eabi/lib/thumb/v7e-m+fp/hard\libg.a(lib_a-mallocr.o)
                0x200009bc                __malloc_trim_threshold
 *(.RamFunc)
 *(.RamFunc*)
                0x200009c0                . = ALIGN (0x4)
                0x200009c0                _edata = .
                0x0800e984                _siccmram = LOADADDR (.ccmram)

.igot.plt       0x200009c0        0x0 load address 0x0800e984
 .igot.plt      0x200009c0        0x0 CMakeFiles/RC2025.elf.dir/Application/pid_task.c.obj

.ccmram         0x10000000        0x0 load address 0x0800e984
                0x10000000                . = ALIGN (0x4)
                0x10000000                _sccmram = .
 *(.ccmram)
 *(.ccmram*)
                0x10000000                . = ALIGN (0x4)
                0x10000000                _eccmram = .
                0x10000000                . = ALIGN (0x4)

.bss            0x200009c0     0x53f4
                0x200009c0                _sbss = .
                0x200009c0                __bss_start__ = _sbss
 *(.bss)
 *(.bss*)
 .bss.angle     0x200009c0        0x4 CMakeFiles/RC2025.elf.dir/Application/pid_task.c.obj
                0x200009c0                angle
 .bss.cascade_printf
                0x200009c4        0x4 CMakeFiles/RC2025.elf.dir/Application/pid_task.c.obj
                0x200009c4                cascade_printf
 .bss.speed     0x200009c8        0x2 CMakeFiles/RC2025.elf.dir/Application/pid_task.c.obj
                0x200009c8                speed
 *fill*         0x200009ca        0x2 
 .bss.Motor1    0x200009cc       0x18 CMakeFiles/RC2025.elf.dir/BSP/drv_can.c.obj
                0x200009cc                Motor1
 .bss.Motor2    0x200009e4       0x18 CMakeFiles/RC2025.elf.dir/BSP/drv_can.c.obj
                0x200009e4                Motor2
 .bss.Motor3    0x200009fc       0x18 CMakeFiles/RC2025.elf.dir/BSP/drv_can.c.obj
                0x200009fc                Motor3
 .bss.Motor4    0x20000a14       0x18 CMakeFiles/RC2025.elf.dir/BSP/drv_can.c.obj
                0x20000a14                Motor4
 .bss.angle_last
                0x20000a2c        0x4 CMakeFiles/RC2025.elf.dir/BSP/drv_can.c.obj
                0x20000a2c                angle_last
 .bss.rotate_times
                0x20000a30        0x4 CMakeFiles/RC2025.elf.dir/BSP/drv_can.c.obj
                0x20000a30                rotate_times
 .bss.hcan1     0x20000a34       0x28 CMakeFiles/RC2025.elf.dir/Core/Src/can.c.obj
                0x20000a34                hcan1
 .bss.PidTaskHandle
                0x20000a5c        0x4 CMakeFiles/RC2025.elf.dir/Core/Src/freertos.c.obj
                0x20000a5c                PidTaskHandle
 .bss.defaultTaskHandle
                0x20000a60        0x4 CMakeFiles/RC2025.elf.dir/Core/Src/freertos.c.obj
                0x20000a60                defaultTaskHandle
 .bss.__sbrk_heap_end
                0x20000a64        0x4 CMakeFiles/RC2025.elf.dir/Core/Src/sysmem.c.obj
 .bss.hdma_usart1_rx
                0x20000a68       0x60 CMakeFiles/RC2025.elf.dir/Core/Src/usart.c.obj
                0x20000a68                hdma_usart1_rx
 .bss.hdma_usart1_tx